10 15
[[..g..gg.g.gg...][ggg.ggg.g.ggg.g][.g..ggg...ggg..][..g..g..g.gg.gg][...gg.........g][ggg.g.g.gg.g..g][g..g.g..g..gggg][.g.ggggg.g....g][g...g....gg...g][gg.g.gggg.g.ggg]], 
[[gg..g.g.g.gg...][.gg.ggg.g.ggg.g][.g.g.gg..g.gg..][.g..g..g..gg.gg][g.g.g........g.][.gg.g.g.gg.g.g.][g.g..g.g..g.ggg][.g.ggggg.g...g.][g..g....g.g..g.][gg.g.gggg.g.ggg]], 
[[rg.g..g.g.gg...][.gg.ggg.g.ggg.g][g..g.gg.g..gg..][g..g..g..g.g.gg][g.g.g.......g..][.gg.g.g.gg.g.g.][g.g.g..g.g..ggg][.g.ggggg.g..g..][g.g....g..g.g..][gg.g.gggg.g.ggg]], 
[[r.gg.g..g.gg...][.gg.ggg.g.ggg.g][r.g..gg.g.g.g..][g.g..g..g..g.gg][g.g.g......g...][.gg.g.g.gg.g.g.][g.g.g.g..g.g.gg][.g.ggggg.g.g...][g.g...g..g..g..][gg.g.gggg.g.ggg]], 
[[r.rg.g.g..gg...][.rg.ggg.g.ggg.g][r.g.g.g.g.g.g..][.gg.g..g..g..gg][g.g.g.....g....][.gg.g.g.gg.g.g.][g.g.g.g.g..g.gg][.g.ggggg.g.g...][g.g..g..g..g...][gg.g.gggg.g.ggg]], 
[[r.r.gg.g.g.g...][.r.gggg.g.ggg.g][r.g.g.g.g.g.g..][.rg.g.g..g..g.g][r.g.g....g.....][.gg.g.g.gg.g.g.][g.g.g.g.g.g..gg][.g.ggggg.g.g...][g.g.g..g..g....][gg.g.gggg.g.ggg]], 
[[r.r.rg.g.g.g...][.r.rggg.g.ggg.g][r.r.g.g.g.g.g..][.rg.g.g.g..g..g][r.g.g...g......][.rg.g.g.gg.g.g.][r.g.g.g.g.g.g.g][.g.ggggg.g.g...][g.g.g.g..g.....][gg.g.gggg.g.ggg]], 
[[r.r.r.gg.g.g...][.r.rbgg.g.ggg.g][r.r.g.g.g.g.g..][.r.gg.g.g.g..g.][r.g.g..g.......][.rg.g.g.gg.g.g.][r.g.g.g.g.g.g.g][.r.ggggg.g.g...][r.g.g.g.g......][gg.g.gggg.g.ggg]], 
[[r.r.r.rg.g.g...][.r.rbbg.g.ggg.g][r.r.g.g.g.g.g..][.r.rg.g.g.g.g..][r.r.g.g........][.rg.g.g.gg.g.g.][r.g.g.g.g.g.g.g][.r.ggggg.g.g...][r.g.g.g.g......][bg.g.gggg.g.ggg]], 
[[r.r.r.r.gg.g...][.r.rbb.gg.ggg.g][r.r.g.g.g.g.g..][.r.rg.g.g.g.g..][r.r.g.g........][.r.gg.g.gg.g.g.][r.g.g.g.g.g.g.g][.r.ggggg.g.g...][r.g.g.g.g......][b.gg.gggg.g.ggg]], 
[[r.r.r.r.rg.g...][.r.rb.ggg.ggg.g][r.r.g.g.g.g.g..][.r.rg.g.g.g.g..][r.r.g.g........][.r.rg.g.gg.g.g.][r.r.g.g.g.g.g.g][.r.ggggg.g.g...][r.g.g.g.g......][.ggg.gggg.g.ggg]], 
[[r.r.r.r.r.gg...][.r.r.gggg.ggg.g][r.r.g.g.g.g.g..][.r.rg.g.g.g.g..][r.r.g.g........][.r.rg.g.gg.g.g.][r.r.g.g.g.g.g.g][.r.rgggg.g.g...][r.r.g.g.g......][.rgg.gggg.g.ggg]], 
[[r.r.r.r.r.rg...][.r.r.rggg.ggg.g][r.r.r.g.g.g.g..][.r.rg.g.g.g.g..][r.r.g.g........][.r.rg.g.gg.g.g.][r.r.g.g.g.g.g.g][.r.rgggg.g.g...][r.r.g.g.g......][.rbg.gggg.g.ggg]], 
[[r.r.r.r.r.r.g..][.r.r.rbgg.ggg.g][r.r.r.g.g.g.g..][.r.r.gg.g.g.g..][r.r.g.g........][.r.rg.g.gg.g.g.][r.r.g.g.g.g.g.g][.r.rgggg.g.g...][r.r.g.g.g......][.rb.ggggg.g.ggg]], 
[[r.r.r.r.r.r.r..][.r.r.rbbg.ggg.g][r.r.r.g.g.g.g..][.r.r.rg.g.g.g..][r.r.r.g........][.r.rg.g.gg.g.g.][r.r.g.g.g.g.g.g][.r.rgggg.g.g...][r.r.g.g.g......][.r.gggggg.g.ggg]], 
[[r.r.r.r.r.r.r..][.r.r.rbb.gggg.g][r.r.r.g.g.g.g..][.r.r.rg.g.g.g..][r.r.r.g........][.r.r.gg.gg.g.g.][r.r.g.g.g.g.g.g][.r.rgggg.g.g...][r.r.g.g.g......][.r.rggggg.g.ggg]], 
[[r.r.r.r.r.r.r..][.r.r.rb.ggggg.g][r.r.r.g.g.g.g..][.r.r.rg.g.g.g..][r.r.r.g........][.r.r.rg.gg.g.g.][r.r.r.g.g.g.g.g][.r.rgggg.g.g...][r.r.g.g.g......][.r.rggggg.g.ggg]], 
[[r.r.r.r.r.r.r..][.r.r.r.gggggg.g][r.r.r.g.g.g.g..][.r.r.rg.g.g.g..][r.r.r.g........][.r.r.rg.gg.g.g.][r.r.r.g.g.g.g.g][.r.rbggg.g.g...][r.r.g.g.g......][.r.rggggg.g.ggg]], 
[[r.r.r.r.r.r.r..][.r.r.r.rggggg.g][r.r.r.r.g.g.g..][.r.r.rg.g.g.g..][r.r.r.g........][.r.r.rg.gg.g.g.][r.r.r.g.g.g.g.g][.r.rbbgg.g.g...][r.r.g.g.g......][.r.rggggg.g.ggg]], 
[[r.r.r.r.r.r.r..][.r.r.r.rbgggg.g][r.r.r.r.g.g.g..][.r.r.r.gg.g.g..][r.r.r.g........][.r.r.rg.gg.g.g.][r.r.r.g.g.g.g.g][.r.rbbgg.g.g...][r.r.g.g.g......][.r.rggggg.g.ggg]], 
[[r.r.r.r.r.r.r..][.r.r.r.rbbggg.g][r.r.r.r.g.g.g..][.r.r.r.rg.g.g..][r.r.r.r........][.r.r.rg.gg.g.g.][r.r.r.g.g.g.g.g][.r.rbbgg.g.g...][r.r.g.g.g......][.r.rggggg.g.ggg]], 
[[r.r.r.r.r.r.r..][.r.r.r.rbbbgg.g][r.r.r.r.g.g.g..][.r.r.r.rg.g.g..][r.r.r.r........][.r.r.r.ggg.g.g.][r.r.r.g.g.g.g.g][.r.rbbgg.g.g...][r.r.g.g.g......][.r.rggggg.g.ggg]], 
[[r.r.r.r.r.r.r..][.r.r.r.rbbbbg.g][r.r.r.r.g.g.g..][.r.r.r.rg.g.g..][r.r.r.r........][.r.r.r.rgg.g.g.][r.r.r.r.g.g.g.g][.r.rbbgg.g.g...][r.r.g.g.g......][.r.rggggg.g.ggg]], 
[[r.r.r.r.r.r.r..][.r.r.r.rbbbb.gg][r.r.r.r.g.g.g..][.r.r.r.rg.g.g..][r.r.r.r........][.r.r.r.rgg.g.g.][r.r.r.r.g.g.g.g][.r.rbbbg.g.g...][r.r.g.g.g......][.r.rggggg.g.ggg]], 
[[r.r.r.r.r.r.r..][.r.r.r.rbbb.ggg][r.r.r.r.g.g.g..][.r.r.r.rg.g.g..][r.r.r.r........][.r.r.r.rgg.g.g.][r.r.r.r.g.g.g.g][.r.rbbb.gg.g...][r.r.g.g.g......][.r.rggggg.g.ggg]], 
[[r.r.r.r.r.r.r..][.r.r.r.rbb.gggg][r.r.r.r.g.g.g..][.r.r.r.rg.g.g..][r.r.r.r........][.r.r.r.rgg.g.g.][r.r.r.r.g.g.g.g][.r.rbb.ggg.g...][r.r.g.g.g......][.r.rggggg.g.ggg]], 
[[r.r.r.r.r.r.r..][.r.r.r.rb.ggggg][r.r.r.r.g.g.g..][.r.r.r.rg.g.g..][r.r.r.r........][.r.r.r.rgg.g.g.][r.r.r.r.g.g.g.g][.r.rb.gggg.g...][r.r.g.g.g......][.r.rggggg.g.ggg]], 
[[r.r.r.r.r.r.r..][.r.r.r.r.gggggg][r.r.r.r.g.g.g..][.r.r.r.rg.g.g..][r.r.r.r........][.r.r.r.rgg.g.g.][r.r.r.r.g.g.g.g][.r.r.ggggg.g...][r.r.g.g.g......][.r.rggggg.g.ggg]], 
[[r.r.r.r.r.r.r..][.r.r.r.r.rggggg][r.r.r.r.r.g.g..][.r.r.r.rg.g.g..][r.r.r.r........][.r.r.r.rgg.g.g.][r.r.r.r.g.g.g.g][.r.r.rgggg.g...][r.r.r.g.g......][.r.rggggg.g.ggg]], 
[[r.r.r.r.r.r.r..][.r.r.r.r.rbgggg][r.r.r.r.r.g.g..][.r.r.r.r.gg.g..][r.r.r.r........][.r.r.r.rgg.g.g.][r.r.r.r.g.g.g.g][.r.r.rbggg.g...][r.r.r.g.g......][.r.rbgggg.g.ggg]], 
[[r.r.r.r.r.r.r..][.r.r.r.r.rbbggg][r.r.r.r.r.g.g..][.r.r.r.r.rg.g..][r.r.r.r.g......][.r.r.r.r.g.g.g.][r.r.r.r.g.g.g.g][.r.r.rbbgg.g...][r.r.r.g.g......][.r.rbbggg.g.ggg]], 
[[r.r.r.r.r.r.r..][.r.r.r.r.rbbbgg][r.r.r.r.r.g.g..][.r.r.r.r.rg.g..][r.r.r.r.r......][.r.r.r.r.g.g.g.][r.r.r.r.g.g.g.g][.r.r.rbbgg.g...][r.r.r.g.g......][.r.rbbggg.g.ggg]], 
[[r.r.r.r.r.r.r..][.r.r.r.r.rbbbbg][r.r.r.r.r.g.g..][.r.r.r.r.rg.g..][r.r.r.r.r......][.r.r.r.r.r.g.g.][r.r.r.r.r.g.g.g][.r.r.rbbgg.g...][r.r.r.g.g......][.r.rbbggg.g.ggg]], 
[[r.r.r.r.r.r.r..][.r.r.r.r.rbbbb.][r.r.r.r.r.g.g.g][.r.r.r.r.rg.g..][r.r.r.r.r......][.r.r.r.r.rg..g.][r.r.r.r.r.g.g.g][.r.r.rbbbg.g...][r.r.r.g.g......][.r.rbbggg.g.ggg]], 
[[r.r.r.r.r.r.r..][.r.r.r.r.rbbb.g][r.r.r.r.r.g.g.g][.r.r.r.r.rg.g..][r.r.r.r.r......][.r.r.r.r.rg.g..][r.r.r.r.r.g.g.g][.r.r.rbbb.gg...][r.r.r.g.g......][.r.rbbggg.g.ggg]], 
[[r.r.r.r.r.r.r..][.r.r.r.r.rbb.gg][r.r.r.r.r.g.g.g][.r.r.r.r.rg.g..][r.r.r.r.r......][.r.r.r.r.rg.g..][r.r.r.r.r.g.g.g][.r.r.rbb.ggg...][r.r.r.g.g......][.r.rbbggg.g.ggg]], 
[[r.r.r.r.r.r.r..][.r.r.r.r.rb.ggg][r.r.r.r.r.g.g.g][.r.r.r.r.rg.g..][r.r.r.r.r......][.r.r.r.r.rg.g..][r.r.r.r.r.g.g.g][.r.r.rb.gggg...][r.r.r.g.g......][.r.rbbggg.g.ggg]], 
[[r.r.r.r.r.r.r..][.r.r.r.r.r.gggg][r.r.r.r.r.g.g.g][.r.r.r.r.rg.g..][r.r.r.r.r......][.r.r.r.r.rg.g..][r.r.r.r.r.g.g.g][.r.r.r.ggggg...][r.r.r.g.g......][.r.rbbggg.g.ggg]], 
[[r.r.r.r.r.r.r..][.r.r.r.r.r.rggg][r.r.r.r.r.r.g.g][.r.r.r.r.rg.g..][r.r.r.r.r......][.r.r.r.r.rg.g..][r.r.r.r.r.g.g.g][.r.r.r.rgggg...][r.r.r.r.g......][.r.rbbggg.g.ggg]], 
[[r.r.r.r.r.r.r..][.r.r.r.r.r.rbgg][r.r.r.r.r.r.g.g][.r.r.r.r.r.gg..][r.r.r.r.r......][.r.r.r.r.rg.g..][r.r.r.r.r.g.g.g][.r.r.r.rbggg...][r.r.r.r.g......][.r.rbbbgg.g.ggg]], 
[[r.r.r.r.r.r.r..][.r.r.r.r.r.rbbg][r.r.r.r.r.r.g.g][.r.r.r.r.r.rg..][r.r.r.r.r.g....][.r.r.r.r.r..g..][r.r.r.r.r.g.g.g][.r.r.r.rbbgg...][r.r.r.r.g......][.r.rbbbbg.g.ggg]], 
[[r.r.r.r.r.r.r.g][.r.r.r.r.r.rbb.][r.r.r.r.r.r.g.g][.r.r.r.r.r.rg..][r.r.r.r.r.r....][.r.r.r.r.r.g...][r.r.r.r.r.g.g.g][.r.r.r.rbbgg...][r.r.r.r.g......][.r.rbbbb.gg.ggg]], 
[[r.r.r.r.r.r.r.r][.r.r.r.r.r.rbb.][r.r.r.r.r.r.g.g][.r.r.r.r.r.rg..][r.r.r.r.r.r....][.r.r.r.r.r.r...][r.r.r.r.r.r.g.g][.r.r.r.rbbgg...][r.r.r.r.g......][.r.rbbb.ggg.ggg]], 
[[r.r.r.r.r.r.r.r][.r.r.r.r.r.rb.g][r.r.r.r.r.r.g.g][.r.r.r.r.r.rg..][r.r.r.r.r.r....][.r.r.r.r.r.rg..][r.r.r.r.r.r...g][.r.r.r.rbbbg...][r.r.r.r.g......][.r.rbb.gggg.ggg]], 
[[r.r.r.r.r.r.r.r][.r.r.r.r.r.r.gg][r.r.r.r.r.r.g.g][.r.r.r.r.r.rg..][r.r.r.r.r.r....][.r.r.r.r.r.rg..][r.r.r.r.r.r..g.][.r.r.r.rbbb.g..][r.r.r.r.g......][.r.rb.ggggg.ggg]], 
[[r.r.r.r.r.r.r.r][.r.r.r.r.r.r.rg][r.r.r.r.r.r.r.g][.r.r.r.r.r.rg..][r.r.r.r.r.r....][.r.r.r.r.r.rg..][r.r.r.r.r.r.g..][.r.r.r.rbb.gg..][r.r.r.r.g......][.r.r.gggggg.ggg]], 
[[r.r.r.r.r.r.r.r][.r.r.r.r.r.r.rb][r.r.r.r.r.r.r.g][.r.r.r.r.r.r.g.][r.r.r.r.r.r....][.r.r.r.r.r.rg..][r.r.r.r.r.r.g..][.r.r.r.rb.ggg..][r.r.r.r.g......][.r.r.rggggg.ggg]], 
[[r.r.r.r.r.r.r.r][.r.r.r.r.r.r.rb][r.r.r.r.r.r.r..][.r.r.r.r.r.r.rg][r.r.r.r.r.r.g..][.r.r.r.r.r.r...][r.r.r.r.r.r.g..][.r.r.r.r.gggg..][r.r.r.r.g......][.r.r.rbgggg.ggg]], 
[[r.r.r.r.r.r.r.r][.r.r.r.r.r.r.r.][r.r.r.r.r.r.r.g][.r.r.r.r.r.r.rg][r.r.r.r.r.r.r..][.r.r.r.r.r.r...][r.r.r.r.r.r.g..][.r.r.r.r.rggg..][r.r.r.r.r......][.r.r.rbbggg.ggg]], 
[[r.r.r.r.r.r.r.r][.r.r.r.r.r.r.r.][r.r.r.r.r.r.r.r][.r.r.r.r.r.r.rg][r.r.r.r.r.r.r..][.r.r.r.r.r.r...][r.r.r.r.r.r.r..][.r.r.r.r.rbgg..][r.r.r.r.r......][.r.r.rbbbgg.ggg]], 
[[r.r.r.r.r.r.r.r][.r.r.r.r.r.r.r.][r.r.r.r.r.r.r.r][.r.r.r.r.r.r.r.][r.r.r.r.r.r.r.g][.r.r.r.r.r.r...][r.r.r.r.r.r.r..][.r.r.r.r.rbbg..][r.r.r.r.r......][.r.r.rbbbbg.ggg]], 
[[r.r.r.r.r.r.r.r][.r.r.r.r.r.r.r.][r.r.r.r.r.r.r.r][.r.r.r.r.r.r.r.][r.r.r.r.r.r.r.r][.r.r.r.r.r.r...][r.r.r.r.r.r.r..][.r.r.r.r.rbb.g.][r.r.r.r.r......][.r.r.rbbbb.gggg]], 
[[r.r.r.r.r.r.r.r][.r.r.r.r.r.r.r.][r.r.r.r.r.r.r.r][.r.r.r.r.r.r.r.][r.r.r.r.r.r.r.r][.r.r.r.r.r.r...][r.r.r.r.r.r.r..][.r.r.r.r.rb.gg.][r.r.r.r.r......][.r.r.rbbb.ggggg]], 
[[r.r.r.r.r.r.r.r][.r.r.r.r.r.r.r.][r.r.r.r.r.r.r.r][.r.r.r.r.r.r.r.][r.r.r.r.r.r.r.r][.r.r.r.r.r.r...][r.r.r.r.r.r.r..][.r.r.r.r.r.ggg.][r.r.r.r.r......][.r.r.rbb.gggggg]], 
[[r.r.r.r.r.r.r.r][.r.r.r.r.r.r.r.][r.r.r.r.r.r.r.r][.r.r.r.r.r.r.r.][r.r.r.r.r.r.r.r][.r.r.r.r.r.r...][r.r.r.r.r.r.r..][.r.r.r.r.r.rgg.][r.r.r.r.r......][.r.r.rb.ggggggg]], 
[[r.r.r.r.r.r.r.r][.r.r.r.r.r.r.r.][r.r.r.r.r.r.r.r][.r.r.r.r.r.r.r.][r.r.r.r.r.r.r.r][.r.r.r.r.r.r...][r.r.r.r.r.r.r..][.r.r.r.r.r.rbg.][r.r.r.r.r......][.r.r.r.gggggggg]], 
[[r.r.r.r.r.r.r.r][.r.r.r.r.r.r.r.][r.r.r.r.r.r.r.r][.r.r.r.r.r.r.r.][r.r.r.r.r.r.r.r][.r.r.r.r.r.r...][r.r.r.r.r.r.r..][.r.r.r.r.r.rb.g][r.r.r.r.r......][.r.r.r.rggggggg]], 
[[r.r.r.r.r.r.r.r][.r.r.r.r.r.r.r.][r.r.r.r.r.r.r.r][.r.r.r.r.r.r.r.][r.r.r.r.r.r.r.r][.r.r.r.r.r.r...][r.r.r.r.r.r.r..][.r.r.r.r.r.r.gg][r.r.r.r.r......][.r.r.r.rbgggggg]], 
[[r.r.r.r.r.r.r.r][.r.r.r.r.r.r.r.][r.r.r.r.r.r.r.r][.r.r.r.r.r.r.r.][r.r.r.r.r.r.r.r][.r.r.r.r.r.r...][r.r.r.r.r.r.rg.][.r.r.r.r.r.r..g][r.r.r.r.r......][.r.r.r.rbbggggg]], 
[[r.r.r.r.r.r.r.r][.r.r.r.r.r.r.r.][r.r.r.r.r.r.r.r][.r.r.r.r.r.r.r.][r.r.r.r.r.r.r.r][.r.r.r.r.r.r.g.][r.r.r.r.r.r.r..][.r.r.r.r.r.r.g.][r.r.r.r.r.g....][.r.r.r.rbb.gggg]], 
[[r.r.r.r.r.r.r.r][.r.r.r.r.r.r.r.][r.r.r.r.r.r.r.r][.r.r.r.r.r.r.r.][r.r.r.r.r.r.r.r][.r.r.r.r.r.r.r.][r.r.r.r.r.r.r..][.r.r.r.r.r.r.g.][r.r.r.r.r.r....][.r.r.r.rb.ggggg]], 
[[r.r.r.r.r.r.r.r][.r.r.r.r.r.r.r.][r.r.r.r.r.r.r.r][.r.r.r.r.r.r.r.][r.r.r.r.r.r.r.r][.r.r.r.r.r.r.r.][r.r.r.r.r.r.r..][.r.r.r.r.r.r.r.][r.r.r.r.r.r....][.r.r.r.r.gggggg]], 
[[r.r.r.r.r.r.r.r][.r.r.r.r.r.r.r.][r.r.r.r.r.r.r.r][.r.r.r.r.r.r.r.][r.r.r.r.r.r.r.r][.r.r.r.r.r.r.r.][r.r.r.r.r.r.r..][.r.r.r.r.r.r.r.][r.r.r.r.r.r....][.r.r.r.r.rggggg]], 
[[r.r.r.r.r.r.r.r][.r.r.r.r.r.r.r.][r.r.r.r.r.r.r.r][.r.r.r.r.r.r.r.][r.r.r.r.r.r.r.r][.r.r.r.r.r.r.r.][r.r.r.r.r.r.r..][.r.r.r.r.r.r.r.][r.r.r.r.r.r....][.r.r.r.r.rbgggg]], 
[[r.r.r.r.r.r.r.r][.r.r.r.r.r.r.r.][r.r.r.r.r.r.r.r][.r.r.r.r.r.r.r.][r.r.r.r.r.r.r.r][.r.r.r.r.r.r.r.][r.r.r.r.r.r.r..][.r.r.r.r.r.r.r.][r.r.r.r.r.r....][.r.r.r.r.rbbggg]], 
[[r.r.r.r.r.r.r.r][.r.r.r.r.r.r.r.][r.r.r.r.r.r.r.r][.r.r.r.r.r.r.r.][r.r.r.r.r.r.r.r][.r.r.r.r.r.r.r.][r.r.r.r.r.r.r..][.r.r.r.r.r.r.r.][r.r.r.r.r.r.g..][.r.r.r.r.rbb.gg]], 
[[r.r.r.r.r.r.r.r][.r.r.r.r.r.r.r.][r.r.r.r.r.r.r.r][.r.r.r.r.r.r.r.][r.r.r.r.r.r.r.r][.r.r.r.r.r.r.r.][r.r.r.r.r.r.r..][.r.r.r.r.r.r.r.][r.r.r.r.r.r.r..][.r.r.r.r.rb.ggg]], 
[[r.r.r.r.r.r.r.r][.r.r.r.r.r.r.r.][r.r.r.r.r.r.r.r][.r.r.r.r.r.r.r.][r.r.r.r.r.r.r.r][.r.r.r.r.r.r.r.][r.r.r.r.r.r.r..][.r.r.r.r.r.r.r.][r.r.r.r.r.r.r..][.r.r.r.r.r.gggg]], 
[[r.r.r.r.r.r.r.r][.r.r.r.r.r.r.r.][r.r.r.r.r.r.r.r][.r.r.r.r.r.r.r.][r.r.r.r.r.r.r.r][.r.r.r.r.r.r.r.][r.r.r.r.r.r.r..][.r.r.r.r.r.r.r.][r.r.r.r.r.r.r..][.r.r.r.r.r.rggg]], 
[[r.r.r.r.r.r.r.r][.r.r.r.r.r.r.r.][r.r.r.r.r.r.r.r][.r.r.r.r.r.r.r.][r.r.r.r.r.r.r.r][.r.r.r.r.r.r.r.][r.r.r.r.r.r.r..][.r.r.r.r.r.r.r.][r.r.r.r.r.r.r..][.r.r.r.r.r.rbgg]], 
[[r.r.r.r.r.r.r.r][.r.r.r.r.r.r.r.][r.r.r.r.r.r.r.r][.r.r.r.r.r.r.r.][r.r.r.r.r.r.r.r][.r.r.r.r.r.r.r.][r.r.r.r.r.r.r..][.r.r.r.r.r.r.r.][r.r.r.r.r.r.r..][.r.r.r.r.r.rbbg]], 
[[r.r.r.r.r.r.r.r][.r.r.r.r.r.r.r.][r.r.r.r.r.r.r.r][.r.r.r.r.r.r.r.][r.r.r.r.r.r.r.r][.r.r.r.r.r.r.r.][r.r.r.r.r.r.r..][.r.r.r.r.r.r.r.][r.r.r.r.r.r.r.g][.r.r.r.r.r.rbb.]], 
[[r.r.r.r.r.r.r.r][.r.r.r.r.r.r.r.][r.r.r.r.r.r.r.r][.r.r.r.r.r.r.r.][r.r.r.r.r.r.r.r][.r.r.r.r.r.r.r.][r.r.r.r.r.r.r..][.r.r.r.r.r.r.rg][r.r.r.r.r.r.r..][.r.r.r.r.r.rbb.]], 
[[r.r.r.r.r.r.r.r][.r.r.r.r.r.r.r.][r.r.r.r.r.r.r.r][.r.r.r.r.r.r.r.][r.r.r.r.r.r.r.r][.r.r.r.r.r.r.r.][r.r.r.r.r.r.r.g][.r.r.r.r.r.r.r.][r.r.r.r.r.r.r..][.r.r.r.r.r.rb.g]], 
[[r.r.r.r.r.r.r.r][.r.r.r.r.r.r.r.][r.r.r.r.r.r.r.r][.r.r.r.r.r.r.r.][r.r.r.r.r.r.r.r][.r.r.r.r.r.r.r.][r.r.r.r.r.r.r.r][.r.r.r.r.r.r.r.][r.r.r.r.r.r.r..][.r.r.r.r.r.r.gg]], 
[[r.r.r.r.r.r.r.r][.r.r.r.r.r.r.r.][r.r.r.r.r.r.r.r][.r.r.r.r.r.r.r.][r.r.r.r.r.r.r.r][.r.r.r.r.r.r.r.][r.r.r.r.r.r.r.r][.r.r.r.r.r.r.r.][r.r.r.r.r.r.r..][.r.r.r.r.r.r.rg]], 
[[r.r.r.r.r.r.r.r][.r.r.r.r.r.r.r.][r.r.r.r.r.r.r.r][.r.r.r.r.r.r.r.][r.r.r.r.r.r.r.r][.r.r.r.r.r.r.r.][r.r.r.r.r.r.r.r][.r.r.r.r.r.r.r.][r.r.r.r.r.r.r.g][.r.r.r.r.r.r.r.]], 
[[r.r.r.r.r.r.r.r][.r.r.r.r.r.r.r.][r.r.r.r.r.r.r.r][.r.r.r.r.r.r.r.][r.r.r.r.r.r.r.r][.r.r.r.r.r.r.r.][r.r.r.r.r.r.r.r][.r.r.r.r.r.r.r.][r.r.r.r.r.r.r.r][.r.r.r.r.r.r.r.]], 
[[r.r.r.r.r.r.r.r][.r.r.r.r.r.r.r.][r.r.r.r.r.r.r.r][.r.r.r.r.r.r.r.][r.r.r.r.r.r.r.r][.r.r.r.r.r.r.r.][r.r.r.r.r.r.r.r][.r.r.r.r.r.r.r.][r.r.r.r.r.r.r.r][.r.r.r.r.r.r.r.]], 
