10 10
[[.g..gg..gg][...g..gggg][.g..g.g.g.][g..g.....g][..g..gg.gg][ggg...g.g.][.gg.g.g..g][ggg....gg.][g.g.g.g.g.][ggggg.ggg.]], 
[[g..g.g.g.g][..g..g.ggg][g..g..g.g.][g.g.....g.][.g..g.g.gg][ggg..g..g.][.gg.g.g.g.][ggg...g.g.][g.g.g.g.g.][ggggg.ggg.]], 
[[r.g..g.g.g][.g..g..ggg][g.g..g..g.][g.g....g..][.g.g..g.gg][ggg.g..g..][.gg.g.g.g.][ggg..g..g.][g.g.g.g.g.][ggggg.ggg.]], 
[[r.r.g..g.g][.r.g..g.gg][r.g.g..g..][g.g...g...][.g.g.g..gg][ggg.g.g...][.gg.g.g.g.][ggg.g..g..][g.g.g.g.g.][ggggg.ggg.]], 
[[r.r.r.g..g][.r.r.g..gg][r.r.g.g...][.gg..g....][.g.g.g.g.g][ggg.g.g...][.gg.g.g.g.][ggg.g.g...][g.g.g.g.g.][ggggg.ggg.]], 
[[r.r.r.r.g.][.r.r.r.g.g][r.r.r.g...][.rg.g.....][g..g.g.g.g][ggg.g.g...][.gg.g.g.g.][ggg.g.g...][g.g.g.g.g.][ggggg.ggg.]], 
[[r.r.r.r.r.][.r.r.r.r.g][r.r.r.r...][.r.gg.....][r.g..g.g.g][ggg.g.g...][.gg.g.g.g.][ggg.g.g...][g.g.g.g.g.][ggggg.ggg.]], 
[[r.r.r.r.r.][.r.r.r.r.r][r.r.r.r...][.r.rg.....][r.r.g..g.g][bgg.g.g...][.gg.g.g.g.][ggg.g.g...][g.g.g.g.g.][ggggg.ggg.]], 
[[r.r.r.r.r.][.r.r.r.r.r][r.r.r.r...][.r.r.g....][r.r.g.g..g][bbg.g.g...][.gg.g.g.g.][ggg.g.g...][g.g.g.g.g.][ggggg.ggg.]], 
[[r.r.r.r.r.][.r.r.r.r.r][r.r.r.r...][.r.r.r....][r.r.r.g.g.][bb.gg.g...][.gg.g.g.g.][ggg.g.g...][g.g.g.g.g.][ggggg.ggg.]], 
[[r.r.r.r.r.][.r.r.r.r.r][r.r.r.r...][.r.r.r....][r.r.r.r.g.][b.ggg.g...][.gg.g.g.g.][ggg.g.g...][g.g.g.g.g.][ggggg.ggg.]], 
[[r.r.r.r.r.][.r.r.r.r.r][r.r.r.r...][.r.r.r....][r.r.r.rg..][.gggg.g...][.gg.g.g.g.][ggg.g.g...][g.g.g.g.g.][ggggg.ggg.]], 
[[r.r.r.r.r.][.r.r.r.r.r][r.r.r.r...][.r.r.r.g..][r.r.r.r...][.rggg.g...][g.g.g.g.g.][ggg.g.g...][g.g.g.g.g.][ggggg.ggg.]], 
[[r.r.r.r.r.][.r.r.r.r.r][r.r.r.r...][.r.r.r.r..][r.r.r.r...][.rbgg.g...][r.g.g.g.g.][ggg.g.g...][g.g.g.g.g.][ggggg.ggg.]], 
[[r.r.r.r.r.][.r.r.r.r.r][r.r.r.r...][.r.r.r.r..][r.r.r.r...][.rbbg.g...][r.g.g.g.g.][bgg.g.g...][g.g.g.g.g.][ggggg.ggg.]], 
[[r.r.r.r.r.][.r.r.r.r.r][r.r.r.r...][.r.r.r.r..][r.r.r.r...][.rbb.gg...][r.g.g.g.g.][bbg.g.g...][g.g.g.g.g.][ggggg.ggg.]], 
[[r.r.r.r.r.][.r.r.r.r.r][r.r.r.r...][.r.r.r.r..][r.r.r.r...][.rb.ggg...][r.g.g.g.g.][bb.gg.g...][g.g.g.g.g.][ggggg.ggg.]], 
[[r.r.r.r.r.][.r.r.r.r.r][r.r.r.r...][.r.r.r.r..][r.r.r.r...][.r.gggg...][r.g.g.g.g.][b.ggg.g...][g.g.g.g.g.][ggggg.ggg.]], 
[[r.r.r.r.r.][.r.r.r.r.r][r.r.r.r...][.r.r.r.r..][r.r.r.r...][.r.rggg...][r.r.g.g.g.][.gggg.g...][g.g.g.g.g.][ggggg.ggg.]], 
[[r.r.r.r.r.][.r.r.r.r.r][r.r.r.r...][.r.r.r.r..][r.r.r.r...][.r.rbgg...][r.r.g.g.g.][.rggg.g...][r.g.g.g.g.][ggggg.ggg.]], 
[[r.r.r.r.r.][.r.r.r.r.r][r.r.r.r...][.r.r.r.r..][r.r.r.r...][.r.rbbg...][r.r.g.g.g.][.rbgg.g...][r.g.g.g.g.][bgggg.ggg.]], 
[[r.r.r.r.r.][.r.r.r.r.r][r.r.r.r...][.r.r.r.r..][r.r.r.r...][.r.rbb.g..][r.r.g.g.g.][.rbbg.g...][r.g.g.g.g.][bbggg.ggg.]], 
[[r.r.r.r.r.][.r.r.r.r.r][r.r.r.r...][.r.r.r.r..][r.r.r.r...][.r.rb.gg..][r.r.g.g.g.][.rbb.gg...][r.g.g.g.g.][bbggg.ggg.]], 
[[r.r.r.r.r.][.r.r.r.r.r][r.r.r.r...][.r.r.r.r..][r.r.r.r...][.r.r.ggg..][r.r.g.g.g.][.rb.ggg...][r.g.g.g.g.][bbggg.ggg.]], 
[[r.r.r.r.r.][.r.r.r.r.r][r.r.r.r...][.r.r.r.r..][r.r.r.r...][.r.r.rgg..][r.r.r.g.g.][.r.gggg...][r.g.g.g.g.][bbggg.ggg.]], 
[[r.r.r.r.r.][.r.r.r.r.r][r.r.r.r...][.r.r.r.r..][r.r.r.r...][.r.r.rbg..][r.r.r.g.g.][.r.rggg...][r.r.g.g.g.][bbggg.ggg.]], 
[[r.r.r.r.r.][.r.r.r.r.r][r.r.r.r...][.r.r.r.r..][r.r.r.r...][.r.r.rb.g.][r.r.r.g.g.][.r.rbgg...][r.r.g.g.g.][bbbgg.ggg.]], 
[[r.r.r.r.r.][.r.r.r.r.r][r.r.r.r...][.r.r.r.r..][r.r.r.r...][.r.r.r.gg.][r.r.r.g.g.][.r.rbbg...][r.r.g.g.g.][bbbbg.ggg.]], 
[[r.r.r.r.r.][.r.r.r.r.r][r.r.r.r...][.r.r.r.r..][r.r.r.r...][.r.r.r.rg.][r.r.r.r.g.][.r.rbb.g..][r.r.g.g.g.][bbbb.gggg.]], 
[[r.r.r.r.r.][.r.r.r.r.r][r.r.r.r...][.r.r.r.r..][r.r.r.r.g.][.r.r.r.r..][r.r.r.r.g.][.r.rb.gg..][r.r.g.g.g.][bbb.ggggg.]], 
[[r.r.r.r.r.][.r.r.r.r.r][r.r.r.r...][.r.r.r.rg.][r.r.r.r...][.r.r.r.r..][r.r.r.r.g.][.r.r.ggg..][r.r.g.g.g.][bb.gggggg.]], 
[[r.r.r.r.r.][.r.r.r.r.r][r.r.r.r.g.][.r.r.r.r..][r.r.r.r...][.r.r.r.rg.][r.r.r.r...][.r.r.rgg..][r.r.r.g.g.][b.ggggggg.]], 
[[r.r.r.r.r.][.r.r.r.r.r][r.r.r.r.r.][.r.r.r.r..][r.r.r.r.g.][.r.r.r.r..][r.r.r.r...][.r.r.rbg..][r.r.r.g.g.][.gggggggg.]], 
[[r.r.r.r.r.][.r.r.r.r.r][r.r.r.r.r.][.r.r.r.r..][r.r.r.r.r.][.r.r.r.r..][r.r.r.r...][.r.r.rb.g.][r.r.r.g.g.][.rggggggg.]], 
[[r.r.r.r.r.][.r.r.r.r.r][r.r.r.r.r.][.r.r.r.r..][r.r.r.r.r.][.r.r.r.r..][r.r.r.r...][.r.r.r.gg.][r.r.r.g.g.][.rbgggggg.]], 
[[r.r.r.r.r.][.r.r.r.r.r][r.r.r.r.r.][.r.r.r.r..][r.r.r.r.r.][.r.r.r.r..][r.r.r.r...][.r.r.r.rg.][r.r.r.r.g.][.rbbggggg.]], 
[[r.r.r.r.r.][.r.r.r.r.r][r.r.r.r.r.][.r.r.r.r..][r.r.r.r.r.][.r.r.r.r..][r.r.r.r.g.][.r.r.r.r..][r.r.r.r.g.][.rbbbgggg.]], 
[[r.r.r.r.r.][.r.r.r.r.r][r.r.r.r.r.][.r.r.r.r..][r.r.r.r.r.][.r.r.r.r..][r.r.r.r.r.][.r.r.r.r..][r.r.r.r.g.][.rbbbbggg.]], 
[[r.r.r.r.r.][.r.r.r.r.r][r.r.r.r.r.][.r.r.r.r..][r.r.r.r.r.][.r.r.r.r..][r.r.r.r.r.][.r.r.r.r..][r.r.r.r.r.][.rbbbbbgg.]], 
[[r.r.r.r.r.][.r.r.r.r.r][r.r.r.r.r.][.r.r.r.r..][r.r.r.r.r.][.r.r.r.r..][r.r.r.r.r.][.r.r.r.r..][r.r.r.r.r.][.rbbbbbbg.]], 
[[r.r.r.r.r.][.r.r.r.r.r][r.r.r.r.r.][.r.r.r.r..][r.r.r.r.r.][.r.r.r.r..][r.r.r.r.r.][.r.r.r.r..][r.r.r.r.r.][.rbbbbbb.g]], 
[[r.r.r.r.r.][.r.r.r.r.r][r.r.r.r.r.][.r.r.r.r..][r.r.r.r.r.][.r.r.r.r..][r.r.r.r.r.][.r.r.r.r..][r.r.r.r.r.][.rbbbbb.gg]], 
[[r.r.r.r.r.][.r.r.r.r.r][r.r.r.r.r.][.r.r.r.r..][r.r.r.r.r.][.r.r.r.r..][r.r.r.r.r.][.r.r.r.r..][r.r.r.r.r.][.rbbbb.ggg]], 
[[r.r.r.r.r.][.r.r.r.r.r][r.r.r.r.r.][.r.r.r.r..][r.r.r.r.r.][.r.r.r.r..][r.r.r.r.r.][.r.r.r.r..][r.r.r.r.r.][.rbbb.gggg]], 
[[r.r.r.r.r.][.r.r.r.r.r][r.r.r.r.r.][.r.r.r.r..][r.r.r.r.r.][.r.r.r.r..][r.r.r.r.r.][.r.r.r.r..][r.r.r.r.r.][.rbb.ggggg]], 
[[r.r.r.r.r.][.r.r.r.r.r][r.r.r.r.r.][.r.r.r.r..][r.r.r.r.r.][.r.r.r.r..][r.r.r.r.r.][.r.r.r.r..][r.r.r.r.r.][.rb.gggggg]], 
[[r.r.r.r.r.][.r.r.r.r.r][r.r.r.r.r.][.r.r.r.r..][r.r.r.r.r.][.r.r.r.r..][r.r.r.r.r.][.r.r.r.r..][r.r.r.r.r.][.r.ggggggg]], 
[[r.r.r.r.r.][.r.r.r.r.r][r.r.r.r.r.][.r.r.r.r..][r.r.r.r.r.][.r.r.r.r..][r.r.r.r.r.][.r.r.r.r..][r.r.r.r.r.][.r.rgggggg]], 
[[r.r.r.r.r.][.r.r.r.r.r][r.r.r.r.r.][.r.r.r.r..][r.r.r.r.r.][.r.r.r.r..][r.r.r.r.r.][.r.r.r.r..][r.r.r.r.r.][.r.rbggggg]], 
[[r.r.r.r.r.][.r.r.r.r.r][r.r.r.r.r.][.r.r.r.r..][r.r.r.r.r.][.r.r.r.r..][r.r.r.r.r.][.r.r.r.r..][r.r.r.r.r.][.r.rbbgggg]], 
[[r.r.r.r.r.][.r.r.r.r.r][r.r.r.r.r.][.r.r.r.r..][r.r.r.r.r.][.r.r.r.r..][r.r.r.r.r.][.r.r.r.r..][r.r.r.r.r.][.r.rbbbggg]], 
[[r.r.r.r.r.][.r.r.r.r.r][r.r.r.r.r.][.r.r.r.r..][r.r.r.r.r.][.r.r.r.r..][r.r.r.r.r.][.r.r.r.r..][r.r.r.r.r.][.r.rbbbbgg]], 
[[r.r.r.r.r.][.r.r.r.r.r][r.r.r.r.r.][.r.r.r.r..][r.r.r.r.r.][.r.r.r.r..][r.r.r.r.r.][.r.r.r.r..][r.r.r.r.r.][.r.rbbbbbg]], 
[[r.r.r.r.r.][.r.r.r.r.r][r.r.r.r.r.][.r.r.r.r..][r.r.r.r.r.][.r.r.r.r..][r.r.r.r.r.][.r.r.r.r..][r.r.r.r.rg][.r.rbbbbb.]], 
[[r.r.r.r.r.][.r.r.r.r.r][r.r.r.r.r.][.r.r.r.r..][r.r.r.r.r.][.r.r.r.r..][r.r.r.r.r.][.r.r.r.r.g][r.r.r.r.r.][.r.rbbbbb.]], 
[[r.r.r.r.r.][.r.r.r.r.r][r.r.r.r.r.][.r.r.r.r..][r.r.r.r.r.][.r.r.r.r..][r.r.r.r.rg][.r.r.r.r..][r.r.r.r.r.][.r.rbbbb.g]], 
[[r.r.r.r.r.][.r.r.r.r.r][r.r.r.r.r.][.r.r.r.r..][r.r.r.r.r.][.r.r.r.r.g][r.r.r.r.r.][.r.r.r.r..][r.r.r.r.r.][.r.rbbb.gg]], 
[[r.r.r.r.r.][.r.r.r.r.r][r.r.r.r.r.][.r.r.r.r..][r.r.r.r.rg][.r.r.r.r..][r.r.r.r.r.][.r.r.r.r..][r.r.r.r.r.][.r.rbb.ggg]], 
[[r.r.r.r.r.][.r.r.r.r.r][r.r.r.r.r.][.r.r.r.r.g][r.r.r.r.r.][.r.r.r.r..][r.r.r.r.r.][.r.r.r.r..][r.r.r.r.r.][.r.rb.gggg]], 
[[r.r.r.r.r.][.r.r.r.r.r][r.r.r.r.r.][.r.r.r.r.r][r.r.r.r.r.][.r.r.r.r..][r.r.r.r.r.][.r.r.r.r..][r.r.r.r.r.][.r.r.ggggg]], 
[[r.r.r.r.r.][.r.r.r.r.r][r.r.r.r.r.][.r.r.r.r.r][r.r.r.r.r.][.r.r.r.r..][r.r.r.r.r.][.r.r.r.r..][r.r.r.r.r.][.r.r.rgggg]], 
[[r.r.r.r.r.][.r.r.r.r.r][r.r.r.r.r.][.r.r.r.r.r][r.r.r.r.r.][.r.r.r.r..][r.r.r.r.r.][.r.r.r.r..][r.r.r.r.r.][.r.r.rbggg]], 
[[r.r.r.r.r.][.r.r.r.r.r][r.r.r.r.r.][.r.r.r.r.r][r.r.r.r.r.][.r.r.r.r..][r.r.r.r.r.][.r.r.r.r..][r.r.r.r.r.][.r.r.rbbgg]], 
[[r.r.r.r.r.][.r.r.r.r.r][r.r.r.r.r.][.r.r.r.r.r][r.r.r.r.r.][.r.r.r.r..][r.r.r.r.r.][.r.r.r.r..][r.r.r.r.r.][.r.r.rbbbg]], 
[[r.r.r.r.r.][.r.r.r.r.r][r.r.r.r.r.][.r.r.r.r.r][r.r.r.r.r.][.r.r.r.r..][r.r.r.r.r.][.r.r.r.r..][r.r.r.r.rg][.r.r.rbbb.]], 
[[r.r.r.r.r.][.r.r.r.r.r][r.r.r.r.r.][.r.r.r.r.r][r.r.r.r.r.][.r.r.r.r..][r.r.r.r.r.][.r.r.r.r.g][r.r.r.r.r.][.r.r.rbbb.]], 
[[r.r.r.r.r.][.r.r.r.r.r][r.r.r.r.r.][.r.r.r.r.r][r.r.r.r.r.][.r.r.r.r..][r.r.r.r.rg][.r.r.r.r..][r.r.r.r.r.][.r.r.rbb.g]], 
[[r.r.r.r.r.][.r.r.r.r.r][r.r.r.r.r.][.r.r.r.r.r][r.r.r.r.r.][.r.r.r.r.g][r.r.r.r.r.][.r.r.r.r..][r.r.r.r.r.][.r.r.rb.gg]], 
[[r.r.r.r.r.][.r.r.r.r.r][r.r.r.r.r.][.r.r.r.r.r][r.r.r.r.r.][.r.r.r.r.r][r.r.r.r.r.][.r.r.r.r..][r.r.r.r.r.][.r.r.r.ggg]], 
[[r.r.r.r.r.][.r.r.r.r.r][r.r.r.r.r.][.r.r.r.r.r][r.r.r.r.r.][.r.r.r.r.r][r.r.r.r.r.][.r.r.r.r..][r.r.r.r.r.][.r.r.r.rgg]], 
[[r.r.r.r.r.][.r.r.r.r.r][r.r.r.r.r.][.r.r.r.r.r][r.r.r.r.r.][.r.r.r.r.r][r.r.r.r.r.][.r.r.r.r..][r.r.r.r.r.][.r.r.r.rbg]], 
[[r.r.r.r.r.][.r.r.r.r.r][r.r.r.r.r.][.r.r.r.r.r][r.r.r.r.r.][.r.r.r.r.r][r.r.r.r.r.][.r.r.r.r..][r.r.r.r.rg][.r.r.r.rb.]], 
[[r.r.r.r.r.][.r.r.r.r.r][r.r.r.r.r.][.r.r.r.r.r][r.r.r.r.r.][.r.r.r.r.r][r.r.r.r.r.][.r.r.r.r.g][r.r.r.r.r.][.r.r.r.rb.]], 
[[r.r.r.r.r.][.r.r.r.r.r][r.r.r.r.r.][.r.r.r.r.r][r.r.r.r.r.][.r.r.r.r.r][r.r.r.r.r.][.r.r.r.r.r][r.r.r.r.r.][.r.r.r.r.g]], 
[[r.r.r.r.r.][.r.r.r.r.r][r.r.r.r.r.][.r.r.r.r.r][r.r.r.r.r.][.r.r.r.r.r][r.r.r.r.r.][.r.r.r.r.r][r.r.r.r.r.][.r.r.r.r.r]], 
[[r.r.r.r.r.][.r.r.r.r.r][r.r.r.r.r.][.r.r.r.r.r][r.r.r.r.r.][.r.r.r.r.r][r.r.r.r.r.][.r.r.r.r.r][r.r.r.r.r.][.r.r.r.r.r]], 
