15 15
[[.g.g.....gg..g.][gggg.g..g..g.g.][g.ggggg..g..ggg][.ggg...g.gggggg][g.ggg.ggggggg.g][.....g.gg.gg...][g.g.......ggg.g][..g...g.g....g.][.g.g..g....ggg.][g.g.gg.g....g..][..g.g....g.gg.g][gg.ggggg.g.ggg.][..gg.g.....g.gg][g.gg.gg.g.g..g.][..ggggggg.g...g]], 
[[g..g....g.g.g..][gggg.g.g..g..g.][g.ggggg.g..g.gg][.ggg..g..gggggg][g.ggg.ggggggg.g][....g..gg.gg...][g.g......g.gg.g][.g...g..g...g..][g..g.g....g.gg.][g.g.gg.g...g...][.g..g...g..gg.g][gg.ggggg.g.ggg.][.g.g.g....g..gg][g.gg.gg.g.g.g..][.g.gggggg.g..g.]], 
[[r.g....g..g.g..][gggg.g.g.g..g..][g.ggggg.g.g..gg][.ggg.g..g.ggggg][g.ggg.ggggggg.g][...g..g.g.gg...][g.g.....g..gg.g][.g..g..g...g...][g.g..g...g..gg.][g.g.gg.g..g....][.g.g...g..g.g.g][gg.ggggg.g.ggg.][.g.g.g...g..g.g][g.gg.gg.g.g.g..][.g.gggggg.g.g..]], 
[[r.r...g..g..g..][bggg.g.g.g.g...][g.ggggg.g.g.g.g][.ggg.g.g..ggggg][g.ggg.ggggggg.g][..g..g..g.gg...][g.g....g..g.g.g][.g.g..g...g....][g.g.g...g..g.g.][g.g.gg.g.g.....][.g.g..g..g..g.g][gg.ggggg.g.ggg.][.g.g.g..g..g..g][g.gg.gg.g.g.g..][.g.gggggg.g.g..]], 
[[r.r..g..g..g...][bbgg.g.g.g.g...][g.ggggg.g.g.g.g][.ggg.g.g.g.gggg][g.ggg.ggggggg.g][.g..g..g..gg...][g.g...g..g..g.g][.g.g.g...g.....][g.g.g..g..g..g.][g.g.gg.g.g.....][.g.g.g..g..g..g][gg.ggggg.g.ggg.][.g.g.g.g..g..g.][g.gg.gg.g.g.g..][.g.gggggg.g.g..]], 
[[r.r.g..g..g....][bbbg.g.g.g.g...][g.ggggg.g.g.g.g][.ggg.g.g.g.gggg][g.ggg.ggggggg.g][.g.g..g..g.g...][g.g..g..g..g..g][.g.g.g..g......][g.g.g.g..g..g..][g.g.gg.g.g.....][.g.g.g.g..g..g.][gg.ggggg.g.ggg.][.g.g.g.g.g..g..][g.gg.gg.g.g.g..][.g.gggggg.g.g..]], 
[[r.r.r.g..g.....][bbb.gg.g.g.g...][g.ggggg.g.g.g.g][.ggg.g.g.g.gggg][g.ggg.ggggggg.g][.g.g.g..g..g...][g.g.g..g..g..g.][.g.g.g.g.......][g.g.g.g.g..g...][g.g.gg.g.g.....][.g.g.g.g.g..g..][gg.ggggg.g.ggg.][.g.g.g.g.g.g...][g.gg.gg.g.g.g..][.g.gggggg.g.g..]], 
[[r.r.r.r.g......][bb.ggg.g.g.g...][g.ggggg.g.g.g.g][.ggg.g.g.g.gggg][g.ggg.ggggggg.g][.g.g.g.g..g....][g.g.g.g..g..g..][.g.g.g.g.......][g.g.g.g.g.g....][g.g.gg.g.g.....][.g.g.g.g.g.g...][gg.ggggg.g.ggg.][.g.g.g.g.g.g...][g.gg.gg.g.g.g..][.g.gggggg.g.g..]], 
[[r.r.r.r.r......][b.gggg.g.g.g...][g.ggggg.g.g.g.g][.ggg.g.g.g.gggg][g.ggg.ggggggg.g][.g.g.g.g.g.....][g.g.g.g.g..g...][.g.g.g.g.......][g.g.g.g.g.g....][g.g.gg.g.g.....][.g.g.g.g.g.g...][gg.ggggg.g.ggg.][.g.g.g.g.g.g...][g.gg.gg.g.g.g..][.g.gggggg.g.g..]], 
[[r.r.r.r.r......][.ggggg.g.g.g...][g.ggggg.g.g.g.g][.ggg.g.g.g.gggg][g.ggg.ggggggg.g][.g.g.g.g.g.....][g.g.g.g.g.g....][.g.g.g.g.......][g.g.g.g.g.g....][g.g.gg.g.g.....][.g.g.g.g.g.g...][gg.ggggg.g.ggg.][.g.g.g.g.g.g...][g.gg.gg.g.g.g..][.g.gggggg.g.g..]], 
[[r.r.r.r.r......][.rgggg.g.g.g...][r.ggggg.g.g.g.g][.ggg.g.g.g.gggg][g.ggg.ggggggg.g][.g.g.g.g.g.....][g.g.g.g.g.g....][.g.g.g.g.......][g.g.g.g.g.g....][g.g.gg.g.g.....][.g.g.g.g.g.g...][gg.ggggg.g.ggg.][.g.g.g.g.g.g...][g.gg.gg.g.g.g..][.g.gggggg.g.g..]], 
[[r.r.r.r.r......][.rbggg.g.g.g...][r.ggggg.g.g.g.g][.rgg.g.g.g.gggg][r.ggg.ggggggg.g][.g.g.g.g.g.....][g.g.g.g.g.g....][.g.g.g.g.......][g.g.g.g.g.g....][g.g.gg.g.g.....][.g.g.g.g.g.g...][gg.ggggg.g.ggg.][.g.g.g.g.g.g...][g.gg.gg.g.g.g..][.g.gggggg.g.g..]], 
[[r.r.r.r.r......][.rbbgg.g.g.g...][r.ggggg.g.g.g.g][.rgg.g.g.g.gggg][r.ggg.ggggggg.g][.r.g.g.g.g.....][r.g.g.g.g.g....][.g.g.g.g.......][g.g.g.g.g.g....][g.g.gg.g.g.....][.g.g.g.g.g.g...][gg.ggggg.g.ggg.][.g.g.g.g.g.g...][g.gg.gg.g.g.g..][.g.gggggg.g.g..]], 
[[r.r.r.r.r......][.rbbbg.g.g.g...][r.ggggg.g.g.g.g][.rgg.g.g.g.gggg][r.ggg.ggggggg.g][.r.g.g.g.g.....][r.g.g.g.g.g....][.r.g.g.g.......][r.g.g.g.g.g....][g.g.gg.g.g.....][.g.g.g.g.g.g...][gg.ggggg.g.ggg.][.g.g.g.g.g.g...][g.gg.gg.g.g.g..][.g.gggggg.g.g..]], 
[[r.r.r.r.r......][.rbbb.gg.g.g...][r.ggggg.g.g.g.g][.rgg.g.g.g.gggg][r.ggg.ggggggg.g][.r.g.g.g.g.....][r.g.g.g.g.g....][.r.g.g.g.......][r.g.g.g.g.g....][.gg.gg.g.g.....][.g.g.g.g.g.g...][gg.ggggg.g.ggg.][.g.g.g.g.g.g...][g.gg.gg.g.g.g..][.g.gggggg.g.g..]], 
[[r.r.r.r.r......][.rbb.ggg.g.g...][r.ggggg.g.g.g.g][.rgg.g.g.g.gggg][r.ggg.ggggggg.g][.r.g.g.g.g.....][r.g.g.g.g.g....][.r.g.g.g.......][r.g.g.g.g.g....][.rg.gg.g.g.....][g..g.g.g.g.g...][gg.ggggg.g.ggg.][.g.g.g.g.g.g...][g.gg.gg.g.g.g..][.g.gggggg.g.g..]], 
[[r.r.r.r.r......][.rb.gggg.g.g...][r.ggggg.g.g.g.g][.rgg.g.g.g.gggg][r.ggg.ggggggg.g][.r.g.g.g.g.....][r.g.g.g.g.g....][.r.g.g.g.......][r.g.g.g.g.g....][.rg.gg.g.g.....][r.g..g.g.g.g...][gg.ggggg.g.ggg.][.g.g.g.g.g.g...][g.gg.gg.g.g.g..][.g.gggggg.g.g..]], 
[[r.r.r.r.r......][.r.ggggg.g.g...][r.ggggg.g.g.g.g][.rgg.g.g.g.gggg][r.ggg.ggggggg.g][.r.g.g.g.g.....][r.g.g.g.g.g....][.r.g.g.g.......][r.g.g.g.g.g....][.rg.gg.g.g.....][r.g.g..g.g.g...][bg.ggggg.g.ggg.][.g.g.g.g.g.g...][g.gg.gg.g.g.g..][.g.gggggg.g.g..]], 
[[r.r.r.r.r......][.r.rgggg.g.g...][r.rgggg.g.g.g.g][.rgg.g.g.g.gggg][r.ggg.ggggggg.g][.r.g.g.g.g.....][r.g.g.g.g.g....][.r.g.g.g.......][r.g.g.g.g.g....][.rg.gg.g.g.....][r.g.g.g..g.g...][b.gggggg.g.ggg.][.g.g.g.g.g.g...][g.gg.gg.g.g.g..][.g.gggggg.g.g..]], 
[[r.r.r.r.r......][.r.rbggg.g.g...][r.rbggg.g.g.g.g][.rbg.g.g.g.gggg][r.ggg.ggggggg.g][.r.g.g.g.g.....][r.g.g.g.g.g....][.r.g.g.g.......][r.g.g.g.g.g....][.rg.gg.g.g.....][r.g.g.g.g..g...][.ggggggg.g.ggg.][.g.g.g.g.g.g...][g.gg.gg.g.g.g..][.g.gggggg.g.g..]], 
[[r.r.r.r.r......][.r.rbbgg.g.g...][r.rbggg.g.g.g.g][.rb.gg.g.g.gggg][r.ggg.ggggggg.g][.r.g.g.g.g.....][r.g.g.g.g.g....][.r.g.g.g.......][r.g.g.g.g.g....][.rg.gg.g.g.....][r.g.g.g.g.g....][.rgggggg.g.ggg.][g..g.g.g.g.g...][g.gg.gg.g.g.g..][.g.gggggg.g.g..]], 
[[r.r.r.r.r......][.r.rbbbg.g.g...][r.rbggg.g.g.g.g][.r.ggg.g.g.gggg][r.ggg.ggggggg.g][.r.g.g.g.g.....][r.g.g.g.g.g....][.r.g.g.g.......][r.g.g.g.g.g....][.rg.gg.g.g.....][r.g.g.g.g.g....][.rgggggg.g.ggg.][r.g..g.g.g.g...][g.gg.gg.g.g.g..][.g.gggggg.g.g..]], 
[[r.r.r.r.r......][.r.rbbb.gg.g...][r.rbggg.g.g.g.g][.r.ggg.g.g.gggg][r.rgg.ggggggg.g][.r.g.g.g.g.....][r.g.g.g.g.g....][.r.g.g.g.......][r.g.g.g.g.g....][.rg.gg.g.g.....][r.g.g.g.g.g....][.rgggggg.g.ggg.][r.g.g..g.g.g...][.ggg.gg.g.g.g..][.g.gggggg.g.g..]], 
[[r.r.r.r.r......][.r.rbb.ggg.g...][r.rbggg.g.g.g.g][.r.ggg.g.g.gggg][r.rgg.ggggggg.g][.r.g.g.g.g.....][r.r.g.g.g.g....][.r.g.g.g.......][r.g.g.g.g.g....][.rg.gg.g.g.....][r.g.g.g.g.g....][.rgggggg.g.ggg.][r.g.g.g..g.g...][.rgg.gg.g.g.g..][g..gggggg.g.g..]], 
[[r.r.r.r.r......][.r.rb.gggg.g...][r.rbggg.g.g.g.g][.r.ggg.g.g.gggg][r.rgg.ggggggg.g][.r.g.g.g.g.....][r.r.g.g.g.g....][.r.g.g.g.......][r.r.g.g.g.g....][.rg.gg.g.g.....][r.g.g.g.g.g....][.rgggggg.g.ggg.][r.g.g.g.g..g...][.rgg.gg.g.g.g..][r.g.ggggg.g.g..]], 
[[r.r.r.r.r......][.r.r.ggggg.g...][r.rbggg.g.g.g.g][.r.ggg.g.g.gggg][r.rgg.ggggggg.g][.r.g.g.g.g.....][r.r.g.g.g.g....][.r.g.g.g.......][r.r.g.g.g.g....][.r.ggg.g.g.....][r.g.g.g.g.g....][.rgggggg.g.ggg.][r.g.g.g.g.g....][.rgg.gg.g.g.g..][r.g.ggggg.g.g..]], 
[[r.r.r.r.r......][.r.r.rgggg.g...][r.rbbgg.g.g.g.g][.r.ggg.g.g.gggg][r.rgg.ggggggg.g][.r.g.g.g.g.....][r.r.g.g.g.g....][.r.g.g.g.......][r.r.g.g.g.g....][.r.ggg.g.g.....][r.r.g.g.g.g....][.rgggggg.g.ggg.][r.g.g.g.g.g....][.rgg.gg.g.g.g..][r.g.ggggg.g.g..]], 
[[r.r.r.r.r......][.r.r.rbggg.g...][r.rbbbg.g.g.g.g][.r.ggg.g.g.gggg][r.rgg.ggggggg.g][.r.g.g.g.g.....][r.r.g.g.g.g....][.r.g.g.g.......][r.r.g.g.g.g....][.r.ggg.g.g.....][r.r.g.g.g.g....][.rbggggg.g.ggg.][r.g.g.g.g.g....][.rgg.gg.g.g.g..][r.g.ggggg.g.g..]], 
[[r.r.r.r.r......][.r.r.rbbgg.g...][r.rbbb.gg.g.g.g][.r.ggg.g.g.gggg][r.rgg.ggggggg.g][.r.g.g.g.g.....][r.r.g.g.g.g....][.r.g.g.g.......][r.r.g.g.g.g....][.r.ggg.g.g.....][r.r.g.g.g.g....][.rbggggg.g.ggg.][r.g.g.g.g.g....][.rgg.gg.g.g.g..][r.g.ggggg.g.g..]], 
[[r.r.r.r.r......][.r.r.rbbbg.g...][r.rbb.ggg.g.g.g][.r.ggg.g.g.gggg][r.rgg.ggggggg.g][.r.g.g.g.g.....][r.r.g.g.g.g....][.r.g.g.g.......][r.r.g.g.g.g....][.r.ggg.g.g.....][r.r.g.g.g.g....][.rbggggg.g.ggg.][r.g.g.g.g.g....][.rgg.gg.g.g.g..][r.g.ggggg.g.g..]], 
[[r.r.r.r.r......][.r.r.rbbb.gg...][r.rb.gggg.g.g.g][.r.ggg.g.g.gggg][r.rgg.ggggggg.g][.r.g.g.g.g.....][r.r.g.g.g.g....][.r.g.g.g.......][r.r.g.g.g.g....][.r.ggg.g.g.....][r.r.g.g.g.g....][.rbggggg.g.ggg.][r.g.g.g.g.g....][.rgg.gg.g.g.g..][r.g.ggggg.g.g..]], 
[[r.r.r.r.r......][.r.r.rbb.ggg...][r.r.ggggg.g.g.g][.r.ggg.g.g.gggg][r.rgg.ggggggg.g][.r.g.g.g.g.....][r.r.g.g.g.g....][.r.g.g.g.......][r.r.g.g.g.g....][.r.ggg.g.g.....][r.r.g.g.g.g....][.rbggggg.g.ggg.][r.g.g.g.g.g....][.rgg.gg.g.g.g..][r.g.ggggg.g.g..]], 
[[r.r.r.r.r......][.r.r.rb.gggg...][r.r.rgggg.g.g.g][.r.rgg.g.g.gggg][r.rgg.ggggggg.g][.r.g.g.g.g.....][r.r.g.g.g.g....][.r.g.g.g.......][r.r.g.g.g.g....][.r.ggg.g.g.....][r.r.g.g.g.g....][.rbggggg.g.ggg.][r.g.g.g.g.g....][.rgg.gg.g.g.g..][r.g.ggggg.g.g..]], 
[[r.r.r.r.r......][.r.r.r.ggggg...][r.r.rbggg.g.g.g][.r.rbg.g.g.gggg][r.rbg.ggggggg.g][.r.g.g.g.g.....][r.r.g.g.g.g....][.r.g.g.g.......][r.r.g.g.g.g....][.r.ggg.g.g.....][r.r.g.g.g.g....][.rbggggg.g.ggg.][r.g.g.g.g.g....][.rgg.gg.g.g.g..][r.g.ggggg.g.g..]], 
[[r.r.r.r.r......][.r.r.r.rgggg...][r.r.rbbgg.g.g.g][.r.rb.gg.g.gggg][r.rb.gggggggg.g][.r.g.g.g.g.....][r.r.g.g.g.g....][.r.g.g.g.......][r.r.g.g.g.g....][.r.ggg.g.g.....][r.r.g.g.g.g....][.rbggggg.g.ggg.][r.g.g.g.g.g....][.rgg.gg.g.g.g..][r.g.ggggg.g.g..]], 
[[r.r.r.r.r......][.r.r.r.rbggg...][r.r.rbbbg.g.g.g][.r.r.ggg.g.gggg][r.r.ggggggggg.g][.r.g.g.g.g.....][r.r.g.g.g.g....][.r.g.g.g.......][r.r.g.g.g.g....][.r.ggg.g.g.....][r.r.g.g.g.g....][.rbggggg.g.ggg.][r.g.g.g.g.g....][.rgg.gg.g.g.g..][r.g.ggggg.g.g..]], 
[[r.r.r.r.r......][.r.r.r.rbbgg...][r.r.rbbb.gg.g.g][.r.r.ggg.g.gggg][r.r.rgggggggg.g][.r.r.g.g.g.....][r.r.g.g.g.g....][.r.g.g.g.......][r.r.g.g.g.g....][.r.ggg.g.g.....][r.r.g.g.g.g....][.rbggggg.g.ggg.][r.g.g.g.g.g....][.rgg.gg.g.g.g..][r.g.ggggg.g.g..]], 
[[r.r.r.r.r.g....][.r.r.r.rbb.g...][r.r.rbb.ggg.g.g][.r.r.ggg.g.gggg][r.r.rgggggggg.g][.r.r.g.g.g.....][r.r.r.g.g.g....][.r.r.g.g.......][r.r.g.g.g.g....][.r.ggg.g.g.....][r.r.g.g.g.g....][.rbggggg.g.ggg.][r.g.g.g.g.g....][.rgg.gg.g.g.g..][r.g.ggggg.g.g..]], 
[[r.r.r.r.r.r....][.r.r.r.rb.gg...][r.r.rb.gggg.g.g][.r.r.ggg.g.gggg][r.r.rgggggggg.g][.r.r.g.g.g.....][r.r.r.g.g.g....][.r.r.g.g.......][r.r.r.g.g.g....][.r.rgg.g.g.....][r.r.g.g.g.g....][.rbggggg.g.ggg.][r.g.g.g.g.g....][.rgg.gg.g.g.g..][r.g.ggggg.g.g..]], 
[[r.r.r.r.r.r....][.r.r.r.r.ggg...][r.r.r.ggggg.g.g][.r.r.ggg.g.gggg][r.r.rgggggggg.g][.r.r.g.g.g.....][r.r.r.g.g.g....][.r.r.g.g.......][r.r.r.g.g.g....][.r.rbg.g.g.....][r.r.g.g.g.g....][.rbbgggg.g.ggg.][r.g.g.g.g.g....][.rgg.gg.g.g.g..][r.g.ggggg.g.g..]], 
[[r.r.r.r.r.r....][.r.r.r.r.rgg...][r.r.r.rgggg.g.g][.r.r.rgg.g.gggg][r.r.rgggggggg.g][.r.r.g.g.g.....][r.r.r.g.g.g....][.r.r.g.g.......][r.r.r.g.g.g....][.r.rb.gg.g.....][r.r.g.g.g.g....][.rbbgggg.g.ggg.][r.g.g.g.g.g....][.rgg.gg.g.g.g..][r.g.ggggg.g.g..]], 
[[r.r.r.r.r.r....][.r.r.r.r.rbg...][r.r.r.rbggg.g.g][.r.r.rbg.g.gggg][r.r.rbggggggg.g][.r.r.g.g.g.....][r.r.r.g.g.g....][.r.r.g.g.......][r.r.r.g.g.g....][.r.r.ggg.g.....][r.r.g.g.g.g....][.rbbgggg.g.ggg.][r.g.g.g.g.g....][.rgg.gg.g.g.g..][r.g.ggggg.g.g..]], 
[[r.r.r.r.r.r....][.r.r.r.r.rb.g..][r.r.r.rbbgg.g.g][.r.r.rb.gg.gggg][r.r.rbggggggg.g][.r.r.g.g.g.....][r.r.r.g.g.g....][.r.r.g.g.......][r.r.r.g.g.g....][.r.r.ggg.g.....][r.r.r.g.g.g....][.rbbgggg.g.ggg.][r.g.g.g.g.g....][.rgg.gg.g.g.g..][r.g.ggggg.g.g..]], 
[[r.r.r.r.r.r....][.r.r.r.r.r.gg..][r.r.r.rbbbg.g.g][.r.r.r.ggg.gggg][r.r.rbggggggg.g][.r.r.g.g.g.....][r.r.r.g.g.g....][.r.r.g.g.......][r.r.r.g.g.g....][.r.r.ggg.g.....][r.r.r.g.g.g....][.rbbbggg.g.ggg.][r.g.g.g.g.g....][.rgg.gg.g.g.g..][r.g.ggggg.g.g..]], 
[[r.r.r.r.r.r....][.r.r.r.r.r.rg..][r.r.r.rbbb.gg.g][.r.r.r.ggg.gggg][r.r.rbbgggggg.g][.r.r.g.g.g.....][r.r.r.g.g.g....][.r.r.g.g.......][r.r.r.g.g.g....][.r.r.ggg.g.....][r.r.r.g.g.g....][.rbbbggg.g.ggg.][r.g.g.g.g.g....][.rgg.gg.g.g.g..][r.g.ggggg.g.g..]], 
[[r.r.r.r.r.r.g..][.r.r.r.r.r.r...][r.r.r.rbb.ggg.g][.r.r.r.ggg.gggg][r.r.rbbgggggg.g][.r.r.g.g.g.....][r.r.r.g.g.g....][.r.r.g.g.......][r.r.r.g.g.g....][.r.r.ggg.g.....][r.r.r.g.g.g....][.rbbbggg.g.ggg.][r.g.g.g.g.g....][.rgg.gg.g.g.g..][r.g.ggggg.g.g..]], 
[[r.r.r.r.r.r.r..][.r.r.r.r.r.r...][r.r.r.rb.gggg.g][.r.r.r.ggg.gggg][r.r.rbbgggggg.g][.r.r.g.g.g.....][r.r.r.g.g.g....][.r.r.g.g.......][r.r.r.g.g.g....][.r.r.ggg.g.....][r.r.r.g.g.g....][.rbbbggg.g.ggg.][r.g.g.g.g.g....][.rgg.gg.g.g.g..][r.g.ggggg.g.g..]], 
[[r.r.r.r.r.r.r..][.r.r.r.r.r.r...][r.r.r.r.ggggg.g][.r.r.r.ggg.gggg][r.r.rbbgggggg.g][.r.r.g.g.g.....][r.r.r.g.g.g....][.r.r.g.g.......][r.r.r.g.g.g....][.r.r.ggg.g.....][r.r.r.g.g.g....][.rbbbggg.g.ggg.][r.g.g.g.g.g....][.rgg.gg.g.g.g..][r.g.ggggg.g.g..]], 
[[r.r.r.r.r.r.r..][.r.r.r.r.r.r...][r.r.r.r.rgggg.g][.r.r.r.rgg.gggg][r.r.rbbgggggg.g][.r.r.g.g.g.....][r.r.r.g.g.g....][.r.r.g.g.......][r.r.r.g.g.g....][.r.r.ggg.g.....][r.r.r.g.g.g....][.rbbbggg.g.ggg.][r.g.g.g.g.g....][.rgg.gg.g.g.g..][r.g.ggggg.g.g..]], 
[[r.r.r.r.r.r.r..][.r.r.r.r.r.r...][r.r.r.r.rbggg.g][.r.r.r.rbg.gggg][r.r.rbbbggggg.g][.r.r.g.g.g.....][r.r.r.g.g.g....][.r.r.g.g.......][r.r.r.g.g.g....][.r.r.ggg.g.....][r.r.r.g.g.g....][.rbbbggg.g.ggg.][r.g.g.g.g.g....][.rgg.gg.g.g.g..][r.g.ggggg.g.g..]], 
[[r.r.r.r.r.r.r..][.r.r.r.r.r.r...][r.r.r.r.rbbgg.g][.r.r.r.rb.ggggg][r.r.rbbbggggg.g][.r.r.g.g.g.....][r.r.r.g.g.g....][.r.r.g.g.......][r.r.r.g.g.g....][.r.r.ggg.g.....][r.r.r.g.g.g....][.rbbbggg.g.ggg.][r.g.g.g.g.g....][.rgg.gg.g.g.g..][r.g.ggggg.g.g..]], 
[[r.r.r.r.r.r.r..][.r.r.r.r.r.r...][r.r.r.r.rbbbg.g][.r.r.r.r.gggggg][r.r.rbbbggggg.g][.r.r.g.g.g.....][r.r.r.g.g.g....][.r.r.g.g.......][r.r.r.g.g.g....][.r.r.ggg.g.....][r.r.r.g.g.g....][.rbbbggg.g.ggg.][r.g.g.g.g.g....][.rgg.gg.g.g.g..][r.g.ggggg.g.g..]], 
[[r.r.r.r.r.r.r..][.r.r.r.r.r.r...][r.r.r.r.rbbb.gg][.r.r.r.r.gggggg][r.r.rbbbbgggg.g][.r.r.g.g.g.....][r.r.r.g.g.g....][.r.r.g.g.......][r.r.r.g.g.g....][.r.r.ggg.g.....][r.r.r.g.g.g....][.rbbbggg.g.ggg.][r.g.g.g.g.g....][.rgg.gg.g.g.g..][r.g.ggggg.g.g..]], 
[[r.r.r.r.r.r.r..][.r.r.r.r.r.r...][r.r.r.r.rbb.ggg][.r.r.r.r.gggggg][r.r.rbbbbgggg.g][.r.r.g.g.g.....][r.r.r.g.g.g....][.r.r.g.g.......][r.r.r.g.g.g....][.r.r.ggg.g.....][r.r.r.g.g.g....][.rbbbggg.g.ggg.][r.g.g.g.g.g....][.rgg.gg.g.g.g..][r.g.ggggg.g.g..]], 
[[r.r.r.r.r.r.r..][.r.r.r.r.r.r...][r.r.r.r.rb.gggg][.r.r.r.r.gggggg][r.r.rbbbbgggg.g][.r.r.g.g.g.....][r.r.r.g.g.g....][.r.r.g.g.......][r.r.r.g.g.g....][.r.r.ggg.g.....][r.r.r.g.g.g....][.rbbbggg.g.ggg.][r.g.g.g.g.g....][.rgg.gg.g.g.g..][r.g.ggggg.g.g..]], 
[[r.r.r.r.r.r.r..][.r.r.r.r.r.r...][r.r.r.r.r.ggggg][.r.r.r.r.gggggg][r.r.rbbbbgggg.g][.r.r.g.g.g.....][r.r.r.g.g.g....][.r.r.g.g.......][r.r.r.g.g.g....][.r.r.ggg.g.....][r.r.r.g.g.g....][.rbbbggg.g.ggg.][r.g.g.g.g.g....][.rgg.gg.g.g.g..][r.g.ggggg.g.g..]], 
[[r.r.r.r.r.r.r..][.r.r.r.r.r.r...][r.r.r.r.r.rgggg][.r.r.r.r.rggggg][r.r.rbbbbgggg.g][.r.r.g.g.g.....][r.r.r.g.g.g....][.r.r.g.g.......][r.r.r.g.g.g....][.r.r.ggg.g.....][r.r.r.g.g.g....][.rbbbggg.g.ggg.][r.g.g.g.g.g....][.rgg.gg.g.g.g..][r.g.ggggg.g.g..]], 
[[r.r.r.r.r.r.r..][.r.r.r.r.r.r...][r.r.r.r.r.rbggg][.r.r.r.r.rbgggg][r.r.rbbbbbggg.g][.r.r.g.g.g.....][r.r.r.g.g.g....][.r.r.g.g.......][r.r.r.g.g.g....][.r.r.ggg.g.....][r.r.r.g.g.g....][.rbbbggg.g.ggg.][r.g.g.g.g.g....][.rgg.gg.g.g.g..][r.g.ggggg.g.g..]], 
[[r.r.r.r.r.r.r..][.r.r.r.r.r.r...][r.r.r.r.r.rbbgg][.r.r.r.r.rbgggg][r.r.rbbbbbggg.g][.r.r.g.g.g.....][r.r.r.g.g.g....][.r.r.g.g.......][r.r.r.g.g.g....][.r.r.ggg.g.....][r.r.r.g.g.g....][.rbbbggg.g.ggg.][r.g.g.g.g.g....][.rgg.gg.g.g.g..][r.g.ggggg.g.g..]], 
[[r.r.r.r.r.r.r..][.r.r.r.r.r.r.g.][r.r.r.r.r.rbb.g][.r.r.r.r.rbgggg][r.r.rbbbbbggg.g][.r.r.g.g.g.....][r.r.r.g.g.g....][.r.r.g.g.......][r.r.r.g.g.g....][.r.r.ggg.g.....][r.r.r.g.g.g....][.rbbbggg.g.ggg.][r.g.g.g.g.g....][.rgg.gg.g.g.g..][r.g.ggggg.g.g..]], 
[[r.r.r.r.r.r.r..][.r.r.r.r.r.r.r.][r.r.r.r.r.rb.gg][.r.r.r.r.rbgggg][r.r.rbbbbbggg.g][.r.r.g.g.g.....][r.r.r.g.g.g....][.r.r.g.g.......][r.r.r.g.g.g....][.r.r.ggg.g.....][r.r.r.g.g.g....][.rbbbggg.g.ggg.][r.g.g.g.g.g....][.rgg.gg.g.g.g..][r.g.ggggg.g.g..]], 
[[r.r.r.r.r.r.r..][.r.r.r.r.r.r.r.][r.r.r.r.r.r.ggg][.r.r.r.r.rbgggg][r.r.rbbbbbggg.g][.r.r.g.g.g.....][r.r.r.g.g.g....][.r.r.g.g.......][r.r.r.g.g.g....][.r.r.ggg.g.....][r.r.r.g.g.g....][.rbbbggg.g.ggg.][r.g.g.g.g.g....][.rgg.gg.g.g.g..][r.g.ggggg.g.g..]], 
[[r.r.r.r.r.r.r..][.r.r.r.r.r.r.r.][r.r.r.r.r.r.rgg][.r.r.r.r.rbbggg][r.r.rbbbbbggg.g][.r.r.g.g.g.....][r.r.r.g.g.g....][.r.r.g.g.......][r.r.r.g.g.g....][.r.r.ggg.g.....][r.r.r.g.g.g....][.rbbbggg.g.ggg.][r.g.g.g.g.g....][.rgg.gg.g.g.g..][r.g.ggggg.g.g..]], 
[[r.r.r.r.r.r.r..][.r.r.r.r.r.r.r.][r.r.r.r.r.r.rbg][.r.r.r.r.rbbbgg][r.r.rbbbbbggg.g][.r.r.g.g.g.....][r.r.r.g.g.g....][.r.r.g.g.......][r.r.r.g.g.g....][.r.r.ggg.g.....][r.r.r.g.g.g....][.rbbbggg.g.ggg.][r.g.g.g.g.g....][.rgg.gg.g.g.g..][r.g.ggggg.g.g..]], 
[[r.r.r.r.r.r.r..][.r.r.r.r.r.r.rg][r.r.r.r.r.r.rb.][.r.r.r.r.rbbbgg][r.r.rbbbbbggg.g][.r.r.g.g.g.....][r.r.r.g.g.g....][.r.r.g.g.......][r.r.r.g.g.g....][.r.r.ggg.g.....][r.r.r.g.g.g....][.rbbbggg.g.ggg.][r.g.g.g.g.g....][.rgg.gg.g.g.g..][r.g.ggggg.g.g..]], 
[[r.r.r.r.r.r.r.g][.r.r.r.r.r.r.r.][r.r.r.r.r.r.rb.][.r.r.r.r.rbbbgg][r.r.rbbbbbggg.g][.r.r.g.g.g.....][r.r.r.g.g.g....][.r.r.g.g.......][r.r.r.g.g.g....][.r.r.ggg.g.....][r.r.r.g.g.g....][.rbbbggg.g.ggg.][r.g.g.g.g.g....][.rgg.gg.g.g.g..][r.g.ggggg.g.g..]], 
[[r.r.r.r.r.r.r.r][.r.r.r.r.r.r.r.][r.r.r.r.r.r.r.g][.r.r.r.r.rbbbgg][r.r.rbbbbbggg.g][.r.r.g.g.g.....][r.r.r.g.g.g....][.r.r.g.g.......][r.r.r.g.g.g....][.r.r.ggg.g.....][r.r.r.g.g.g....][.rbbbggg.g.ggg.][r.g.g.g.g.g....][.rgg.gg.g.g.g..][r.g.ggggg.g.g..]], 
[[r.r.r.r.r.r.r.r][.r.r.r.r.r.r.r.][r.r.r.r.r.r.r.r][.r.r.r.r.rbbbbg][r.r.rbbbbbggg.g][.r.r.g.g.g.....][r.r.r.g.g.g....][.r.r.g.g.......][r.r.r.g.g.g....][.r.r.ggg.g.....][r.r.r.g.g.g....][.rbbbggg.g.ggg.][r.g.g.g.g.g....][.rgg.gg.g.g.g..][r.g.ggggg.g.g..]], 
[[r.r.r.r.r.r.r.r][.r.r.r.r.r.r.r.][r.r.r.r.r.r.r.r][.r.r.r.r.rbbbbb][r.r.rbbbbbggg.g][.r.r.g.g.g.....][r.r.r.g.g.g....][.r.r.g.g.......][r.r.r.g.g.g....][.r.r.ggg.g.....][r.r.r.g.g.g....][.rbbbggg.g.ggg.][r.g.g.g.g.g....][.rgg.gg.g.g.g..][r.g.ggggg.g.g..]], 
[[r.r.r.r.r.r.r.r][.r.r.r.r.r.r.r.][r.r.r.r.r.r.r.r][.r.r.r.r.rbbbbb][r.r.rbbbbbggg..][.r.r.g.g.g....g][r.r.r.g.g.g....][.r.r.g.g.......][r.r.r.g.g.g....][.r.r.ggg.g.....][r.r.r.g.g.g....][.rbbbggg.g.ggg.][r.g.g.g.g.g....][.rgg.gg.g.g.g..][r.g.ggggg.g.g..]], 
[[r.r.r.r.r.r.r.r][.r.r.r.r.r.r.r.][r.r.r.r.r.r.r.r][.r.r.r.r.rbbbb.][r.r.rbbbbbggg.g][.r.r.g.g.g...g.][r.r.r.g.g.g....][.r.r.g.g.......][r.r.r.g.g.g....][.r.r.ggg.g.....][r.r.r.g.g.g....][.rbbbggg.g.ggg.][r.g.g.g.g.g....][.rgg.gg.g.g.g..][r.g.ggggg.g.g..]], 
[[r.r.r.r.r.r.r.r][.r.r.r.r.r.r.r.][r.r.r.r.r.r.r.r][.r.r.r.r.rbbb.g][r.r.rbbbbbggg.g][.r.r.g.g.g..g..][r.r.r.g.g.g....][.r.r.g.g.......][r.r.r.g.g.g....][.r.r.ggg.g.....][r.r.r.g.g.g....][.rbbbggg.g.ggg.][r.g.g.g.g.g....][.rgg.gg.g.g.g..][r.g.ggggg.g.g..]], 
[[r.r.r.r.r.r.r.r][.r.r.r.r.r.r.r.][r.r.r.r.r.r.r.r][.r.r.r.r.rbb.gg][r.r.rbbbbbggg.g][.r.r.g.g.g.g...][r.r.r.g.g.g....][.r.r.g.g.......][r.r.r.g.g.g....][.r.r.ggg.g.....][r.r.r.g.g.g....][.rbbbggg.g.ggg.][r.g.g.g.g.g....][.rgg.gg.g.g.g..][r.g.ggggg.g.g..]], 
[[r.r.r.r.r.r.r.r][.r.r.r.r.r.r.r.][r.r.r.r.r.r.r.r][.r.r.r.r.rb.ggg][r.r.rbbbbbggg.g][.r.r.g.g.g.g...][r.r.r.g.g.g....][.r.r.g.g.......][r.r.r.g.g.g....][.r.r.ggg.g.....][r.r.r.g.g.g....][.rbbbggg.g.ggg.][r.g.g.g.g.g....][.rgg.gg.g.g.g..][r.g.ggggg.g.g..]], 
[[r.r.r.r.r.r.r.r][.r.r.r.r.r.r.r.][r.r.r.r.r.r.r.r][.r.r.r.r.r.gggg][r.r.rbbbbbggg.g][.r.r.g.g.g.g...][r.r.r.g.g.g....][.r.r.g.g.......][r.r.r.g.g.g....][.r.r.ggg.g.....][r.r.r.g.g.g....][.rbbbggg.g.ggg.][r.g.g.g.g.g....][.rgg.gg.g.g.g..][r.g.ggggg.g.g..]], 
[[r.r.r.r.r.r.r.r][.r.r.r.r.r.r.r.][r.r.r.r.r.r.r.r][.r.r.r.r.r.rggg][r.r.rbbbbbbgg.g][.r.r.g.g.g.g...][r.r.r.g.g.g....][.r.r.g.g.......][r.r.r.g.g.g....][.r.r.ggg.g.....][r.r.r.g.g.g....][.rbbbggg.g.ggg.][r.g.g.g.g.g....][.rgg.gg.g.g.g..][r.g.ggggg.g.g..]], 
[[r.r.r.r.r.r.r.r][.r.r.r.r.r.r.r.][r.r.r.r.r.r.r.r][.r.r.r.r.r.rbgg][r.r.rbbbbbbbg.g][.r.r.g.g.g.g...][r.r.r.g.g.g....][.r.r.g.g.......][r.r.r.g.g.g....][.r.r.ggg.g.....][r.r.r.g.g.g....][.rbbbggg.g.ggg.][r.g.g.g.g.g....][.rgg.gg.g.g.g..][r.g.ggggg.g.g..]], 
[[r.r.r.r.r.r.r.r][.r.r.r.r.r.r.r.][r.r.r.r.r.r.r.r][.r.r.r.r.r.rbbg][r.r.rbbbbbbb.gg][.r.r.g.g.g.g...][r.r.r.g.g.g....][.r.r.g.g.......][r.r.r.g.g.g....][.r.r.ggg.g.....][r.r.r.g.g.g....][.rbbbggg.g.ggg.][r.g.g.g.g.g....][.rgg.gg.g.g.g..][r.g.ggggg.g.g..]], 
[[r.r.r.r.r.r.r.r][.r.r.r.r.r.r.r.][r.r.r.r.r.r.r.r][.r.r.r.r.r.rbbb][r.r.rbbbbbb.ggg][.r.r.g.g.g.g...][r.r.r.g.g.g....][.r.r.g.g.......][r.r.r.g.g.g....][.r.r.ggg.g.....][r.r.r.g.g.g....][.rbbbggg.g.ggg.][r.g.g.g.g.g....][.rgg.gg.g.g.g..][r.g.ggggg.g.g..]], 
[[r.r.r.r.r.r.r.r][.r.r.r.r.r.r.r.][r.r.r.r.r.r.r.r][.r.r.r.r.r.rbbb][r.r.rbbbbb.ggg.][.r.r.g.g.g.g..g][r.r.r.g.g.g....][.r.r.g.g.......][r.r.r.g.g.g....][.r.r.ggg.g.....][r.r.r.g.g.g....][.rbbbggg.g.ggg.][r.g.g.g.g.g....][.rgg.gg.g.g.g..][r.g.ggggg.g.g..]], 
[[r.r.r.r.r.r.r.r][.r.r.r.r.r.r.r.][r.r.r.r.r.r.r.r][.r.r.r.r.r.rbb.][r.r.rbbbb.ggggg][.r.r.g.g.g.g.g.][r.r.r.g.g.g....][.r.r.g.g.......][r.r.r.g.g.g....][.r.r.ggg.g.....][r.r.r.g.g.g....][.rbbbggg.g.ggg.][r.g.g.g.g.g....][.rgg.gg.g.g.g..][r.g.ggggg.g.g..]], 
[[r.r.r.r.r.r.r.r][.r.r.r.r.r.r.r.][r.r.r.r.r.r.r.r][.r.r.r.r.r.rb.g][r.r.rbbb.gggggg][.r.r.g.g.g.g.g.][r.r.r.g.g.g....][.r.r.g.g.......][r.r.r.g.g.g....][.r.r.ggg.g.....][r.r.r.g.g.g....][.rbbbggg.g.ggg.][r.g.g.g.g.g....][.rgg.gg.g.g.g..][r.g.ggggg.g.g..]], 
[[r.r.r.r.r.r.r.r][.r.r.r.r.r.r.r.][r.r.r.r.r.r.r.r][.r.r.r.r.r.r.gg][r.r.rbb.ggggggg][.r.r.g.g.g.g.g.][r.r.r.g.g.g....][.r.r.g.g.......][r.r.r.g.g.g....][.r.r.ggg.g.....][r.r.r.g.g.g....][.rbbbggg.g.ggg.][r.g.g.g.g.g....][.rgg.gg.g.g.g..][r.g.ggggg.g.g..]], 
[[r.r.r.r.r.r.r.r][.r.r.r.r.r.r.r.][r.r.r.r.r.r.r.r][.r.r.r.r.r.r.rg][r.r.rb.gggggggg][.r.r.g.g.g.g.g.][r.r.r.g.g.g....][.r.r.g.g.......][r.r.r.g.g.g....][.r.r.ggg.g.....][r.r.r.g.g.g....][.rbbbggg.g.ggg.][r.g.g.g.g.g....][.rgg.gg.g.g.g..][r.g.ggggg.g.g..]], 
[[r.r.r.r.r.r.r.r][.r.r.r.r.r.r.r.][r.r.r.r.r.r.r.r][.r.r.r.r.r.r.rb][r.r.r.ggggggggg][.r.r.g.g.g.g.g.][r.r.r.g.g.g....][.r.r.g.g.......][r.r.r.g.g.g....][.r.r.ggg.g.....][r.r.r.g.g.g....][.rbbbggg.g.ggg.][r.g.g.g.g.g....][.rgg.gg.g.g.g..][r.g.ggggg.g.g..]], 
[[r.r.r.r.r.r.r.r][.r.r.r.r.r.r.r.][r.r.r.r.r.r.r.r][.r.r.r.r.r.r.rb][r.r.r.rggggggg.][.r.r.r.g.g.g.gg][r.r.r.g.g.g....][.r.r.g.g.......][r.r.r.g.g.g....][.r.r.ggg.g.....][r.r.r.g.g.g....][.rbbbggg.g.ggg.][r.g.g.g.g.g....][.rgg.gg.g.g.g..][r.g.ggggg.g.g..]], 
[[r.r.r.r.r.r.r.r][.r.r.r.r.r.r.r.][r.r.r.r.r.r.r.r][.r.r.r.r.r.r.r.][r.r.r.rbggggggg][.r.r.r.g.g.g.gg][r.r.r.r.g.g....][.r.r.r.g.......][r.r.r.g.g.g....][.r.r.ggg.g.....][r.r.r.g.g.g....][.rbbbggg.g.ggg.][r.g.g.g.g.g....][.rgg.gg.g.g.g..][r.g.ggggg.g.g..]], 
[[r.r.r.r.r.r.r.r][.r.r.r.r.r.r.r.][r.r.r.r.r.r.r.r][.r.r.r.r.r.r.r.][r.r.r.rbbgggggg][.r.r.r.g.g.g.gg][r.r.r.r.g.g....][.r.r.r.g.......][r.r.r.r.g.g....][.r.r.rgg.g.....][r.r.r.g.g.g....][.rbbbggg.g.ggg.][r.g.g.g.g.g....][.rgg.gg.g.g.g..][r.g.ggggg.g.g..]], 
[[r.r.r.r.r.r.r.r][.r.r.r.r.r.r.r.][r.r.r.r.r.r.r.r][.r.r.r.r.r.r.r.][r.r.r.rbbbggggg][.r.r.r.g.g.g.gg][r.r.r.r.g.g....][.r.r.r.g.......][r.r.r.r.g.g....][.r.r.rbg.g.....][r.r.r.g.g.g....][.rbbbbgg.g.ggg.][r.g.g.g.g.g....][.rgg.gg.g.g.g..][r.g.ggggg.g.g..]], 
[[r.r.r.r.r.r.r.r][.r.r.r.r.r.r.r.][r.r.r.r.r.r.r.r][.r.r.r.r.r.r.r.][r.r.r.rbbbbgggg][.r.r.r.g.g.g.gg][r.r.r.r.g.g....][.r.r.r.g.......][r.r.r.r.g.g....][.r.r.rb.gg.....][r.r.r.g.g.g....][.rbbbbgg.g.ggg.][r.g.g.g.g.g....][.rgg.gg.g.g.g..][r.g.ggggg.g.g..]], 
[[r.r.r.r.r.r.r.r][.r.r.r.r.r.r.r.][r.r.r.r.r.r.r.r][.r.r.r.r.r.r.r.][r.r.r.rbbbbbggg][.r.r.r.g.g.g.gg][r.r.r.r.g.g....][.r.r.r.g.......][r.r.r.r.g.g....][.r.r.r.ggg.....][r.r.r.g.g.g....][.rbbbbgg.g.ggg.][r.g.g.g.g.g....][.rgg.gg.g.g.g..][r.g.ggggg.g.g..]], 
[[r.r.r.r.r.r.r.r][.r.r.r.r.r.r.r.][r.r.r.r.r.r.r.r][.r.r.r.r.r.r.r.][r.r.r.rbbbbbbgg][.r.r.r.g.g.g.gg][r.r.r.r.g.g....][.r.r.r.g.......][r.r.r.r.g.g....][.r.r.r.ggg.....][r.r.r.r.g.g....][.rbbbbgg.g.ggg.][r.g.g.g.g.g....][.rgg.gg.g.g.g..][r.g.ggggg.g.g..]], 
[[r.r.r.r.r.r.r.r][.r.r.r.r.r.r.r.][r.r.r.r.r.r.r.r][.r.r.r.r.r.r.r.][r.r.r.rbbbbbbbg][.r.r.r.g.g.g.gg][r.r.r.r.g.g....][.r.r.r.g.......][r.r.r.r.g.g....][.r.r.r.ggg.....][r.r.r.r.g.g....][.rbbbbbg.g.ggg.][r.g.g.g.g.g....][.rgg.gg.g.g.g..][r.g.ggggg.g.g..]], 
[[r.r.r.r.r.r.r.r][.r.r.r.r.r.r.r.][r.r.r.r.r.r.r.r][.r.r.r.r.r.r.r.][r.r.r.rbbbbbbbb][.r.r.r.g.g.g.gg][r.r.r.r.g.g....][.r.r.r.g.......][r.r.r.r.g.g....][.r.r.r.ggg.....][r.r.r.r.g.g....][.rbbbbb.gg.ggg.][r.g.g.g.g.g....][.rgg.gg.g.g.g..][r.g.ggggg.g.g..]], 
[[r.r.r.r.r.r.r.r][.r.r.r.r.r.r.r.][r.r.r.r.r.r.r.r][.r.r.r.r.r.r.r.][r.r.r.rbbbbbbbb][.r.r.r.g.g.g.g.][r.r.r.r.g.g...g][.r.r.r.g.......][r.r.r.r.g.g....][.r.r.r.ggg.....][r.r.r.r.g.g....][.rbbbb.ggg.ggg.][r.g.g.g.g.g....][.rgg.gg.g.g.g..][r.g.ggggg.g.g..]], 
[[r.r.r.r.r.r.r.r][.r.r.r.r.r.r.r.][r.r.r.r.r.r.r.r][.r.r.r.r.r.r.r.][r.r.r.rbbbbbbb.][.r.r.r.g.g.g.gg][r.r.r.r.g.g..g.][.r.r.r.g.......][r.r.r.r.g.g....][.r.r.r.ggg.....][r.r.r.r.g.g....][.rbbb.gggg.ggg.][r.g.g.g.g.g....][.rgg.gg.g.g.g..][r.g.ggggg.g.g..]], 
[[r.r.r.r.r.r.r.r][.r.r.r.r.r.r.r.][r.r.r.r.r.r.r.r][.r.r.r.r.r.r.r.][r.r.r.rbbbbbb.g][.r.r.r.g.g.g.gg][r.r.r.r.g.g.g..][.r.r.r.g.......][r.r.r.r.g.g....][.r.r.r.ggg.....][r.r.r.r.g.g....][.rbb.ggggg.ggg.][r.g.g.g.g.g....][.rgg.gg.g.g.g..][r.g.ggggg.g.g..]], 
[[r.r.r.r.r.r.r.r][.r.r.r.r.r.r.r.][r.r.r.r.r.r.r.r][.r.r.r.r.r.r.r.][r.r.r.rbbbbb.gg][.r.r.r.g.g.g.gg][r.r.r.r.g.g.g..][.r.r.r.g.......][r.r.r.r.g.g....][.r.r.r.ggg.....][r.r.r.r.g.g....][.rb.gggggg.ggg.][r.g.g.g.g.g....][.rgg.gg.g.g.g..][r.g.ggggg.g.g..]], 
[[r.r.r.r.r.r.r.r][.r.r.r.r.r.r.r.][r.r.r.r.r.r.r.r][.r.r.r.r.r.r.r.][r.r.r.rbbbb.ggg][.r.r.r.g.g.g.gg][r.r.r.r.g.g.g..][.r.r.r.g.......][r.r.r.r.g.g....][.r.r.r.ggg.....][r.r.r.r.g.g....][.r.ggggggg.ggg.][r.g.g.g.g.g....][.rgg.gg.g.g.g..][r.g.ggggg.g.g..]], 
[[r.r.r.r.r.r.r.r][.r.r.r.r.r.r.r.][r.r.r.r.r.r.r.r][.r.r.r.r.r.r.r.][r.r.r.rbbb.gggg][.r.r.r.g.g.g.gg][r.r.r.r.g.g.g..][.r.r.r.g.......][r.r.r.r.g.g....][.r.r.r.ggg.....][r.r.r.r.g.g....][.r.rgggggg.ggg.][r.r.g.g.g.g....][.rgg.gg.g.g.g..][r.g.ggggg.g.g..]], 
[[r.r.r.r.r.r.r.r][.r.r.r.r.r.r.r.][r.r.r.r.r.r.r.r][.r.r.r.r.r.r.r.][r.r.r.rbb.ggggg][.r.r.r.g.g.g.gg][r.r.r.r.g.g.g..][.r.r.r.g.......][r.r.r.r.g.g....][.r.r.r.ggg.....][r.r.r.r.g.g....][.r.rbggggg.ggg.][r.r.g.g.g.g....][.rbg.gg.g.g.g..][r.g.ggggg.g.g..]], 
[[r.r.r.r.r.r.r.r][.r.r.r.r.r.r.r.][r.r.r.r.r.r.r.r][.r.r.r.r.r.r.r.][r.r.r.rb.gggggg][.r.r.r.g.g.g.gg][r.r.r.r.g.g.g..][.r.r.r.g.......][r.r.r.r.g.g....][.r.r.r.ggg.....][r.r.r.r.g.g....][.r.rbbgggg.ggg.][r.r.g.g.g.g....][.rb.ggg.g.g.g..][r.g.ggggg.g.g..]], 
[[r.r.r.r.r.r.r.r][.r.r.r.r.r.r.r.][r.r.r.r.r.r.r.r][.r.r.r.r.r.r.r.][r.r.r.r.ggggggg][.r.r.r.g.g.g.gg][r.r.r.r.g.g.g..][.r.r.r.g.......][r.r.r.r.g.g....][.r.r.r.ggg.....][r.r.r.r.g.g....][.r.rbbbggg.ggg.][r.r.g.g.g.g....][.r.gggg.g.g.g..][r.g.ggggg.g.g..]], 
[[r.r.r.r.r.r.r.r][.r.r.r.r.r.r.r.][r.r.r.r.r.r.r.r][.r.r.r.r.r.r.r.][r.r.r.r.rgggggg][.r.r.r.r.g.g.gg][r.r.r.r.g.g.g..][.r.r.r.g.......][r.r.r.r.g.g....][.r.r.r.ggg.....][r.r.r.r.g.g....][.r.rbbbggg.ggg.][r.r.g.g.g.g....][.r.rggg.g.g.g..][r.r.ggggg.g.g..]], 
[[r.r.r.r.r.r.r.r][.r.r.r.r.r.r.r.][r.r.r.r.r.r.r.r][.r.r.r.r.r.r.r.][r.r.r.r.rbggggg][.r.r.r.r.g.g.gg][r.r.r.r.r.g.g..][.r.r.r.r.......][r.r.r.r.g.g....][.r.r.r.ggg.....][r.r.r.r.g.g....][.r.rbbbggg.ggg.][r.r.g.g.g.g....][.r.rggg.g.g.g..][r.r.ggggg.g.g..]], 
[[r.r.r.r.r.r.r.r][.r.r.r.r.r.r.r.][r.r.r.r.r.r.r.r][.r.r.r.r.r.r.r.][r.r.r.r.rbbgggg][.r.r.r.r.g.g.gg][r.r.r.r.r.g.g..][.r.r.r.r.......][r.r.r.r.r.g....][.r.r.r.rgg.....][r.r.r.r.g.g....][.r.rbbbggg.ggg.][r.r.g.g.g.g....][.r.rggg.g.g.g..][r.r.ggggg.g.g..]], 
[[r.r.r.r.r.r.r.r][.r.r.r.r.r.r.r.][r.r.r.r.r.r.r.r][.r.r.r.r.r.r.r.][r.r.r.r.rbbbggg][.r.r.r.r.g.g.gg][r.r.r.r.r.g.g..][.r.r.r.r.......][r.r.r.r.rg.....][.r.r.r.rbg.....][r.r.r.r.g.g....][.r.rbbbbgg.ggg.][r.r.g.g.g.g....][.r.rggg.g.g.g..][r.r.ggggg.g.g..]], 
[[r.r.r.r.r.r.r.r][.r.r.r.r.r.r.r.][r.r.r.r.r.r.r.r][.r.r.r.r.r.r.r.][r.r.r.r.rbbbbgg][.r.r.r.r.g.g.gg][r.r.r.r.r.g.g..][.r.r.r.r.g.....][r.r.r.r.r......][.r.r.r.rb.g....][r.r.r.r.g.g....][.r.rbbbbgg.ggg.][r.r.g.g.g.g....][.r.rggg.g.g.g..][r.r.ggggg.g.g..]], 
[[r.r.r.r.r.r.r.r][.r.r.r.r.r.r.r.][r.r.r.r.r.r.r.r][.r.r.r.r.r.r.r.][r.r.r.r.rbbbbbg][.r.r.r.r.g.g.gg][r.r.r.r.r.g.g..][.r.r.r.r.g.....][r.r.r.r.r......][.r.r.r.r.gg....][r.r.r.r.g.g....][.r.rbbbbgg.ggg.][r.r.g.g.g.g....][.r.rggg.g.g.g..][r.r.ggggg.g.g..]], 
[[r.r.r.r.r.r.r.r][.r.r.r.r.r.r.r.][r.r.r.r.r.r.r.r][.r.r.r.r.r.r.r.][r.r.r.r.rbbbbbb][.r.r.r.r.g.g.gg][r.r.r.r.r.g.g..][.r.r.r.r.g.....][r.r.r.r.r......][.r.r.r.r.gg....][r.r.r.r.r.g....][.r.rbbbbgg.ggg.][r.r.g.g.g.g....][.r.rggg.g.g.g..][r.r.ggggg.g.g..]], 
[[r.r.r.r.r.r.r.r][.r.r.r.r.r.r.r.][r.r.r.r.r.r.r.r][.r.r.r.r.r.r.r.][r.r.r.r.rbbbbbb][.r.r.r.r.g.g.g.][r.r.r.r.r.g.g.g][.r.r.r.r.g.....][r.r.r.r.r......][.r.r.r.r.gg....][r.r.r.r.r.g....][.r.rbbbbbg.ggg.][r.r.g.g.g.g....][.r.rggg.g.g.g..][r.r.ggggg.g.g..]], 
[[r.r.r.r.r.r.r.r][.r.r.r.r.r.r.r.][r.r.r.r.r.r.r.r][.r.r.r.r.r.r.r.][r.r.r.r.rbbbbb.][.r.r.r.r.g.g.gg][r.r.r.r.r.g.g.g][.r.r.r.r.g.....][r.r.r.r.r......][.r.r.r.r.gg....][r.r.r.r.r.g....][.r.rbbbbb.gggg.][r.r.g.g.g.g....][.r.rggg.g.g.g..][r.r.ggggg.g.g..]], 
[[r.r.r.r.r.r.r.r][.r.r.r.r.r.r.r.][r.r.r.r.r.r.r.r][.r.r.r.r.r.r.r.][r.r.r.r.rbbbb.g][.r.r.r.r.g.g.gg][r.r.r.r.r.g.g.g][.r.r.r.r.g.....][r.r.r.r.r......][.r.r.r.r.gg....][r.r.r.r.r.g....][.r.rbbbb.ggggg.][r.r.g.g.g.g....][.r.rggg.g.g.g..][r.r.ggggg.g.g..]], 
[[r.r.r.r.r.r.r.r][.r.r.r.r.r.r.r.][r.r.r.r.r.r.r.r][.r.r.r.r.r.r.r.][r.r.r.r.rbbb.gg][.r.r.r.r.g.g.gg][r.r.r.r.r.g.g.g][.r.r.r.r.g.....][r.r.r.r.r......][.r.r.r.r.gg....][r.r.r.r.r.g....][.r.rbbb.gggggg.][r.r.g.g.g.g....][.r.rggg.g.g.g..][r.r.ggggg.g.g..]], 
[[r.r.r.r.r.r.r.r][.r.r.r.r.r.r.r.][r.r.r.r.r.r.r.r][.r.r.r.r.r.r.r.][r.r.r.r.rbb.ggg][.r.r.r.r.g.g.gg][r.r.r.r.r.g.g.g][.r.r.r.r.g.....][r.r.r.r.r......][.r.r.r.r.gg....][r.r.r.r.r.g....][.r.rbb.ggggggg.][r.r.g.g.g.g....][.r.rggg.g.g.g..][r.r.ggggg.g.g..]], 
[[r.r.r.r.r.r.r.r][.r.r.r.r.r.r.r.][r.r.r.r.r.r.r.r][.r.r.r.r.r.r.r.][r.r.r.r.rb.gggg][.r.r.r.r.g.g.gg][r.r.r.r.r.g.g.g][.r.r.r.r.g.....][r.r.r.r.r......][.r.r.r.r.gg....][r.r.r.r.r.g....][.r.rb.gggggggg.][r.r.g.g.g.g....][.r.rggg.g.g.g..][r.r.ggggg.g.g..]], 
[[r.r.r.r.r.r.r.r][.r.r.r.r.r.r.r.][r.r.r.r.r.r.r.r][.r.r.r.r.r.r.r.][r.r.r.r.r.ggggg][.r.r.r.r.g.g.gg][r.r.r.r.r.g.g.g][.r.r.r.r.g.....][r.r.r.r.r......][.r.r.r.r.gg....][r.r.r.r.r.g....][.r.r.ggggggggg.][r.r.g.g.g.g....][.r.rggg.g.g.g..][r.r.ggggg.g.g..]], 
[[r.r.r.r.r.r.r.r][.r.r.r.r.r.r.r.][r.r.r.r.r.r.r.r][.r.r.r.r.r.r.r.][r.r.r.r.r.rgggg][.r.r.r.r.r.g.gg][r.r.r.r.r.g.g.g][.r.r.r.r.g.....][r.r.r.r.r......][.r.r.r.r.gg....][r.r.r.r.r.g....][.r.r.rgggggggg.][r.r.r.g.g.g....][.r.rggg.g.g.g..][r.r.ggggg.g.g..]], 
[[r.r.r.r.r.r.r.r][.r.r.r.r.r.r.r.][r.r.r.r.r.r.r.r][.r.r.r.r.r.r.r.][r.r.r.r.r.rbggg][.r.r.r.r.r.g.gg][r.r.r.r.r.r.g.g][.r.r.r.r.r.....][r.r.r.r.r......][.r.r.r.r.gg....][r.r.r.r.r.g....][.r.r.rbggggggg.][r.r.r.g.g.g....][.r.rbgg.g.g.g..][r.r.ggggg.g.g..]], 
[[r.r.r.r.r.r.r.r][.r.r.r.r.r.r.r.][r.r.r.r.r.r.r.r][.r.r.r.r.r.r.r.][r.r.r.r.r.rbbgg][.r.r.r.r.r.g.gg][r.r.r.r.r.r.g.g][.r.r.r.r.r.....][r.r.r.r.r......][.r.r.r.r.rg....][r.r.r.r.r.g....][.r.r.rbbgggggg.][r.r.r.g.g.g....][.r.rbbg.g.g.g..][r.r.ggggg.g.g..]], 
[[r.r.r.r.r.r.r.r][.r.r.r.r.r.r.r.][r.r.r.r.r.r.r.r][.r.r.r.r.r.r.r.][r.r.r.r.r.rbbbg][.r.r.r.r.r.g.gg][r.r.r.r.r.r.g.g][.r.r.r.r.r.....][r.r.r.r.r.g....][.r.r.r.r.r.....][r.r.r.r.r.g....][.r.r.rbbbggggg.][r.r.r.g.g.g....][.r.rbb.gg.g.g..][r.r.ggggg.g.g..]], 
[[r.r.r.r.r.r.r.r][.r.r.r.r.r.r.r.][r.r.r.r.r.r.r.r][.r.r.r.r.r.r.r.][r.r.r.r.r.rbbbb][.r.r.r.r.r.g.gg][r.r.r.r.r.r.g.g][.r.r.r.r.r.....][r.r.r.r.r.r....][.r.r.r.r.r.....][r.r.r.r.r.g....][.r.r.rbbbbgggg.][r.r.r.g.g.g....][.r.rb.ggg.g.g..][r.r.ggggg.g.g..]], 
[[r.r.r.r.r.r.r.r][.r.r.r.r.r.r.r.][r.r.r.r.r.r.r.r][.r.r.r.r.r.r.r.][r.r.r.r.r.rbbbb][.r.r.r.r.r.g.gb][r.r.r.r.r.r.g.g][.r.r.r.r.r.....][r.r.r.r.r.r....][.r.r.r.r.r.....][r.r.r.r.r.r....][.r.r.rbbbbgggg.][r.r.r.g.g.g....][.r.r.gggg.g.g..][r.r.ggggg.g.g..]], 
[[r.r.r.r.r.r.r.r][.r.r.r.r.r.r.r.][r.r.r.r.r.r.r.r][.r.r.r.r.r.r.r.][r.r.r.r.r.rbbbb][.r.r.r.r.r.g.gb][r.r.r.r.r.r.g..][.r.r.r.r.r....g][r.r.r.r.r.r....][.r.r.r.r.r.....][r.r.r.r.r.r....][.r.r.rbbbbbggg.][r.r.r.g.g.g....][.r.r.rggg.g.g..][r.r.rgggg.g.g..]], 
[[r.r.r.r.r.r.r.r][.r.r.r.r.r.r.r.][r.r.r.r.r.r.r.r][.r.r.r.r.r.r.r.][r.r.r.r.r.rbbbb][.r.r.r.r.r.g.g.][r.r.r.r.r.r.g.g][.r.r.r.r.r...g.][r.r.r.r.r.r....][.r.r.r.r.r.....][r.r.r.r.r.rg...][.r.r.rbbbbb.gg.][r.r.r.g.g.g....][.r.r.rggg.g.g..][r.r.rbggg.g.g..]], 
[[r.r.r.r.r.r.r.r][.r.r.r.r.r.r.r.][r.r.r.r.r.r.r.r][.r.r.r.r.r.r.r.][r.r.r.r.r.rbbb.][.r.r.r.r.r.g.gg][r.r.r.r.r.r.g.g][.r.r.r.r.r..g..][r.r.r.r.r.r....][.r.r.r.r.r.g...][r.r.r.r.r.r....][.r.r.rbbbb.ggg.][r.r.r.g.g.g....][.r.r.rggg.g.g..][r.r.rbggg.g.g..]], 
[[r.r.r.r.r.r.r.r][.r.r.r.r.r.r.r.][r.r.r.r.r.r.r.r][.r.r.r.r.r.r.r.][r.r.r.r.r.rbb.g][.r.r.r.r.r.g.gg][r.r.r.r.r.r.g.g][.r.r.r.r.r.g...][r.r.r.r.r.rg...][.r.r.r.r.r.....][r.r.r.r.r.r....][.r.r.rbbb.gggg.][r.r.r.g.g.g....][.r.r.rggg.g.g..][r.r.rbggg.g.g..]], 
[[r.r.r.r.r.r.r.r][.r.r.r.r.r.r.r.][r.r.r.r.r.r.r.r][.r.r.r.r.r.r.r.][r.r.r.r.r.rb.gg][.r.r.r.r.r.g.gg][r.r.r.r.r.r.g.g][.r.r.r.r.r.g...][r.r.r.r.r.rg...][.r.r.r.r.r.....][r.r.r.r.r.r....][.r.r.rbb.ggggg.][r.r.r.g.g.g....][.r.r.rggg.g.g..][r.r.rbggg.g.g..]], 
[[r.r.r.r.r.r.r.r][.r.r.r.r.r.r.r.][r.r.r.r.r.r.r.r][.r.r.r.r.r.r.r.][r.r.r.r.r.r.ggg][.r.r.r.r.r.g.gg][r.r.r.r.r.r.g.g][.r.r.r.r.r.g...][r.r.r.r.r.rg...][.r.r.r.r.r.....][r.r.r.r.r.r....][.r.r.rb.gggggg.][r.r.r.g.g.g....][.r.r.rggg.g.g..][r.r.rbggg.g.g..]], 
[[r.r.r.r.r.r.r.r][.r.r.r.r.r.r.r.][r.r.r.r.r.r.r.r][.r.r.r.r.r.r.r.][r.r.r.r.r.r.rgg][.r.r.r.r.r.r.gg][r.r.r.r.r.r.g.g][.r.r.r.r.r.g...][r.r.r.r.r.rg...][.r.r.r.r.r.....][r.r.r.r.r.r....][.r.r.r.ggggggg.][r.r.r.g.g.g....][.r.r.rggg.g.g..][r.r.rbggg.g.g..]], 
[[r.r.r.r.r.r.r.r][.r.r.r.r.r.r.r.][r.r.r.r.r.r.r.r][.r.r.r.r.r.r.r.][r.r.r.r.r.r.rbg][.r.r.r.r.r.r.gg][r.r.r.r.r.r.r.g][.r.r.r.r.r.r...][r.r.r.r.r.rg...][.r.r.r.r.r.....][r.r.r.r.r.r....][.r.r.r.rgggggg.][r.r.r.r.g.g....][.r.r.rggg.g.g..][r.r.rbggg.g.g..]], 
[[r.r.r.r.r.r.r.r][.r.r.r.r.r.r.r.][r.r.r.r.r.r.r.r][.r.r.r.r.r.r.r.][r.r.r.r.r.r.rbb][.r.r.r.r.r.r.gg][r.r.r.r.r.r.r.g][.r.r.r.r.r.r...][r.r.r.r.r.r.g..][.r.r.r.r.r.....][r.r.r.r.r.r....][.r.r.r.rbggggg.][r.r.r.r.g.g....][.r.r.rbgg.g.g..][r.r.rbggg.g.g..]], 
[[r.r.r.r.r.r.r.r][.r.r.r.r.r.r.r.][r.r.r.r.r.r.r.r][.r.r.r.r.r.r.r.][r.r.r.r.r.r.rbb][.r.r.r.r.r.r.gb][r.r.r.r.r.r.r.g][.r.r.r.r.r.r...][r.r.r.r.r.r.r..][.r.r.r.r.r.....][r.r.r.r.r.r....][.r.r.r.rbbgggg.][r.r.r.r.g.g....][.r.r.rbbg.g.g..][r.r.rbggg.g.g..]], 
[[r.r.r.r.r.r.r.r][.r.r.r.r.r.r.r.][r.r.r.r.r.r.r.r][.r.r.r.r.r.r.r.][r.r.r.r.r.r.rbb][.r.r.r.r.r.r.gb][r.r.r.r.r.r.r..][.r.r.r.r.r.r..g][r.r.r.r.r.r.r..][.r.r.r.r.r.....][r.r.r.r.r.r....][.r.r.r.rbbbggg.][r.r.r.r.g.g....][.r.r.rbb.gg.g..][r.r.rbggg.g.g..]], 
[[r.r.r.r.r.r.r.r][.r.r.r.r.r.r.r.][r.r.r.r.r.r.r.r][.r.r.r.r.r.r.r.][r.r.r.r.r.r.rbb][.r.r.r.r.r.r.g.][r.r.r.r.r.r.r.g][.r.r.r.r.r.r.g.][r.r.r.r.r.r.r..][.r.r.r.r.r.....][r.r.r.r.r.rg...][.r.r.r.rbbb.gg.][r.r.r.r.g.g....][.r.r.rb.ggg.g..][r.r.rbggg.g.g..]], 
[[r.r.r.r.r.r.r.r][.r.r.r.r.r.r.r.][r.r.r.r.r.r.r.r][.r.r.r.r.r.r.r.][r.r.r.r.r.r.rb.][.r.r.r.r.r.r.gg][r.r.r.r.r.r.r.g][.r.r.r.r.r.r.g.][r.r.r.r.r.r.r..][.r.r.r.r.r.g...][r.r.r.r.r.r....][.r.r.r.rbb.ggg.][r.r.r.r.g.g....][.r.r.r.gggg.g..][r.r.rbggg.g.g..]], 
[[r.r.r.r.r.r.r.r][.r.r.r.r.r.r.r.][r.r.r.r.r.r.r.r][.r.r.r.r.r.r.r.][r.r.r.r.r.r.r.g][.r.r.r.r.r.r.gg][r.r.r.r.r.r.r.g][.r.r.r.r.r.r.g.][r.r.r.r.r.r.r..][.r.r.r.r.r.r...][r.r.r.r.r.r....][.r.r.r.rb.gggg.][r.r.r.r.g.g....][.r.r.r.rggg.g..][r.r.rbbgg.g.g..]], 
[[r.r.r.r.r.r.r.r][.r.r.r.r.r.r.r.][r.r.r.r.r.r.r.r][.r.r.r.r.r.r.r.][r.r.r.r.r.r.r.r][.r.r.r.r.r.r.rg][r.r.r.r.r.r.r.g][.r.r.r.r.r.r.g.][r.r.r.r.r.r.r..][.r.r.r.r.r.r...][r.r.r.r.r.r....][.r.r.r.r.ggggg.][r.r.r.r.g.g....][.r.r.r.rggg.g..][r.r.rbbbg.g.g..]], 
[[r.r.r.r.r.r.r.r][.r.r.r.r.r.r.r.][r.r.r.r.r.r.r.r][.r.r.r.r.r.r.r.][r.r.r.r.r.r.r.r][.r.r.r.r.r.r.rb][r.r.r.r.r.r.r.g][.r.r.r.r.r.r.r.][r.r.r.r.r.r.r..][.r.r.r.r.r.r...][r.r.r.r.r.r....][.r.r.r.r.rgggg.][r.r.r.r.r.g....][.r.r.r.rggg.g..][r.r.rbbb.gg.g..]], 
[[r.r.r.r.r.r.r.r][.r.r.r.r.r.r.r.][r.r.r.r.r.r.r.r][.r.r.r.r.r.r.r.][r.r.r.r.r.r.r.r][.r.r.r.r.r.r.rb][r.r.r.r.r.r.r..][.r.r.r.r.r.r.rg][r.r.r.r.r.r.r..][.r.r.r.r.r.r...][r.r.r.r.r.r....][.r.r.r.r.rbggg.][r.r.r.r.r.g....][.r.r.r.rbgg.g..][r.r.rbb.ggg.g..]], 
[[r.r.r.r.r.r.r.r][.r.r.r.r.r.r.r.][r.r.r.r.r.r.r.r][.r.r.r.r.r.r.r.][r.r.r.r.r.r.r.r][.r.r.r.r.r.r.r.][r.r.r.r.r.r.r.g][.r.r.r.r.r.r.rg][r.r.r.r.r.r.r..][.r.r.r.r.r.r...][r.r.r.r.r.r....][.r.r.r.r.rbbgg.][r.r.r.r.r.g....][.r.r.r.rbbg.g..][r.r.rb.gggg.g..]], 
[[r.r.r.r.r.r.r.r][.r.r.r.r.r.r.r.][r.r.r.r.r.r.r.r][.r.r.r.r.r.r.r.][r.r.r.r.r.r.r.r][.r.r.r.r.r.r.r.][r.r.r.r.r.r.r.r][.r.r.r.r.r.r.rg][r.r.r.r.r.r.r..][.r.r.r.r.r.r...][r.r.r.r.r.r.g..][.r.r.r.r.rbb.g.][r.r.r.r.r.g....][.r.r.r.rbb.gg..][r.r.r.ggggg.g..]], 
[[r.r.r.r.r.r.r.r][.r.r.r.r.r.r.r.][r.r.r.r.r.r.r.r][.r.r.r.r.r.r.r.][r.r.r.r.r.r.r.r][.r.r.r.r.r.r.r.][r.r.r.r.r.r.r.r][.r.r.r.r.r.r.r.][r.r.r.r.r.r.r.g][.r.r.r.r.r.r...][r.r.r.r.r.r.r..][.r.r.r.r.rb.gg.][r.r.r.r.r.g....][.r.r.r.rb.ggg..][r.r.r.rgggg.g..]], 
[[r.r.r.r.r.r.r.r][.r.r.r.r.r.r.r.][r.r.r.r.r.r.r.r][.r.r.r.r.r.r.r.][r.r.r.r.r.r.r.r][.r.r.r.r.r.r.r.][r.r.r.r.r.r.r.r][.r.r.r.r.r.r.r.][r.r.r.r.r.r.r.r][.r.r.r.r.r.r...][r.r.r.r.r.r.r..][.r.r.r.r.r.ggg.][r.r.r.r.r.g....][.r.r.r.r.gggg..][r.r.r.rbggg.g..]], 
[[r.r.r.r.r.r.r.r][.r.r.r.r.r.r.r.][r.r.r.r.r.r.r.r][.r.r.r.r.r.r.r.][r.r.r.r.r.r.r.r][.r.r.r.r.r.r.r.][r.r.r.r.r.r.r.r][.r.r.r.r.r.r.r.][r.r.r.r.r.r.r.r][.r.r.r.r.r.r...][r.r.r.r.r.r.r..][.r.r.r.r.r.rgg.][r.r.r.r.r.r....][.r.r.r.r.rggg..][r.r.r.rbbgg.g..]], 
[[r.r.r.r.r.r.r.r][.r.r.r.r.r.r.r.][r.r.r.r.r.r.r.r][.r.r.r.r.r.r.r.][r.r.r.r.r.r.r.r][.r.r.r.r.r.r.r.][r.r.r.r.r.r.r.r][.r.r.r.r.r.r.r.][r.r.r.r.r.r.r.r][.r.r.r.r.r.r...][r.r.r.r.r.r.r..][.r.r.r.r.r.rbg.][r.r.r.r.r.r....][.r.r.r.r.rbgg..][r.r.r.rbbbg.g..]], 
[[r.r.r.r.r.r.r.r][.r.r.r.r.r.r.r.][r.r.r.r.r.r.r.r][.r.r.r.r.r.r.r.][r.r.r.r.r.r.r.r][.r.r.r.r.r.r.r.][r.r.r.r.r.r.r.r][.r.r.r.r.r.r.r.][r.r.r.r.r.r.r.r][.r.r.r.r.r.r...][r.r.r.r.r.r.r..][.r.r.r.r.r.rb.g][r.r.r.r.r.r....][.r.r.r.r.rbbg..][r.r.r.rbbb.gg..]], 
[[r.r.r.r.r.r.r.r][.r.r.r.r.r.r.r.][r.r.r.r.r.r.r.r][.r.r.r.r.r.r.r.][r.r.r.r.r.r.r.r][.r.r.r.r.r.r.r.][r.r.r.r.r.r.r.r][.r.r.r.r.r.r.r.][r.r.r.r.r.r.r.r][.r.r.r.r.r.r...][r.r.r.r.r.r.r..][.r.r.r.r.r.r.gg][r.r.r.r.r.r....][.r.r.r.r.rbb.g.][r.r.r.rbb.ggg..]], 
[[r.r.r.r.r.r.r.r][.r.r.r.r.r.r.r.][r.r.r.r.r.r.r.r][.r.r.r.r.r.r.r.][r.r.r.r.r.r.r.r][.r.r.r.r.r.r.r.][r.r.r.r.r.r.r.r][.r.r.r.r.r.r.r.][r.r.r.r.r.r.r.r][.r.r.r.r.r.r...][r.r.r.r.r.r.rg.][.r.r.r.r.r.r..g][r.r.r.r.r.r....][.r.r.r.r.rb.gg.][r.r.r.rb.gggg..]], 
[[r.r.r.r.r.r.r.r][.r.r.r.r.r.r.r.][r.r.r.r.r.r.r.r][.r.r.r.r.r.r.r.][r.r.r.r.r.r.r.r][.r.r.r.r.r.r.r.][r.r.r.r.r.r.r.r][.r.r.r.r.r.r.r.][r.r.r.r.r.r.r.r][.r.r.r.r.r.r.g.][r.r.r.r.r.r.r..][.r.r.r.r.r.r.g.][r.r.r.r.r.r....][.r.r.r.r.r.ggg.][r.r.r.r.ggggg..]], 
[[r.r.r.r.r.r.r.r][.r.r.r.r.r.r.r.][r.r.r.r.r.r.r.r][.r.r.r.r.r.r.r.][r.r.r.r.r.r.r.r][.r.r.r.r.r.r.r.][r.r.r.r.r.r.r.r][.r.r.r.r.r.r.r.][r.r.r.r.r.r.r.r][.r.r.r.r.r.r.r.][r.r.r.r.r.r.r..][.r.r.r.r.r.r.g.][r.r.r.r.r.r....][.r.r.r.r.r.rgg.][r.r.r.r.rgggg..]], 
[[r.r.r.r.r.r.r.r][.r.r.r.r.r.r.r.][r.r.r.r.r.r.r.r][.r.r.r.r.r.r.r.][r.r.r.r.r.r.r.r][.r.r.r.r.r.r.r.][r.r.r.r.r.r.r.r][.r.r.r.r.r.r.r.][r.r.r.r.r.r.r.r][.r.r.r.r.r.r.r.][r.r.r.r.r.r.r..][.r.r.r.r.r.r.r.][r.r.r.r.r.r.g..][.r.r.r.r.r.r.g.][r.r.r.r.rbggg..]], 
[[r.r.r.r.r.r.r.r][.r.r.r.r.r.r.r.][r.r.r.r.r.r.r.r][.r.r.r.r.r.r.r.][r.r.r.r.r.r.r.r][.r.r.r.r.r.r.r.][r.r.r.r.r.r.r.r][.r.r.r.r.r.r.r.][r.r.r.r.r.r.r.r][.r.r.r.r.r.r.r.][r.r.r.r.r.r.r..][.r.r.r.r.r.r.r.][r.r.r.r.r.r.r..][.r.r.r.r.r.r.g.][r.r.r.r.rbbgg..]], 
[[r.r.r.r.r.r.r.r][.r.r.r.r.r.r.r.][r.r.r.r.r.r.r.r][.r.r.r.r.r.r.r.][r.r.r.r.r.r.r.r][.r.r.r.r.r.r.r.][r.r.r.r.r.r.r.r][.r.r.r.r.r.r.r.][r.r.r.r.r.r.r.r][.r.r.r.r.r.r.r.][r.r.r.r.r.r.r..][.r.r.r.r.r.r.r.][r.r.r.r.r.r.r..][.r.r.r.r.r.r.r.][r.r.r.r.rbbbg..]], 
[[r.r.r.r.r.r.r.r][.r.r.r.r.r.r.r.][r.r.r.r.r.r.r.r][.r.r.r.r.r.r.r.][r.r.r.r.r.r.r.r][.r.r.r.r.r.r.r.][r.r.r.r.r.r.r.r][.r.r.r.r.r.r.r.][r.r.r.r.r.r.r.r][.r.r.r.r.r.r.r.][r.r.r.r.r.r.r..][.r.r.r.r.r.r.r.][r.r.r.r.r.r.r..][.r.r.r.r.r.r.r.][r.r.r.r.rbbb.g.]], 
[[r.r.r.r.r.r.r.r][.r.r.r.r.r.r.r.][r.r.r.r.r.r.r.r][.r.r.r.r.r.r.r.][r.r.r.r.r.r.r.r][.r.r.r.r.r.r.r.][r.r.r.r.r.r.r.r][.r.r.r.r.r.r.r.][r.r.r.r.r.r.r.r][.r.r.r.r.r.r.r.][r.r.r.r.r.r.r..][.r.r.r.r.r.r.r.][r.r.r.r.r.r.r..][.r.r.r.r.r.r.r.][r.r.r.r.rbb.gg.]], 
[[r.r.r.r.r.r.r.r][.r.r.r.r.r.r.r.][r.r.r.r.r.r.r.r][.r.r.r.r.r.r.r.][r.r.r.r.r.r.r.r][.r.r.r.r.r.r.r.][r.r.r.r.r.r.r.r][.r.r.r.r.r.r.r.][r.r.r.r.r.r.r.r][.r.r.r.r.r.r.r.][r.r.r.r.r.r.r..][.r.r.r.r.r.r.r.][r.r.r.r.r.r.r..][.r.r.r.r.r.r.r.][r.r.r.r.rb.ggg.]], 
[[r.r.r.r.r.r.r.r][.r.r.r.r.r.r.r.][r.r.r.r.r.r.r.r][.r.r.r.r.r.r.r.][r.r.r.r.r.r.r.r][.r.r.r.r.r.r.r.][r.r.r.r.r.r.r.r][.r.r.r.r.r.r.r.][r.r.r.r.r.r.r.r][.r.r.r.r.r.r.r.][r.r.r.r.r.r.r..][.r.r.r.r.r.r.r.][r.r.r.r.r.r.r..][.r.r.r.r.r.r.r.][r.r.r.r.r.gggg.]], 
[[r.r.r.r.r.r.r.r][.r.r.r.r.r.r.r.][r.r.r.r.r.r.r.r][.r.r.r.r.r.r.r.][r.r.r.r.r.r.r.r][.r.r.r.r.r.r.r.][r.r.r.r.r.r.r.r][.r.r.r.r.r.r.r.][r.r.r.r.r.r.r.r][.r.r.r.r.r.r.r.][r.r.r.r.r.r.r..][.r.r.r.r.r.r.r.][r.r.r.r.r.r.r..][.r.r.r.r.r.r.r.][r.r.r.r.r.rggg.]], 
[[r.r.r.r.r.r.r.r][.r.r.r.r.r.r.r.][r.r.r.r.r.r.r.r][.r.r.r.r.r.r.r.][r.r.r.r.r.r.r.r][.r.r.r.r.r.r.r.][r.r.r.r.r.r.r.r][.r.r.r.r.r.r.r.][r.r.r.r.r.r.r.r][.r.r.r.r.r.r.r.][r.r.r.r.r.r.r..][.r.r.r.r.r.r.r.][r.r.r.r.r.r.r..][.r.r.r.r.r.r.r.][r.r.r.r.r.rbgg.]], 
[[r.r.r.r.r.r.r.r][.r.r.r.r.r.r.r.][r.r.r.r.r.r.r.r][.r.r.r.r.r.r.r.][r.r.r.r.r.r.r.r][.r.r.r.r.r.r.r.][r.r.r.r.r.r.r.r][.r.r.r.r.r.r.r.][r.r.r.r.r.r.r.r][.r.r.r.r.r.r.r.][r.r.r.r.r.r.r..][.r.r.r.r.r.r.r.][r.r.r.r.r.r.r..][.r.r.r.r.r.r.r.][r.r.r.r.r.rbbg.]], 
[[r.r.r.r.r.r.r.r][.r.r.r.r.r.r.r.][r.r.r.r.r.r.r.r][.r.r.r.r.r.r.r.][r.r.r.r.r.r.r.r][.r.r.r.r.r.r.r.][r.r.r.r.r.r.r.r][.r.r.r.r.r.r.r.][r.r.r.r.r.r.r.r][.r.r.r.r.r.r.r.][r.r.r.r.r.r.r..][.r.r.r.r.r.r.r.][r.r.r.r.r.r.r..][.r.r.r.r.r.r.r.][r.r.r.r.r.rbb.g]], 
[[r.r.r.r.r.r.r.r][.r.r.r.r.r.r.r.][r.r.r.r.r.r.r.r][.r.r.r.r.r.r.r.][r.r.r.r.r.r.r.r][.r.r.r.r.r.r.r.][r.r.r.r.r.r.r.r][.r.r.r.r.r.r.r.][r.r.r.r.r.r.r.r][.r.r.r.r.r.r.r.][r.r.r.r.r.r.r..][.r.r.r.r.r.r.r.][r.r.r.r.r.r.r..][.r.r.r.r.r.r.r.][r.r.r.r.r.rb.gg]], 
[[r.r.r.r.r.r.r.r][.r.r.r.r.r.r.r.][r.r.r.r.r.r.r.r][.r.r.r.r.r.r.r.][r.r.r.r.r.r.r.r][.r.r.r.r.r.r.r.][r.r.r.r.r.r.r.r][.r.r.r.r.r.r.r.][r.r.r.r.r.r.r.r][.r.r.r.r.r.r.r.][r.r.r.r.r.r.r..][.r.r.r.r.r.r.r.][r.r.r.r.r.r.r..][.r.r.r.r.r.r.r.][r.r.r.r.r.r.ggg]], 
[[r.r.r.r.r.r.r.r][.r.r.r.r.r.r.r.][r.r.r.r.r.r.r.r][.r.r.r.r.r.r.r.][r.r.r.r.r.r.r.r][.r.r.r.r.r.r.r.][r.r.r.r.r.r.r.r][.r.r.r.r.r.r.r.][r.r.r.r.r.r.r.r][.r.r.r.r.r.r.r.][r.r.r.r.r.r.r..][.r.r.r.r.r.r.r.][r.r.r.r.r.r.r..][.r.r.r.r.r.r.r.][r.r.r.r.r.r.rgg]], 
[[r.r.r.r.r.r.r.r][.r.r.r.r.r.r.r.][r.r.r.r.r.r.r.r][.r.r.r.r.r.r.r.][r.r.r.r.r.r.r.r][.r.r.r.r.r.r.r.][r.r.r.r.r.r.r.r][.r.r.r.r.r.r.r.][r.r.r.r.r.r.r.r][.r.r.r.r.r.r.r.][r.r.r.r.r.r.r..][.r.r.r.r.r.r.r.][r.r.r.r.r.r.r..][.r.r.r.r.r.r.r.][r.r.r.r.r.r.rbg]], 
[[r.r.r.r.r.r.r.r][.r.r.r.r.r.r.r.][r.r.r.r.r.r.r.r][.r.r.r.r.r.r.r.][r.r.r.r.r.r.r.r][.r.r.r.r.r.r.r.][r.r.r.r.r.r.r.r][.r.r.r.r.r.r.r.][r.r.r.r.r.r.r.r][.r.r.r.r.r.r.r.][r.r.r.r.r.r.r..][.r.r.r.r.r.r.r.][r.r.r.r.r.r.r..][.r.r.r.r.r.r.rg][r.r.r.r.r.r.rb.]], 
[[r.r.r.r.r.r.r.r][.r.r.r.r.r.r.r.][r.r.r.r.r.r.r.r][.r.r.r.r.r.r.r.][r.r.r.r.r.r.r.r][.r.r.r.r.r.r.r.][r.r.r.r.r.r.r.r][.r.r.r.r.r.r.r.][r.r.r.r.r.r.r.r][.r.r.r.r.r.r.r.][r.r.r.r.r.r.r..][.r.r.r.r.r.r.r.][r.r.r.r.r.r.r.g][.r.r.r.r.r.r.r.][r.r.r.r.r.r.rb.]], 
[[r.r.r.r.r.r.r.r][.r.r.r.r.r.r.r.][r.r.r.r.r.r.r.r][.r.r.r.r.r.r.r.][r.r.r.r.r.r.r.r][.r.r.r.r.r.r.r.][r.r.r.r.r.r.r.r][.r.r.r.r.r.r.r.][r.r.r.r.r.r.r.r][.r.r.r.r.r.r.r.][r.r.r.r.r.r.r..][.r.r.r.r.r.r.rg][r.r.r.r.r.r.r..][.r.r.r.r.r.r.r.][r.r.r.r.r.r.r.g]], 
[[r.r.r.r.r.r.r.r][.r.r.r.r.r.r.r.][r.r.r.r.r.r.r.r][.r.r.r.r.r.r.r.][r.r.r.r.r.r.r.r][.r.r.r.r.r.r.r.][r.r.r.r.r.r.r.r][.r.r.r.r.r.r.r.][r.r.r.r.r.r.r.r][.r.r.r.r.r.r.r.][r.r.r.r.r.r.r.g][.r.r.r.r.r.r.r.][r.r.r.r.r.r.r..][.r.r.r.r.r.r.rg][r.r.r.r.r.r.r..]], 
[[r.r.r.r.r.r.r.r][.r.r.r.r.r.r.r.][r.r.r.r.r.r.r.r][.r.r.r.r.r.r.r.][r.r.r.r.r.r.r.r][.r.r.r.r.r.r.r.][r.r.r.r.r.r.r.r][.r.r.r.r.r.r.r.][r.r.r.r.r.r.r.r][.r.r.r.r.r.r.r.][r.r.r.r.r.r.r.r][.r.r.r.r.r.r.r.][r.r.r.r.r.r.r.g][.r.r.r.r.r.r.r.][r.r.r.r.r.r.r..]], 
[[r.r.r.r.r.r.r.r][.r.r.r.r.r.r.r.][r.r.r.r.r.r.r.r][.r.r.r.r.r.r.r.][r.r.r.r.r.r.r.r][.r.r.r.r.r.r.r.][r.r.r.r.r.r.r.r][.r.r.r.r.r.r.r.][r.r.r.r.r.r.r.r][.r.r.r.r.r.r.r.][r.r.r.r.r.r.r.r][.r.r.r.r.r.r.r.][r.r.r.r.r.r.r.r][.r.r.r.r.r.r.r.][r.r.r.r.r.r.r..]], 
[[r.r.r.r.r.r.r.r][.r.r.r.r.r.r.r.][r.r.r.r.r.r.r.r][.r.r.r.r.r.r.r.][r.r.r.r.r.r.r.r][.r.r.r.r.r.r.r.][r.r.r.r.r.r.r.r][.r.r.r.r.r.r.r.][r.r.r.r.r.r.r.r][.r.r.r.r.r.r.r.][r.r.r.r.r.r.r.r][.r.r.r.r.r.r.r.][r.r.r.r.r.r.r.r][.r.r.r.r.r.r.r.][r.r.r.r.r.r.r..]], 
