15 10
[[.g.g...ggg][ggggg.gg.g][.....g..gg][ggg.g..g..][g..ggggg.g][....g....g][.gg.g...g.][.ggggg.ggg][......gg.g][gggg...ggg][....g...g.][....gggggg][g.g.ggg..g][g..g.ggg..][.g....gg.g]], 
[[g..g..g.gg][ggggg.gg.g][....g..g.g][ggg.g.g...][g.g.gggg.g][...g....g.][g.g.g..g..][g.gggg.ggg][g....g.g.g][.ggg..g.gg][...g...g..][g..g.ggggg][..g.ggg.g.][g.g..ggg..][.g...g.g.g]], 
[[r.g..g..gg][ggggg.gg.g][...g..g..g][ggg.g.g...][g.g.gggg.g][..g....g..][g.g.g.g...][g.gggg.ggg][g...g..g.g][.ggg.g..gg][g.g...g...][..g..ggggg][.g..ggg.g.][g.g.g.gg..][.g..g..g.g]], 
[[r.r.g..g.g][bgggg.gg.g][..g..g..g.][ggg.g.g...][g.g.gggg.g][.g....g...][g.g.g.g...][g.gggg.ggg][g..g..g..g][.ggg.g.g.g][g.g..g....][.g..g.gggg][g..g.gg.g.][g.g.g.gg..][.g.g..g..g]], 
[[r.r.r.g..g][bbggg.gg.g][.g..g..g..][ggg.g.g...][g.g.gggg.g][.g...g....][g.g.g.g...][g.gggg.ggg][g.g..g..g.][.ggg.g.g.g][g.g.g.....][.g.g..gggg][g.g..gg.g.][g.g.g.gg..][.g.g.g..g.]], 
[[r.r.r.r.g.][bbbgg.gg.g][.g.g..g...][ggg.g.g...][g.g.gggg.g][.g..g.....][g.g.g.g...][g.gggg.ggg][g.g.g..g..][.ggg.g.g.g][g.g.g.....][.g.g.g.ggg][g.g.g.g.g.][g.g.g.gg..][.g.g.g.g..]], 
[[r.r.r.r.r.][bbbbg.gg.g][.g.g.g....][ggg.g.g...][g.g.gggg.g][.g.g......][g.g.g.g...][g.gggg.ggg][g.g.g.g...][.ggg.g.g.g][g.g.g.....][.g.g.g.ggg][g.g.g.g.g.][g.g.g.gg..][.g.g.g.g..]], 
[[r.r.r.r.r.][bbbb.ggg.g][.g.g.g....][ggg.g.g...][g.g.gggg.g][.g.g......][g.g.g.g...][g.gggg.ggg][g.g.g.g...][.ggg.g.g.g][g.g.g.....][.g.g.g.ggg][g.g.g.g.g.][g.g.g.gg..][.g.g.g.g..]], 
[[r.r.r.r.r.][bbb.gggg.g][.g.g.g....][ggg.g.g...][g.g.gggg.g][.g.g......][g.g.g.g...][g.gggg.ggg][g.g.g.g...][.ggg.g.g.g][g.g.g.....][.g.g.g.ggg][g.g.g.g.g.][g.g.g.gg..][.g.g.g.g..]], 
[[r.r.r.r.r.][bb.ggggg.g][.g.g.g....][ggg.g.g...][g.g.gggg.g][.g.g......][g.g.g.g...][g.gggg.ggg][g.g.g.g...][.ggg.g.g.g][g.g.g.....][.g.g.g.ggg][g.g.g.g.g.][g.g.g.gg..][.g.g.g.g..]], 
[[r.r.r.r.r.][b.gggggg.g][.g.g.g....][ggg.g.g...][g.g.gggg.g][.g.g......][g.g.g.g...][g.gggg.ggg][g.g.g.g...][.ggg.g.g.g][g.g.g.....][.g.g.g.ggg][g.g.g.g.g.][g.g.g.gg..][.g.g.g.g..]], 
[[r.r.r.r.r.][.ggggggg.g][.g.g.g....][ggg.g.g...][g.g.gggg.g][.g.g......][g.g.g.g...][g.gggg.ggg][g.g.g.g...][.ggg.g.g.g][g.g.g.....][.g.g.g.ggg][g.g.g.g.g.][g.g.g.gg..][.g.g.g.g..]], 
[[r.r.r.r.r.][.rgggggg.g][g..g.g....][ggg.g.g...][g.g.gggg.g][.g.g......][g.g.g.g...][g.gggg.ggg][g.g.g.g...][.ggg.g.g.g][g.g.g.....][.g.g.g.ggg][g.g.g.g.g.][g.g.g.gg..][.g.g.g.g..]], 
[[r.r.r.r.r.][.rbggggg.g][r.g..g....][ggg.g.g...][g.g.gggg.g][.g.g......][g.g.g.g...][g.gggg.ggg][g.g.g.g...][.ggg.g.g.g][g.g.g.....][.g.g.g.ggg][g.g.g.g.g.][g.g.g.gg..][.g.g.g.g..]], 
[[r.r.r.r.r.][.rbbgggg.g][r.g.g.....][bgg.g.g...][g.g.gggg.g][.g.g......][g.g.g.g...][g.gggg.ggg][g.g.g.g...][.ggg.g.g.g][g.g.g.....][.g.g.g.ggg][g.g.g.g.g.][g.g.g.gg..][.g.g.g.g..]], 
[[r.r.r.r.r.][.rbbbggg.g][r.g.g.....][bbg.g.g...][g.g.gggg.g][.g.g......][g.g.g.g...][g.gggg.ggg][g.g.g.g...][.ggg.g.g.g][g.g.g.....][.g.g.g.ggg][g.g.g.g.g.][g.g.g.gg..][.g.g.g.g..]], 
[[r.r.r.r.r.][.rbbbbgg.g][r.g.g.....][bb.gg.g...][g.g.gggg.g][.g.g......][g.g.g.g...][g.gggg.ggg][g.g.g.g...][.ggg.g.g.g][g.g.g.....][.g.g.g.ggg][g.g.g.g.g.][g.g.g.gg..][.g.g.g.g..]], 
[[r.r.r.r.r.][.rbbbbbg.g][r.g.g.....][b.ggg.g...][g.g.gggg.g][.g.g......][g.g.g.g...][g.gggg.ggg][g.g.g.g...][.ggg.g.g.g][g.g.g.....][.g.g.g.ggg][g.g.g.g.g.][g.g.g.gg..][.g.g.g.g..]], 
[[r.r.r.r.r.][.rbbbbb.gg][r.g.g.....][.gggg.g...][g.g.gggg.g][.g.g......][g.g.g.g...][g.gggg.ggg][g.g.g.g...][.ggg.g.g.g][g.g.g.....][.g.g.g.ggg][g.g.g.g.g.][g.g.g.gg..][.g.g.g.g..]], 
[[r.r.r.r.r.][.rbbbb.ggg][r.g.g.....][.rggg.g...][r.g.gggg.g][.g.g......][g.g.g.g...][g.gggg.ggg][g.g.g.g...][.ggg.g.g.g][g.g.g.....][.g.g.g.ggg][g.g.g.g.g.][g.g.g.gg..][.g.g.g.g..]], 
[[r.r.r.r.r.][.rbbb.gggg][r.g.g.....][.rggg.g...][r.g.gggg.g][.r.g......][r.g.g.g...][g.gggg.ggg][g.g.g.g...][.ggg.g.g.g][g.g.g.....][.g.g.g.ggg][g.g.g.g.g.][g.g.g.gg..][.g.g.g.g..]], 
[[r.r.r.r.r.][.rbb.ggggg][r.g.g.....][.rggg.g...][r.g.gggg.g][.r.g......][r.g.g.g...][.ggggg.ggg][g.g.g.g...][.ggg.g.g.g][g.g.g.....][.g.g.g.ggg][g.g.g.g.g.][g.g.g.gg..][.g.g.g.g..]], 
[[r.r.r.r.r.][.rb.gggggg][r.g.g.....][.rggg.g...][r.g.gggg.g][.r.g......][r.g.g.g...][.rgggg.ggg][r.g.g.g...][.ggg.g.g.g][g.g.g.....][.g.g.g.ggg][g.g.g.g.g.][g.g.g.gg..][.g.g.g.g..]], 
[[r.r.r.r.r.][.r.ggggggg][r.g.g.....][.rggg.g...][r.g.gggg.g][.r.g......][r.g.g.g...][.rgggg.ggg][r.g.g.g...][.rgg.g.g.g][r.g.g.....][.g.g.g.ggg][g.g.g.g.g.][g.g.g.gg..][.g.g.g.g..]], 
[[r.r.r.r.r.][.r.rgggggg][r.r.g.....][.rggg.g...][r.g.gggg.g][.r.g......][r.g.g.g...][.rgggg.ggg][r.g.g.g...][.rgg.g.g.g][r.g.g.....][.r.g.g.ggg][r.g.g.g.g.][g.g.g.gg..][.g.g.g.g..]], 
[[r.r.r.r.r.][.r.rbggggg][r.r.g.....][.rbgg.g...][r.g.gggg.g][.r.g......][r.g.g.g...][.rgggg.ggg][r.g.g.g...][.rgg.g.g.g][r.g.g.....][.r.g.g.ggg][r.g.g.g.g.][.gg.g.gg..][.g.g.g.g..]], 
[[r.r.r.r.r.][.r.rbbgggg][r.r.g.....][.rbbg.g...][r.g.gggg.g][.r.g......][r.g.g.g...][.rgggg.ggg][r.g.g.g...][.rgg.g.g.g][r.g.g.....][.r.g.g.ggg][r.g.g.g.g.][.rg.g.gg..][g..g.g.g..]], 
[[r.r.r.r.r.][.r.rbbbggg][r.r.g.....][.rbb.gg...][r.g.gggg.g][.r.g......][r.g.g.g...][.rgggg.ggg][r.g.g.g...][.rgg.g.g.g][r.g.g.....][.r.g.g.ggg][r.g.g.g.g.][.rg.g.gg..][r.g..g.g..]], 
[[r.r.r.r.r.][.r.rbbbbgg][r.r.g.....][.rb.ggg...][r.g.gggg.g][.r.g......][r.g.g.g...][.rgggg.ggg][r.g.g.g...][.rgg.g.g.g][r.g.g.....][.r.g.g.ggg][r.g.g.g.g.][.rg.g.gg..][r.g.g..g..]], 
[[r.r.r.r.r.][.r.rbbbbbg][r.r.g.....][.r.gggg...][r.g.gggg.g][.r.g......][r.g.g.g...][.rgggg.ggg][r.g.g.g...][.rgg.g.g.g][r.g.g.....][.r.g.g.ggg][r.g.g.g.g.][.rg.g.gg..][r.g.g.g...]], 
[[r.r.r.r.r.][.r.rbbbbb.][r.r.g....g][.r.rggg...][r.r.gggg.g][.r.g......][r.g.g.g...][.rgggg.ggg][r.g.g.g...][.rgg.g.g.g][r.g.g.....][.r.g.g.ggg][r.g.g.g.g.][.rg.g.gg..][r.g.g.g...]], 
[[r.r.r.r.r.][.r.rbbbb.g][r.r.g...g.][.r.rggg...][r.r.gggg.g][.r.r......][r.r.g.g...][.rgggg.ggg][r.g.g.g...][.rgg.g.g.g][r.g.g.....][.r.g.g.ggg][r.g.g.g.g.][.rg.g.gg..][r.g.g.g...]], 
[[r.r.r.r.r.][.r.rbbb.gg][r.r.g..g..][.r.rggg...][r.r.gggg.g][.r.r......][r.r.g.g...][.rbggg.ggg][r.g.g.g...][.rgg.g.g.g][r.g.g.....][.r.g.g.ggg][r.g.g.g.g.][.rg.g.gg..][r.g.g.g...]], 
[[r.r.r.r.r.][.r.rbb.ggg][r.r.g.g...][.r.rggg...][r.r.gggg.g][.r.r......][r.r.g.g...][.rbbgg.ggg][r.g.g.g...][.rgg.g.g.g][r.g.g.....][.r.g.g.ggg][r.g.g.g.g.][.rg.g.gg..][r.g.g.g...]], 
[[r.r.r.r.r.][.r.rb.gggg][r.r.g.g...][.r.rggg...][r.r.gggg.g][.r.r......][r.r.g.g...][.rbbgg.ggg][r.g.g.g...][.rgg.g.g.g][r.g.g.....][.r.g.g.ggg][r.g.g.g.g.][.rg.g.gg..][r.g.g.g...]], 
[[r.r.r.r.r.][.r.r.ggggg][r.r.g.g...][.r.rggg...][r.r.gggg.g][.r.r......][r.r.g.g...][.rbbgg.ggg][r.g.g.g...][.rgg.g.g.g][r.g.g.....][.r.g.g.ggg][r.g.g.g.g.][.rg.g.gg..][r.g.g.g...]], 
[[r.r.r.r.r.][.r.r.rgggg][r.r.r.g...][.r.rggg...][r.r.gggg.g][.r.r......][r.r.g.g...][.rbbgg.ggg][r.g.g.g...][.rgg.g.g.g][r.g.g.....][.r.g.g.ggg][r.g.g.g.g.][.rg.g.gg..][r.g.g.g...]], 
[[r.r.r.r.r.][.r.r.rbggg][r.r.r.g...][.r.rbgg...][r.r.gggg.g][.r.r......][r.r.g.g...][.rbbgg.ggg][r.g.g.g...][.rgg.g.g.g][r.g.g.....][.r.g.g.ggg][r.g.g.g.g.][.rg.g.gg..][r.g.g.g...]], 
[[r.r.r.r.r.][.r.r.rbbgg][r.r.r.g...][.r.rbbg...][r.r.gggg.g][.r.r......][r.r.g.g...][.rbbgg.ggg][r.g.g.g...][.rgg.g.g.g][r.g.g.....][.r.g.g.ggg][r.g.g.g.g.][.rg.g.gg..][r.g.g.g...]], 
[[r.r.r.r.r.][.r.r.rbbbg][r.r.r.g...][.r.rbb.g..][r.r.gggg.g][.r.r......][r.r.g.g...][.rbbgg.ggg][r.g.g.g...][.rgg.g.g.g][r.g.g.....][.r.g.g.ggg][r.g.g.g.g.][.rg.g.gg..][r.g.g.g...]], 
[[r.r.r.r.r.][.r.r.rbbb.][r.r.r.g..g][.r.rb.gg..][r.r.gggg.g][.r.r......][r.r.g.g...][.rbbgg.ggg][r.g.g.g...][.rgg.g.g.g][r.g.g.....][.r.g.g.ggg][r.g.g.g.g.][.rg.g.gg..][r.g.g.g...]], 
[[r.r.r.r.r.][.r.r.rbb.g][r.r.r.g.g.][.r.r.ggg..][r.r.gggg.g][.r.r......][r.r.g.g...][.rbbgg.ggg][r.g.g.g...][.rgg.g.g.g][r.g.g.....][.r.g.g.ggg][r.g.g.g.g.][.rg.g.gg..][r.g.g.g...]], 
[[r.r.r.r.r.][.r.r.rb.gg][r.r.r.g.g.][.r.r.rgg..][r.r.rggg.g][.r.r......][r.r.g.g...][.rbbgg.ggg][r.g.g.g...][.rgg.g.g.g][r.g.g.....][.r.g.g.ggg][r.g.g.g.g.][.rg.g.gg..][r.g.g.g...]], 
[[r.r.r.r.r.][.r.r.r.ggg][r.r.r.g.g.][.r.r.rgg..][r.r.rbgg.g][.r.r......][r.r.r.g...][.rbbgg.ggg][r.g.g.g...][.rgg.g.g.g][r.g.g.....][.r.g.g.ggg][r.g.g.g.g.][.rg.g.gg..][r.g.g.g...]], 
[[r.r.r.r.r.][.r.r.r.rgg][r.r.r.r.g.][.r.r.rgg..][r.r.rbgg.g][.r.r......][r.r.rg....][.rbbbg.ggg][r.g.g.g...][.rgg.g.g.g][r.g.g.....][.r.g.g.ggg][r.g.g.g.g.][.rg.g.gg..][r.g.g.g...]], 
[[r.r.r.r.r.][.r.r.r.rbg][r.r.r.r.g.][.r.r.rbg..][r.r.rbgg.g][.r.r......][r.r.rg....][.rbbb.gggg][r.g.g.g...][.rgg.g.g.g][r.g.g.....][.r.g.g.ggg][r.g.g.g.g.][.rg.g.gg..][r.g.g.g...]], 
[[r.r.r.r.r.][.r.r.r.rb.][r.r.r.r.gg][.r.r.rb.g.][r.r.rbgg.g][.r.r......][r.r.rg....][.rbb.ggggg][r.g.g.g...][.rgg.g.g.g][r.g.g.....][.r.g.g.ggg][r.g.g.g.g.][.rg.g.gg..][r.g.g.g...]], 
[[r.r.r.r.r.][.r.r.r.r.g][r.r.r.r.gg][.r.r.r.gg.][r.r.rbgg.g][.r.r......][r.r.rg....][.rb.gggggg][r.g.g.g...][.rgg.g.g.g][r.g.g.....][.r.g.g.ggg][r.g.g.g.g.][.rg.g.gg..][r.g.g.g...]], 
[[r.r.r.r.r.][.r.r.r.r.r][r.r.r.r.rg][.r.r.r.rg.][r.r.rbbg.g][.r.r......][r.r.rg....][.r.ggggggg][r.g.g.g...][.rgg.g.g.g][r.g.g.....][.r.g.g.ggg][r.g.g.g.g.][.rg.g.gg..][r.g.g.g...]], 
[[r.r.r.r.r.][.r.r.r.r.r][r.r.r.r.r.][.r.r.r.rgg][r.r.rbb.gg][.r.r......][r.r.rg....][.r.rgggggg][r.r.g.g...][.rgg.g.g.g][r.g.g.....][.r.g.g.ggg][r.g.g.g.g.][.rg.g.gg..][r.g.g.g...]], 
[[r.r.r.r.r.][.r.r.r.r.r][r.r.r.r.r.][.r.r.r.rbg][r.r.rb.ggg][.r.r......][r.r.rg....][.r.rbggggg][r.r.g.g...][.rbg.g.g.g][r.g.g.....][.r.g.g.ggg][r.g.g.g.g.][.rg.g.gg..][r.g.g.g...]], 
[[r.r.r.r.r.][.r.r.r.r.r][r.r.r.r.r.][.r.r.r.rbb][r.r.r.gggg][.r.r......][r.r.rg....][.r.rbggggg][r.r.g.g...][.rb.gg.g.g][r.g.g.....][.r.g.g.ggg][r.g.g.g.g.][.rg.g.gg..][r.g.g.g...]], 
[[r.r.r.r.r.][.r.r.r.r.r][r.r.r.r.r.][.r.r.r.rbb][r.r.r.rgg.][.r.r.g...g][r.r.r.....][.r.rbggggg][r.r.g.g...][.r.ggg.g.g][r.g.g.....][.r.g.g.ggg][r.g.g.g.g.][.rg.g.gg..][r.g.g.g...]], 
[[r.r.r.r.r.][.r.r.r.r.r][r.r.r.r.r.][.r.r.r.rb.][r.r.r.rbgg][.r.r.r..g.][r.r.r.....][.r.rbggggg][r.r.g.g...][.r.rgg.g.g][r.r.g.....][.r.g.g.ggg][r.g.g.g.g.][.rg.g.gg..][r.g.g.g...]], 
[[r.r.r.r.r.][.r.r.r.r.r][r.r.r.r.r.][.r.r.r.r.g][r.r.r.rbgg][.r.r.r.g..][r.r.r.....][.r.rbbgggg][r.r.g.g...][.r.rgg.g.g][r.r.g.....][.r.r.g.ggg][r.r.g.g.g.][.rg.g.gg..][r.g.g.g...]], 
[[r.r.r.r.r.][.r.r.r.r.r][r.r.r.r.r.][.r.r.r.r.r][r.r.r.rbbg][.r.r.r.g..][r.r.r.g...][.r.rbb.ggg][r.r.g.g...][.r.rgg.g.g][r.r.g.....][.r.r.g.ggg][r.r.g.g.g.][.r.gg.gg..][r.g.g.g...]], 
[[r.r.r.r.r.][.r.r.r.r.r][r.r.r.r.r.][.r.r.r.r.r][r.r.r.rbb.][.r.r.r.g.g][r.r.r.r...][.r.rb.gggg][r.r.g.g...][.r.rgg.g.g][r.r.g.....][.r.r.g.ggg][r.r.g.g.g.][.r.rg.gg..][r.r.g.g...]], 
[[r.r.r.r.r.][.r.r.r.r.r][r.r.r.r.r.][.r.r.r.r.r][r.r.r.rb.g][.r.r.r.g.g][r.r.r.r...][.r.r.ggggg][r.r.g.g...][.r.rgg.g.g][r.r.g.....][.r.r.g.ggg][r.r.g.g.g.][.r.rg.gg..][r.r.g.g...]], 
[[r.r.r.r.r.][.r.r.r.r.r][r.r.r.r.r.][.r.r.r.r.r][r.r.r.r.gg][.r.r.r.g.g][r.r.r.r...][.r.r.rgggg][r.r.r.g...][.r.rgg.g.g][r.r.g.....][.r.r.g.ggg][r.r.g.g.g.][.r.rg.gg..][r.r.g.g...]], 
[[r.r.r.r.r.][.r.r.r.r.r][r.r.r.r.r.][.r.r.r.r.r][r.r.r.r.rg][.r.r.r.r.g][r.r.r.r...][.r.r.rbggg][r.r.r.g...][.r.rbg.g.g][r.r.g.....][.r.r.g.ggg][r.r.g.g.g.][.r.rg.gg..][r.r.g.g...]], 
[[r.r.r.r.r.][.r.r.r.r.r][r.r.r.r.r.][.r.r.r.r.r][r.r.r.r.rb][.r.r.r.r.g][r.r.r.r...][.r.r.rbbgg][r.r.r.g...][.r.rb.gg.g][r.r.g.....][.r.r.g.ggg][r.r.g.g.g.][.r.rg.gg..][r.r.g.g...]], 
[[r.r.r.r.r.][.r.r.r.r.r][r.r.r.r.r.][.r.r.r.r.r][r.r.r.r.rb][.r.r.r.r..][r.r.r.r.gg][.r.r.rbb.g][r.r.r.g...][.r.r.ggg.g][r.r.g.....][.r.r.g.ggg][r.r.g.g.g.][.r.rg.gg..][r.r.g.g...]], 
[[r.r.r.r.r.][.r.r.r.r.r][r.r.r.r.r.][.r.r.r.r.r][r.r.r.r.r.][.r.r.r.r.g][r.r.r.r.rg][.r.r.rb.gg][r.r.r.g...][.r.r.rgg.g][r.r.r.....][.r.r.g.ggg][r.r.g.g.g.][.r.rg.gg..][r.r.g.g...]], 
[[r.r.r.r.r.][.r.r.r.r.r][r.r.r.r.r.][.r.r.r.r.r][r.r.r.r.r.][.r.r.r.r.r][r.r.r.r.rg][.r.r.r.ggg][r.r.r.g...][.r.r.rgg.g][r.r.r.....][.r.r.r.ggg][r.r.r.g.g.][.r.rg.gg..][r.r.g.g...]], 
[[r.r.r.r.r.][.r.r.r.r.r][r.r.r.r.r.][.r.r.r.r.r][r.r.r.r.r.][.r.r.r.r.r][r.r.r.r.rb][.r.r.r.rgg][r.r.r.r...][.r.r.rgg.g][r.r.r.....][.r.r.rg.gg][r.r.r.g.g.][.r.r.ggg..][r.r.g.g...]], 
[[r.r.r.r.r.][.r.r.r.r.r][r.r.r.r.r.][.r.r.r.r.r][r.r.r.r.r.][.r.r.r.r.r][r.r.r.r.rb][.r.r.r.rb.][r.r.r.r..g][.r.r.rbg.g][r.r.r.....][.r.r.rg.gg][r.r.r.g.g.][.r.r.rgg..][r.r.r.g...]], 
[[r.r.r.r.r.][.r.r.r.r.r][r.r.r.r.r.][.r.r.r.r.r][r.r.r.r.r.][.r.r.r.r.r][r.r.r.r.r.][.r.r.r.rbg][r.r.r.r.g.][.r.r.rb.gg][r.r.r.....][.r.r.rg.gg][r.r.r.g.g.][.r.r.rgg..][r.r.r.g...]], 
[[r.r.r.r.r.][.r.r.r.r.r][r.r.r.r.r.][.r.r.r.r.r][r.r.r.r.r.][.r.r.r.r.r][r.r.r.r.r.][.r.r.r.rb.][r.r.r.r.gg][.r.r.r.ggg][r.r.r.....][.r.r.rg.gg][r.r.r.g.g.][.r.r.rgg..][r.r.r.g...]], 
[[r.r.r.r.r.][.r.r.r.r.r][r.r.r.r.r.][.r.r.r.r.r][r.r.r.r.r.][.r.r.r.r.r][r.r.r.r.r.][.r.r.r.r.g][r.r.r.r.gg][.r.r.r.rgg][r.r.r.g...][.r.r.r..gg][r.r.r.g.g.][.r.r.rgg..][r.r.r.g...]], 
[[r.r.r.r.r.][.r.r.r.r.r][r.r.r.r.r.][.r.r.r.r.r][r.r.r.r.r.][.r.r.r.r.r][r.r.r.r.r.][.r.r.r.r.r][r.r.r.r.rg][.r.r.r.rgg][r.r.r.r...][.r.r.r.g.g][r.r.r.g.g.][.r.r.rgg..][r.r.r.g...]], 
[[r.r.r.r.r.][.r.r.r.r.r][r.r.r.r.r.][.r.r.r.r.r][r.r.r.r.r.][.r.r.r.r.r][r.r.r.r.r.][.r.r.r.r.r][r.r.r.r.rb][.r.r.r.rbg][r.r.r.r...][.r.r.r.r.g][r.r.r.r.g.][.r.r.rgg..][r.r.r.g...]], 
[[r.r.r.r.r.][.r.r.r.r.r][r.r.r.r.r.][.r.r.r.r.r][r.r.r.r.r.][.r.r.r.r.r][r.r.r.r.r.][.r.r.r.r.r][r.r.r.r.rb][.r.r.r.rb.][r.r.r.r..g][.r.r.r.rg.][r.r.r.r.g.][.r.r.rbg..][r.r.r.g...]], 
[[r.r.r.r.r.][.r.r.r.r.r][r.r.r.r.r.][.r.r.r.r.r][r.r.r.r.r.][.r.r.r.r.r][r.r.r.r.r.][.r.r.r.r.r][r.r.r.r.r.][.r.r.r.rbg][r.r.r.r.g.][.r.r.r.rg.][r.r.r.r.g.][.r.r.rb.g.][r.r.r.g...]], 
[[r.r.r.r.r.][.r.r.r.r.r][r.r.r.r.r.][.r.r.r.r.r][r.r.r.r.r.][.r.r.r.r.r][r.r.r.r.r.][.r.r.r.r.r][r.r.r.r.r.][.r.r.r.rb.][r.r.r.r.gg][.r.r.r.rg.][r.r.r.r.g.][.r.r.r.gg.][r.r.r.g...]], 
[[r.r.r.r.r.][.r.r.r.r.r][r.r.r.r.r.][.r.r.r.r.r][r.r.r.r.r.][.r.r.r.r.r][r.r.r.r.r.][.r.r.r.r.r][r.r.r.r.r.][.r.r.r.r.g][r.r.r.r.gg][.r.r.r.rg.][r.r.r.r.g.][.r.r.r.rg.][r.r.r.r...]], 
[[r.r.r.r.r.][.r.r.r.r.r][r.r.r.r.r.][.r.r.r.r.r][r.r.r.r.r.][.r.r.r.r.r][r.r.r.r.r.][.r.r.r.r.r][r.r.r.r.r.][.r.r.r.r.r][r.r.r.r.rg][.r.r.r.rg.][r.r.r.r.g.][.r.r.r.rg.][r.r.r.r...]], 
[[r.r.r.r.r.][.r.r.r.r.r][r.r.r.r.r.][.r.r.r.r.r][r.r.r.r.r.][.r.r.r.r.r][r.r.r.r.r.][.r.r.r.r.r][r.r.r.r.r.][.r.r.r.r.r][r.r.r.r.r.][.r.r.r.rgg][r.r.r.r.g.][.r.r.r.rg.][r.r.r.r...]], 
[[r.r.r.r.r.][.r.r.r.r.r][r.r.r.r.r.][.r.r.r.r.r][r.r.r.r.r.][.r.r.r.r.r][r.r.r.r.r.][.r.r.r.r.r][r.r.r.r.r.][.r.r.r.r.r][r.r.r.r.r.][.r.r.r.rbg][r.r.r.r.g.][.r.r.r.rg.][r.r.r.r...]], 
[[r.r.r.r.r.][.r.r.r.r.r][r.r.r.r.r.][.r.r.r.r.r][r.r.r.r.r.][.r.r.r.r.r][r.r.r.r.r.][.r.r.r.r.r][r.r.r.r.r.][.r.r.r.r.r][r.r.r.r.r.][.r.r.r.rb.][r.r.r.r.gg][.r.r.r.rg.][r.r.r.r...]], 
[[r.r.r.r.r.][.r.r.r.r.r][r.r.r.r.r.][.r.r.r.r.r][r.r.r.r.r.][.r.r.r.r.r][r.r.r.r.r.][.r.r.r.r.r][r.r.r.r.r.][.r.r.r.r.r][r.r.r.r.r.][.r.r.r.r.g][r.r.r.r.gg][.r.r.r.rg.][r.r.r.r...]], 
[[r.r.r.r.r.][.r.r.r.r.r][r.r.r.r.r.][.r.r.r.r.r][r.r.r.r.r.][.r.r.r.r.r][r.r.r.r.r.][.r.r.r.r.r][r.r.r.r.r.][.r.r.r.r.r][r.r.r.r.r.][.r.r.r.r.r][r.r.r.r.rg][.r.r.r.rg.][r.r.r.r...]], 
[[r.r.r.r.r.][.r.r.r.r.r][r.r.r.r.r.][.r.r.r.r.r][r.r.r.r.r.][.r.r.r.r.r][r.r.r.r.r.][.r.r.r.r.r][r.r.r.r.r.][.r.r.r.r.r][r.r.r.r.r.][.r.r.r.r.r][r.r.r.r.r.][.r.r.r.rgg][r.r.r.r...]], 
[[r.r.r.r.r.][.r.r.r.r.r][r.r.r.r.r.][.r.r.r.r.r][r.r.r.r.r.][.r.r.r.r.r][r.r.r.r.r.][.r.r.r.r.r][r.r.r.r.r.][.r.r.r.r.r][r.r.r.r.r.][.r.r.r.r.r][r.r.r.r.r.][.r.r.r.rbg][r.r.r.r...]], 
[[r.r.r.r.r.][.r.r.r.r.r][r.r.r.r.r.][.r.r.r.r.r][r.r.r.r.r.][.r.r.r.r.r][r.r.r.r.r.][.r.r.r.r.r][r.r.r.r.r.][.r.r.r.r.r][r.r.r.r.r.][.r.r.r.r.r][r.r.r.r.r.][.r.r.r.rb.][r.r.r.r..g]], 
[[r.r.r.r.r.][.r.r.r.r.r][r.r.r.r.r.][.r.r.r.r.r][r.r.r.r.r.][.r.r.r.r.r][r.r.r.r.r.][.r.r.r.r.r][r.r.r.r.r.][.r.r.r.r.r][r.r.r.r.r.][.r.r.r.r.r][r.r.r.r.r.][.r.r.r.r.g][r.r.r.r.g.]], 
[[r.r.r.r.r.][.r.r.r.r.r][r.r.r.r.r.][.r.r.r.r.r][r.r.r.r.r.][.r.r.r.r.r][r.r.r.r.r.][.r.r.r.r.r][r.r.r.r.r.][.r.r.r.r.r][r.r.r.r.r.][.r.r.r.r.r][r.r.r.r.r.][.r.r.r.r.r][r.r.r.r.r.]], 
[[r.r.r.r.r.][.r.r.r.r.r][r.r.r.r.r.][.r.r.r.r.r][r.r.r.r.r.][.r.r.r.r.r][r.r.r.r.r.][.r.r.r.r.r][r.r.r.r.r.][.r.r.r.r.r][r.r.r.r.r.][.r.r.r.r.r][r.r.r.r.r.][.r.r.r.r.r][r.r.r.r.r.]], 
