5 5
[[g..gg][.gg..][.g..g][ggg.g][...gg]], 
[[r.g.g][.gg..][g..g.][ggg.g][..g.g]], 
[[r.r.g][.rg..][r.g..][ggg.g][.g..g]], 
[[r.r.r][.r.g.][r.g..][bgg.g][.g.g.]], 
[[r.r.r][.r.r.][r.r..][bbg.g][.g.g.]], 
[[r.r.r][.r.r.][r.r..][bb.gg][.g.g.]], 
[[r.r.r][.r.r.][r.r..][b.ggg][.g.g.]], 
[[r.r.r][.r.r.][r.r..][.gggg][.g.g.]], 
[[r.r.r][.r.r.][r.r..][.rggg][g..g.]], 
[[r.r.r][.r.r.][r.r..][.rbgg][r.g..]], 
[[r.r.r][.r.r.][r.r..][.rbbg][r.g..]], 
[[r.r.r][.r.r.][r.r..][.rbb.][r.g.g]], 
[[r.r.r][.r.r.][r.r..][.rb.g][r.g.g]], 
[[r.r.r][.r.r.][r.r..][.r.gg][r.g.g]], 
[[r.r.r][.r.r.][r.r..][.r.rg][r.r.g]], 
[[r.r.r][.r.r.][r.r.g][.r.r.][r.r.g]], 
[[r.r.r][.r.r.][r.r.r][.r.r.][r.r.g]], 
[[r.r.r][.r.r.][r.r.r][.r.r.][r.r.r]], 
[[r.r.r][.r.r.][r.r.r][.r.r.][r.r.r]], 
