7 10
[[gg..g..g.g][.ggg....gg][..ggg...gg][g.gg..g.gg][g.ggggg.g.][.g.g....gg][....gg.g..]], 
[[rg.g..g..g][.ggg...g.g][gg.gg..g.g][..gg.g..gg][g.ggggg.g.][.g.g...g.g][...g.g.g..]], 
[[r.gg.g..g.][.ggg..g..g][rg.gg.g..g][.g.g.g.g.g][g.ggggg.g.][.g.g..g..g][..g..g.g..]], 
[[r.rg.g.g..][.rgg.g..g.][rg.gg.g.g.][.g.g.g.g.g][r.ggggg.g.][.g.g.g..g.][.g..g..g..]], 
[[r.r.gg.g..][.rbg.g.g..][r.ggg.g.g.][.g.g.g.g.g][r.ggggg.g.][.g.g.g.g..][g..g..g...]], 
[[r.r.rg.g..][.rb.gg.g..][r.ggg.g.g.][.r.g.g.g.g][r.ggggg.g.][.g.g.g.g..][r.g..g....]], 
[[r.r.r.gg..][.r.ggg.g..][r.ggg.g.g.][.r.g.g.g.g][r.ggggg.g.][.r.g.g.g..][r.g.g.....]], 
[[r.r.r.rg..][.r.rgg.g..][r.rgg.g.g.][.r.g.g.g.g][r.ggggg.g.][.r.g.g.g..][r.g.g.....]], 
[[r.r.r.r.g.][.r.rbg.g..][r.rbg.g.g.][.r.g.g.g.g][r.rgggg.g.][.r.g.g.g..][r.g.g.....]], 
[[r.r.r.r.r.][.r.rb.gg..][r.rb.gg.g.][.r.g.g.g.g][r.rgggg.g.][.r.g.g.g..][r.r.g.....]], 
[[r.r.r.r.r.][.r.r.ggg..][r.r.ggg.g.][.r.g.g.g.g][r.rgggg.g.][.r.g.g.g..][r.r.g.....]], 
[[r.r.r.r.r.][.r.r.rgg..][r.r.rgg.g.][.r.r.g.g.g][r.rgggg.g.][.r.g.g.g..][r.r.g.....]], 
[[r.r.r.r.r.][.r.r.rbg..][r.r.rbg.g.][.r.r.g.g.g][r.rbggg.g.][.r.g.g.g..][r.r.g.....]], 
[[r.r.r.r.r.][.r.r.rb.g.][r.r.rb.gg.][.r.r.g.g.g][r.rbbgg.g.][.r.g.g.g..][r.r.g.....]], 
[[r.r.r.r.r.][.r.r.r.gg.][r.r.r.ggg.][.r.r.g.g.g][r.rbbgg.g.][.r.g.g.g..][r.r.g.....]], 
[[r.r.r.r.r.][.r.r.r.rg.][r.r.r.rgg.][.r.r.r.g.g][r.rbbgg.g.][.r.g.g.g..][r.r.g.....]], 
[[r.r.r.r.r.][.r.r.r.r.g][r.r.r.rbg.][.r.r.r.g.g][r.rbbbg.g.][.r.g.g.g..][r.r.g.....]], 
[[r.r.r.r.r.][.r.r.r.r.r][r.r.r.rbg.][.r.r.r.g.g][r.rbbb.gg.][.r.g.g.g..][r.r.g.....]], 
[[r.r.r.r.r.][.r.r.r.r.r][r.r.r.rb.g][.r.r.r.g.g][r.rbb.ggg.][.r.g.g.g..][r.r.g.....]], 
[[r.r.r.r.r.][.r.r.r.r.r][r.r.r.r.gg][.r.r.r.g.g][r.rb.gggg.][.r.g.g.g..][r.r.g.....]], 
[[r.r.r.r.r.][.r.r.r.r.r][r.r.r.r.rg][.r.r.r.r.g][r.r.ggggg.][.r.g.g.g..][r.r.g.....]], 
[[r.r.r.r.r.][.r.r.r.r.r][r.r.r.r.rb][.r.r.r.r.g][r.r.rgggg.][.r.r.g.g..][r.r.g.....]], 
[[r.r.r.r.r.][.r.r.r.r.r][r.r.r.r.rb][.r.r.r.r..][r.r.rbgggg][.r.r.g.g..][r.r.r.....]], 
[[r.r.r.r.r.][.r.r.r.r.r][r.r.r.r.r.][.r.r.r.r.g][r.r.rbbggg][.r.r.g.g..][r.r.r.....]], 
[[r.r.r.r.r.][.r.r.r.r.r][r.r.r.r.r.][.r.r.r.r.r][r.r.rbbbgg][.r.r.g.g..][r.r.r.....]], 
[[r.r.r.r.r.][.r.r.r.r.r][r.r.r.r.r.][.r.r.r.r.r][r.r.rbbbbg][.r.r.g.g..][r.r.r.....]], 
[[r.r.r.r.r.][.r.r.r.r.r][r.r.r.r.r.][.r.r.r.r.r][r.r.rbbbb.][.r.r.g.g.g][r.r.r.....]], 
[[r.r.r.r.r.][.r.r.r.r.r][r.r.r.r.r.][.r.r.r.r.r][r.r.rbbb.g][.r.r.g.g.g][r.r.r.....]], 
[[r.r.r.r.r.][.r.r.r.r.r][r.r.r.r.r.][.r.r.r.r.r][r.r.rbb.gg][.r.r.g.g.g][r.r.r.....]], 
[[r.r.r.r.r.][.r.r.r.r.r][r.r.r.r.r.][.r.r.r.r.r][r.r.rb.ggg][.r.r.g.g.g][r.r.r.....]], 
[[r.r.r.r.r.][.r.r.r.r.r][r.r.r.r.r.][.r.r.r.r.r][r.r.r.gggg][.r.r.g.g.g][r.r.r.....]], 
[[r.r.r.r.r.][.r.r.r.r.r][r.r.r.r.r.][.r.r.r.r.r][r.r.r.rggg][.r.r.r.g.g][r.r.r.....]], 
[[r.r.r.r.r.][.r.r.r.r.r][r.r.r.r.r.][.r.r.r.r.r][r.r.r.rbgg][.r.r.r.g.g][r.r.r.....]], 
[[r.r.r.r.r.][.r.r.r.r.r][r.r.r.r.r.][.r.r.r.r.r][r.r.r.rbbg][.r.r.r.g.g][r.r.r.....]], 
[[r.r.r.r.r.][.r.r.r.r.r][r.r.r.r.r.][.r.r.r.r.r][r.r.r.rbbb][.r.r.r.g.g][r.r.r.....]], 
[[r.r.r.r.r.][.r.r.r.r.r][r.r.r.r.r.][.r.r.r.r.r][r.r.r.rbbb][.r.r.r.g..][r.r.r....g]], 
[[r.r.r.r.r.][.r.r.r.r.r][r.r.r.r.r.][.r.r.r.r.r][r.r.r.rbb.][.r.r.r.g.g][r.r.r...g.]], 
[[r.r.r.r.r.][.r.r.r.r.r][r.r.r.r.r.][.r.r.r.r.r][r.r.r.rb.g][.r.r.r.g.g][r.r.r..g..]], 
[[r.r.r.r.r.][.r.r.r.r.r][r.r.r.r.r.][.r.r.r.r.r][r.r.r.r.gg][.r.r.r.g.g][r.r.r.g...]], 
[[r.r.r.r.r.][.r.r.r.r.r][r.r.r.r.r.][.r.r.r.r.r][r.r.r.r.rg][.r.r.r.r.g][r.r.r.r...]], 
[[r.r.r.r.r.][.r.r.r.r.r][r.r.r.r.r.][.r.r.r.r.r][r.r.r.r.rb][.r.r.r.r.g][r.r.r.r...]], 
[[r.r.r.r.r.][.r.r.r.r.r][r.r.r.r.r.][.r.r.r.r.r][r.r.r.r.rb][.r.r.r.r..][r.r.r.r..g]], 
[[r.r.r.r.r.][.r.r.r.r.r][r.r.r.r.r.][.r.r.r.r.r][r.r.r.r.r.][.r.r.r.r.g][r.r.r.r.g.]], 
[[r.r.r.r.r.][.r.r.r.r.r][r.r.r.r.r.][.r.r.r.r.r][r.r.r.r.r.][.r.r.r.r.r][r.r.r.r.r.]], 
[[r.r.r.r.r.][.r.r.r.r.r][r.r.r.r.r.][.r.r.r.r.r][r.r.r.r.r.][.r.r.r.r.r][r.r.r.r.r.]], 
