7 7
[[g.gg...][g..g.gg][gg..g..][g.ggg..][g.gg..g][..g.ggg][...gg..]], 
[[r.gg...][g.g..gg][gg.g...][g.ggg..][g.gg.g.][.g..ggg][..g.g..]], 
[[r.rg...][.gg.g.g][gg.g...][g.ggg..][g.gg.g.][.g.g.gg][.g..g..]], 
[[r.r.g..][.rg.g.g][rg.g...][g.ggg..][g.gg.g.][.g.g.gg][g..g...]], 
[[r.r.r..][.r.gg.g][r.gg...][.gggg..][g.gg.g.][.g.g.gg][g.g....]], 
[[r.r.r..][.r.rg.g][r.rg...][.rggg..][r.gg.g.][.g.g.gg][g.g....]], 
[[r.r.r..][.r.r.gg][r.r.g..][.rbgg..][r.gg.g.][.r.g.gg][r.g....]], 
[[r.r.r..][.r.r.rg][r.r.r..][.rbbg..][r.gg.g.][.r.g.gg][r.g....]], 
[[r.r.r.g][.r.r.r.][r.r.r..][.rbb.g.][r.gg.g.][.r.g.gg][r.g....]], 
[[r.r.r.r][.r.r.r.][r.r.r..][.rb.gg.][r.gg.g.][.r.g.gg][r.g....]], 
[[r.r.r.r][.r.r.r.][r.r.r..][.r.ggg.][r.gg.g.][.r.g.gg][r.g....]], 
[[r.r.r.r][.r.r.r.][r.r.r..][.r.rgg.][r.rg.g.][.r.g.gg][r.g....]], 
[[r.r.r.r][.r.r.r.][r.r.r..][.r.rbg.][r.r.gg.][.r.g.gg][r.r....]], 
[[r.r.r.r][.r.r.r.][r.r.r..][.r.rb.g][r.r.gg.][.r.r.gg][r.r....]], 
[[r.r.r.r][.r.r.r.][r.r.r..][.r.r.gg][r.r.gg.][.r.r.gg][r.r....]], 
[[r.r.r.r][.r.r.r.][r.r.r..][.r.r.rg][r.r.rg.][.r.r.gg][r.r....]], 
[[r.r.r.r][.r.r.r.][r.r.r.g][.r.r.r.][r.r.rg.][.r.r.gg][r.r....]], 
[[r.r.r.r][.r.r.r.][r.r.r.r][.r.r.r.][r.r.r.g][.r.r.gg][r.r....]], 
[[r.r.r.r][.r.r.r.][r.r.r.r][.r.r.r.][r.r.r.r][.r.r.rg][r.r....]], 
[[r.r.r.r][.r.r.r.][r.r.r.r][.r.r.r.][r.r.r.r][.r.r.r.][r.r...g]], 
[[r.r.r.r][.r.r.r.][r.r.r.r][.r.r.r.][r.r.r.r][.r.r.r.][r.r..g.]], 
[[r.r.r.r][.r.r.r.][r.r.r.r][.r.r.r.][r.r.r.r][.r.r.r.][r.r.g..]], 
[[r.r.r.r][.r.r.r.][r.r.r.r][.r.r.r.][r.r.r.r][.r.r.r.][r.r.r..]], 
[[r.r.r.r][.r.r.r.][r.r.r.r][.r.r.r.][r.r.r.r][.r.r.r.][r.r.r..]], 
