15 15
[[g.gg.....gggg.g][gg.ggg.g...g.g.][.gggg.g.ggg....][g.g.gg.g....ggg][g.g....g.ggg.g.][g.g..ggg..gg..g][g.g.g......gg..][g.gggg....g.g..][..gg.g....gggg.][..ggg.g..gggg..][..g.g....g..g.g][..g.g.....g...g][.gg..g..gggg.g.][.gg.ggggg..g.gg][gggg..ggg.gg.gg]], 
[[r.gg....g.ggg.g][gg.ggg.g..g..g.][.gggg.g.ggg....][g.g.gg.g...g.gg][g.g...g..ggg.g.][g.g.g.gg.g.g.g.][g.g.g.....g.g..][g.gggg...g..g..][.g.g.g...g.ggg.][.g.gg.g.g.ggg..][.g..g...g..g..g][.g..g....g...g.][g.g.g..g.ggg.g.][g.g.ggggg.g..gg][gggg.g.gg.gg.gg]], 
[[r.rg...g..ggg.g][bg.ggg.g.g..g..][.gggg.g.ggg....][g.g.gg.g..g..gg][g.g..g..g.gg.g.][g.g.g.gg.g.g.g.][g.g.g....g..g..][g.gggg..g..g...][.g.g.g..g..ggg.][g..gg.g.g.ggg..][g..g...g..g..g.][g..g....g...g..][g.g.g.g..ggg.g.][g.g.ggggg.g.g.g][gggg.g.gg.gg.gg]], 
[[r.r.g.g..g.gg.g][b.gggg.g.g.g...][.gggg.g.ggg....][g.g.gg.g.g..g.g][g.g.g..g..gg.g.][g.g.g.gg.g.g.g.][g.g.g...g..g...][g.gggg.g..g....][.g.g.g.g..g.gg.][g.g.g.g.g.ggg..][g.g...g..g..g..][g.g....g...g...][g.g.g.g.g.gg.g.][g.g.ggggg.g.g.g][gggg.g.gg.gg.gg]], 
[[r.r.r.g.g..gg.g][.ggggg.g.g.g...][.gggg.g.ggg....][g.g.gg.g.g.g..g][g.g.g.g..g.g.g.][g.g.g.gg.g.g.g.][g.g.g..g..g....][g.gggg.g.g.....][.g.g.g.g.g..gg.][g.g.g.g.g.ggg..][g.g..g..g..g...][g.g...g...g....][g.g.g.g.g.gg.g.][g.g.ggggg.g.g.g][gggg.g.gg.gg.gg]], 
[[r.r.r.r.g.g.g.g][.rgggg.g.g.g...][g.ggg.g.ggg....][g.g.gg.g.g.g.g.][g.g.g.g.g..g.g.][g.g.g.gg.g.g.g.][g.g.g.g..g.....][g.gggg.g.g.....][.g.g.g.g.g.g.g.][g.g.g.g.g.ggg..][g.g.g..g..g....][g.g..g...g.....][g.g.g.g.g.gg.g.][g.g.ggggg.g.g.g][gggg.g.gg.gg.gg]], 
[[r.r.r.r.r.g.g.g][.rbggg.g.g.g...][r.ggg.g.ggg....][g.g.gg.g.g.g.g.][g.g.g.g.g.g..g.][g.g.g.gg.g.g.g.][g.g.g.g.g......][g.gggg.g.g.....][.g.g.g.g.g.g.g.][g.g.g.g.g.ggg..][g.g.g.g..g.....][g.g.g...g......][g.g.g.g.g.gg.g.][g.g.ggggg.g.g.g][gggg.g.gg.gg.gg]], 
[[r.r.r.r.r.r.g.g][.rbbgg.g.g.g...][r.ggg.g.ggg....][.gg.gg.g.g.g.g.][g.g.g.g.g.g.g..][g.g.g.gg.g.g.g.][g.g.g.g.g......][g.gggg.g.g.....][.g.g.g.g.g.g.g.][g.g.g.g.g.ggg..][g.g.g.g.g......][g.g.g..g.......][g.g.g.g.g.gg.g.][g.g.ggggg.g.g.g][gggg.g.gg.gg.gg]], 
[[r.r.r.r.r.r.r.g][.rbbbg.g.g.g...][r.ggg.g.ggg....][.rg.gg.g.g.g.g.][r.g.g.g.g.g.g..][g.g.g.gg.g.g.g.][g.g.g.g.g......][g.gggg.g.g.....][.g.g.g.g.g.g.g.][g.g.g.g.g.ggg..][g.g.g.g.g......][g.g.g.g........][g.g.g.g.g.gg.g.][g.g.ggggg.g.g.g][gggg.g.gg.gg.gg]], 
[[r.r.r.r.r.r.r.r][.rbbb.gg.g.g...][r.ggg.g.ggg....][.rg.gg.g.g.g.g.][r.g.g.g.g.g.g..][.gg.g.gg.g.g.g.][g.g.g.g.g......][g.gggg.g.g.....][.g.g.g.g.g.g.g.][g.g.g.g.g.ggg..][g.g.g.g.g......][g.g.g.g........][g.g.g.g.g.gg.g.][g.g.ggggg.g.g.g][gggg.g.gg.gg.gg]], 
[[r.r.r.r.r.r.r.r][.rbb.ggg.g.g...][r.ggg.g.ggg....][.rg.gg.g.g.g.g.][r.g.g.g.g.g.g..][.rg.g.gg.g.g.g.][r.g.g.g.g......][g.gggg.g.g.....][.g.g.g.g.g.g.g.][g.g.g.g.g.ggg..][g.g.g.g.g......][g.g.g.g........][g.g.g.g.g.gg.g.][g.g.ggggg.g.g.g][gggg.g.gg.gg.gg]], 
[[r.r.r.r.r.r.r.r][.rb.gggg.g.g...][r.ggg.g.ggg....][.rg.gg.g.g.g.g.][r.g.g.g.g.g.g..][.rg.g.gg.g.g.g.][r.g.g.g.g......][.ggggg.g.g.....][.g.g.g.g.g.g.g.][g.g.g.g.g.ggg..][g.g.g.g.g......][g.g.g.g........][g.g.g.g.g.gg.g.][g.g.ggggg.g.g.g][gggg.g.gg.gg.gg]], 
[[r.r.r.r.r.r.r.r][.r.ggggg.g.g...][r.ggg.g.ggg....][.rg.gg.g.g.g.g.][r.g.g.g.g.g.g..][.rg.g.gg.g.g.g.][r.g.g.g.g......][.rgggg.g.g.....][g..g.g.g.g.g.g.][g.g.g.g.g.ggg..][g.g.g.g.g......][g.g.g.g........][g.g.g.g.g.gg.g.][g.g.ggggg.g.g.g][gggg.g.gg.gg.gg]], 
[[r.r.r.r.r.r.r.r][.r.rgggg.g.g...][r.rgg.g.ggg....][.rg.gg.g.g.g.g.][r.g.g.g.g.g.g..][.rg.g.gg.g.g.g.][r.g.g.g.g......][.rgggg.g.g.....][r.g..g.g.g.g.g.][g.g.g.g.g.ggg..][g.g.g.g.g......][g.g.g.g........][g.g.g.g.g.gg.g.][g.g.ggggg.g.g.g][gggg.g.gg.gg.gg]], 
[[r.r.r.r.r.r.r.r][.r.rbggg.g.g...][r.rbg.g.ggg....][.r.ggg.g.g.g.g.][r.g.g.g.g.g.g..][.rg.g.gg.g.g.g.][r.g.g.g.g......][.rgggg.g.g.....][r.g.g..g.g.g.g.][.gg.g.g.g.ggg..][g.g.g.g.g......][g.g.g.g........][g.g.g.g.g.gg.g.][g.g.ggggg.g.g.g][gggg.g.gg.gg.gg]], 
[[r.r.r.r.r.r.r.r][.r.rbbgg.g.g...][r.rb.gg.ggg....][.r.ggg.g.g.g.g.][r.r.g.g.g.g.g..][.rg.g.gg.g.g.g.][r.g.g.g.g......][.rgggg.g.g.....][r.g.g.g..g.g.g.][.rg.g.g.g.ggg..][r.g.g.g.g......][g.g.g.g........][g.g.g.g.g.gg.g.][g.g.ggggg.g.g.g][gggg.g.gg.gg.gg]], 
[[r.r.r.r.r.r.r.r][.r.rbbbg.g.g...][r.r.ggg.ggg....][.r.ggg.g.g.g.g.][r.r.g.g.g.g.g..][.r.gg.gg.g.g.g.][r.g.g.g.g......][.rgggg.g.g.....][r.g.g.g.g..g.g.][.rg.g.g.g.ggg..][r.g.g.g.g......][.gg.g.g........][g.g.g.g.g.gg.g.][g.g.ggggg.g.g.g][gggg.g.gg.gg.gg]], 
[[r.r.r.r.r.r.r.r][.r.rbbb.gg.g...][r.r.ggg.ggg....][.r.rgg.g.g.g.g.][r.r.g.g.g.g.g..][.r.gg.gg.g.g.g.][r.r.g.g.g......][.rgggg.g.g.....][r.g.g.g.g.g..g.][.rg.g.g.g.ggg..][r.g.g.g.g......][.rg.g.g........][r.g.g.g.g.gg.g.][g.g.ggggg.g.g.g][gggg.g.gg.gg.gg]], 
[[r.r.r.r.r.r.r.r][.r.rbb.ggg.g...][r.r.ggg.ggg....][.r.rgg.g.g.g.g.][r.r.g.g.g.g.g..][.r.rg.gg.g.g.g.][r.r.g.g.g......][.rbggg.g.g.....][r.g.g.g.g.g.g..][.rg.g.g.g.ggg..][r.g.g.g.g......][.rg.g.g........][r.g.g.g.g.gg.g.][.gg.ggggg.g.g.g][gggg.g.gg.gg.gg]], 
[[r.r.r.r.r.r.r.r][.r.rb.gggg.g...][r.r.ggg.ggg....][.r.rgg.g.g.g.g.][r.r.g.g.g.g.g..][.r.rg.gg.g.g.g.][r.r.g.g.g......][.rbbgg.g.g.....][r.g.g.g.g.g.g..][.rg.g.g.g.ggg..][r.g.g.g.g......][.rg.g.g........][r.g.g.g.g.gg.g.][.rg.ggggg.g.g.g][rggg.g.gg.gg.gg]], 
[[r.r.r.r.r.r.r.r][.r.r.ggggg.g...][r.r.ggg.ggg....][.r.rgg.g.g.g.g.][r.r.g.g.g.g.g..][.r.rg.gg.g.g.g.][r.r.g.g.g......][.rbbgg.g.g.....][r.g.g.g.g.g.g..][.rg.g.g.g.ggg..][r.g.g.g.g......][.rg.g.g........][r.g.g.g.g.gg.g.][.rg.ggggg.g.g.g][rbgg.g.gg.gg.gg]], 
[[r.r.r.r.r.r.r.r][.r.r.rgggg.g...][r.r.rgg.ggg....][.r.rgg.g.g.g.g.][r.r.g.g.g.g.g..][.r.rg.gg.g.g.g.][r.r.g.g.g......][.rbbgg.g.g.....][r.g.g.g.g.g.g..][.rg.g.g.g.ggg..][r.g.g.g.g......][.rg.g.g........][r.g.g.g.g.gg.g.][.rg.ggggg.g.g.g][rbgg.g.gg.gg.gg]], 
[[r.r.r.r.r.r.r.r][.r.r.rbggg.g...][r.r.rbg.ggg....][.r.rbg.g.g.g.g.][r.r.g.g.g.g.g..][.r.rg.gg.g.g.g.][r.r.g.g.g......][.rbbgg.g.g.....][r.g.g.g.g.g.g..][.rg.g.g.g.ggg..][r.g.g.g.g......][.rg.g.g........][r.g.g.g.g.gg.g.][.rg.ggggg.g.g.g][rbgg.g.gg.gg.gg]], 
[[r.r.r.r.r.r.r.r][.r.r.rbbgg.g...][r.r.rb.gggg....][.r.rb.gg.g.g.g.][r.r.g.g.g.g.g..][.r.rg.gg.g.g.g.][r.r.g.g.g......][.rbbgg.g.g.....][r.g.g.g.g.g.g..][.rg.g.g.g.ggg..][r.g.g.g.g......][.rg.g.g........][r.g.g.g.g.gg.g.][.rg.ggggg.g.g.g][rbgg.g.gg.gg.gg]], 
[[r.r.r.r.r.r.r.r][.r.r.rbbbg.g...][r.r.r.ggggg....][.r.r.ggg.g.g.g.][r.r.g.g.g.g.g..][.r.rg.gg.g.g.g.][r.r.g.g.g......][.rbbgg.g.g.....][r.g.g.g.g.g.g..][.rg.g.g.g.ggg..][r.g.g.g.g......][.rg.g.g........][r.g.g.g.g.gg.g.][.rg.ggggg.g.g.g][rbgg.g.gg.gg.gg]], 
[[r.r.r.r.r.r.r.r][.r.r.rbbb.gg...][r.r.r.ggggg....][.r.r.rgg.g.g.g.][r.r.r.g.g.g.g..][.r.rg.gg.g.g.g.][r.r.g.g.g......][.rbbgg.g.g.....][r.g.g.g.g.g.g..][.rg.g.g.g.ggg..][r.g.g.g.g......][.rg.g.g........][r.g.g.g.g.gg.g.][.rg.ggggg.g.g.g][rbgg.g.gg.gg.gg]], 
[[r.r.r.r.r.r.r.r][.r.r.rbb.ggg...][r.r.r.ggggg....][.r.r.rgg.g.g.g.][r.r.r.g.g.g.g..][.r.r.ggg.g.g.g.][r.r.g.g.g......][.rbbgg.g.g.....][r.g.g.g.g.g.g..][.rg.g.g.g.ggg..][r.g.g.g.g......][.rg.g.g........][r.g.g.g.g.gg.g.][.rg.ggggg.g.g.g][rbgg.g.gg.gg.gg]], 
[[r.r.r.r.r.r.r.r][.r.r.rb.gggg...][r.r.r.ggggg....][.r.r.rgg.g.g.g.][r.r.r.g.g.g.g..][.r.r.rgg.g.g.g.][r.r.r.g.g......][.rbbgg.g.g.....][r.g.g.g.g.g.g..][.rg.g.g.g.ggg..][r.g.g.g.g......][.rg.g.g........][r.g.g.g.g.gg.g.][.rg.ggggg.g.g.g][rbgg.g.gg.gg.gg]], 
[[r.r.r.r.r.r.r.r][.r.r.r.ggggg...][r.r.r.ggggg....][.r.r.rgg.g.g.g.][r.r.r.g.g.g.g..][.r.r.rgg.g.g.g.][r.r.r.g.g......][.rbbbg.g.g.....][r.g.g.g.g.g.g..][.rg.g.g.g.ggg..][r.g.g.g.g......][.rg.g.g........][r.g.g.g.g.gg.g.][.rg.ggggg.g.g.g][rbgg.g.gg.gg.gg]], 
[[r.r.r.r.r.r.r.r][.r.r.r.rgggg...][r.r.r.rgggg....][.r.r.rgg.g.g.g.][r.r.r.g.g.g.g..][.r.r.rgg.g.g.g.][r.r.r.g.g......][.rbbb.gg.g.....][r.g.g.g.g.g.g..][.rg.g.g.g.ggg..][r.g.g.g.g......][.rg.g.g........][r.g.g.g.g.gg.g.][.rg.ggggg.g.g.g][rbgg.g.gg.gg.gg]], 
[[r.r.r.r.r.r.r.r][.r.r.r.rbggg...][r.r.r.rbggg....][.r.r.rbg.g.g.g.][r.r.r.g.g.g.g..][.r.r.rgg.g.g.g.][r.r.r.g.g......][.rbb.ggg.g.....][r.g.g.g.g.g.g..][.rg.g.g.g.ggg..][r.g.g.g.g......][.rg.g.g........][r.g.g.g.g.gg.g.][.rg.ggggg.g.g.g][rbgg.g.gg.gg.gg]], 
[[r.r.r.r.r.r.r.r][.r.r.r.rbbgg...][r.r.r.rbggg....][.r.r.rb.gg.g.g.][r.r.r.g.g.g.g..][.r.r.rgg.g.g.g.][r.r.r.g.g......][.rb.gggg.g.....][r.g.g.g.g.g.g..][.rg.g.g.g.ggg..][r.g.g.g.g......][.rg.g.g........][r.g.g.g.g.gg.g.][.rg.ggggg.g.g.g][rbgg.g.gg.gg.gg]], 
[[r.r.r.r.r.r.r.r][.r.r.r.rbbbg...][r.r.r.rbggg....][.r.r.r.ggg.g.g.][r.r.r.g.g.g.g..][.r.r.rgg.g.g.g.][r.r.r.g.g......][.r.ggggg.g.....][r.g.g.g.g.g.g..][.rg.g.g.g.ggg..][r.g.g.g.g......][.rg.g.g........][r.g.g.g.g.gg.g.][.rg.ggggg.g.g.g][rbgg.g.gg.gg.gg]], 
[[r.r.r.r.r.r.r.r][.r.r.r.rbbb.g..][r.r.r.rbggg....][.r.r.r.ggg.g.g.][r.r.r.r.g.g.g..][.r.r.rgg.g.g.g.][r.r.r.g.g......][.r.rgggg.g.....][r.r.g.g.g.g.g..][.rg.g.g.g.ggg..][r.g.g.g.g......][.rg.g.g........][r.g.g.g.g.gg.g.][.rg.ggggg.g.g.g][rbgg.g.gg.gg.gg]], 
[[r.r.r.r.r.r.r.r][.r.r.r.rbb.gg..][r.r.r.rbggg....][.r.r.r.ggg.g.g.][r.r.r.r.g.g.g..][.r.r.rbg.g.g.g.][r.r.r.g.g......][.r.rbggg.g.....][r.r.g.g.g.g.g..][.r.gg.g.g.ggg..][r.g.g.g.g......][.rg.g.g........][r.g.g.g.g.gg.g.][.rg.ggggg.g.g.g][rbgg.g.gg.gg.gg]], 
[[r.r.r.r.r.r.r.r][.r.r.r.rb.ggg..][r.r.r.rbggg....][.r.r.r.ggg.g.g.][r.r.r.r.g.g.g..][.r.r.rb.gg.g.g.][r.r.r.g.g......][.r.rbbgg.g.....][r.r.g.g.g.g.g..][.r.rg.g.g.ggg..][r.r.g.g.g......][.rg.g.g........][r.g.g.g.g.gg.g.][.rg.ggggg.g.g.g][rbgg.g.gg.gg.gg]], 
[[r.r.r.r.r.r.r.r][.r.r.r.r.gggg..][r.r.r.rbggg....][.r.r.r.ggg.g.g.][r.r.r.r.g.g.g..][.r.r.r.ggg.g.g.][r.r.r.g.g......][.r.rbbgg.g.....][r.r.g.g.g.g.g..][.r.rg.g.g.ggg..][r.r.g.g.g......][.r.gg.g........][r.g.g.g.g.gg.g.][.rg.ggggg.g.g.g][rbgg.g.gg.gg.gg]], 
[[r.r.r.r.r.r.r.r][.r.r.r.r.rggg..][r.r.r.rbbgg....][.r.r.r.ggg.g.g.][r.r.r.r.g.g.g..][.r.r.r.ggg.g.g.][r.r.r.r.g......][.r.rbbgg.g.....][r.r.g.g.g.g.g..][.r.rg.g.g.ggg..][r.r.g.g.g......][.r.rg.g........][r.r.g.g.g.gg.g.][.rg.ggggg.g.g.g][rbgg.g.gg.gg.gg]], 
[[r.r.r.r.r.r.r.r][.r.r.r.r.rbgg..][r.r.r.rbbbg....][.r.r.r.ggg.g.g.][r.r.r.r.g.g.g..][.r.r.r.ggg.g.g.][r.r.r.r.g......][.r.rbbbg.g.....][r.r.g.g.g.g.g..][.r.rg.g.g.ggg..][r.r.g.g.g......][.r.rg.g........][r.r.g.g.g.gg.g.][.r.gggggg.g.g.g][rbgg.g.gg.gg.gg]], 
[[r.r.r.r.r.r.r.r][.r.r.r.r.rbbg..][r.r.r.rbbb.g...][.r.r.r.ggg.g.g.][r.r.r.r.g.g.g..][.r.r.r.ggg.g.g.][r.r.r.r.g......][.r.rbbb.gg.....][r.r.g.g.g.g.g..][.r.rg.g.g.ggg..][r.r.g.g.g......][.r.rg.g........][r.r.g.g.g.gg.g.][.r.rggggg.g.g.g][rbbg.g.gg.gg.gg]], 
[[r.r.r.r.r.r.r.r][.r.r.r.r.rbb.g.][r.r.r.rbb.gg...][.r.r.r.ggg.g.g.][r.r.r.r.g.g.g..][.r.r.r.ggg.g.g.][r.r.r.r.g......][.r.rbb.ggg.....][r.r.g.g.g.g.g..][.r.rg.g.g.ggg..][r.r.g.g.g......][.r.rg.g........][r.r.g.g.g.gg.g.][.r.rggggg.g.g.g][rbb.gg.gg.gg.gg]], 
[[r.r.r.r.r.r.r.r][.r.r.r.r.rb.gg.][r.r.r.rb.ggg...][.r.r.r.ggg.g.g.][r.r.r.r.g.g.g..][.r.r.r.ggg.g.g.][r.r.r.r.g......][.r.rb.gggg.....][r.r.g.g.g.g.g..][.r.rg.g.g.ggg..][r.r.g.g.g......][.r.rg.g........][r.r.g.g.g.gg.g.][.r.rggggg.g.g.g][rb.ggg.gg.gg.gg]], 
[[r.r.r.r.r.r.r.r][.r.r.r.r.r.ggg.][r.r.r.r.gggg...][.r.r.r.ggg.g.g.][r.r.r.r.g.g.g..][.r.r.r.ggg.g.g.][r.r.r.r.g......][.r.r.ggggg.....][r.r.g.g.g.g.g..][.r.rg.g.g.ggg..][r.r.g.g.g......][.r.rg.g........][r.r.g.g.g.gg.g.][.r.rggggg.g.g.g][r.gggg.gg.gg.gg]], 
[[r.r.r.r.r.r.r.r][.r.r.r.r.r.rgg.][r.r.r.r.rggg...][.r.r.r.rgg.g.g.][r.r.r.r.g.g.g..][.r.r.r.ggg.g.g.][r.r.r.r.g......][.r.r.rgggg.....][r.r.r.g.g.g.g..][.r.rg.g.g.ggg..][r.r.g.g.g......][.r.rg.g........][r.r.g.g.g.gg.g.][.r.rggggg.g.g.g][r.rggg.gg.gg.gg]], 
[[r.r.r.r.r.r.r.r][.r.r.r.r.r.rbg.][r.r.r.r.rbgg...][.r.r.r.rbg.g.g.][r.r.r.r.g.g.g..][.r.r.r.rgg.g.g.][r.r.r.r.g......][.r.r.rbggg.....][r.r.r.g.g.g.g..][.r.r.gg.g.ggg..][r.r.g.g.g......][.r.rg.g........][r.r.g.g.g.gg.g.][.r.rggggg.g.g.g][r.rbgg.gg.gg.gg]], 
[[r.r.r.r.r.r.r.r][.r.r.r.r.r.rb.g][r.r.r.r.rbbg...][.r.r.r.rb.gg.g.][r.r.r.r.g.g.g..][.r.r.r.rgg.g.g.][r.r.r.r.g......][.r.r.rbbgg.....][r.r.r.g.g.g.g..][.r.r.rg.g.ggg..][r.r.r.g.g......][.r.rg.g........][r.r.g.g.g.gg.g.][.r.rggggg.g.g.g][r.rbgg.gg.gg.gg]], 
[[r.r.r.r.r.r.r.r][.r.r.r.r.r.r.gg][r.r.r.r.rbb.g..][.r.r.r.r.ggg.g.][r.r.r.r.g.g.g..][.r.r.r.rgg.g.g.][r.r.r.r.g......][.r.r.rbbgg.....][r.r.r.g.g.g.g..][.r.r.rg.g.ggg..][r.r.r.g.g......][.r.r.gg........][r.r.g.g.g.gg.g.][.r.rggggg.g.g.g][r.rbgg.gg.gg.gg]], 
[[r.r.r.r.r.r.r.r][.r.r.r.r.r.r.rg][r.r.r.r.rb.gg..][.r.r.r.r.ggg.g.][r.r.r.r.r.g.g..][.r.r.r.rgg.g.g.][r.r.r.r.g......][.r.r.rbbgg.....][r.r.r.g.g.g.g..][.r.r.rg.g.ggg..][r.r.r.g.g......][.r.r.rg........][r.r.r.g.g.gg.g.][.r.rggggg.g.g.g][r.rbgg.gg.gg.gg]], 
[[r.r.r.r.r.r.r.r][.r.r.r.r.r.r.r.][r.r.r.r.r.ggg.g][.r.r.r.r.ggg.g.][r.r.r.r.r.g.g..][.r.r.r.rbg.g.g.][r.r.r.r.g......][.r.r.rbbgg.....][r.r.r.g.g.g.g..][.r.r.rg.g.ggg..][r.r.r.g.g......][.r.r.rg........][r.r.r.g.g.gg.g.][.r.rbgggg.g.g.g][r.rbgg.gg.gg.gg]], 
[[r.r.r.r.r.r.r.r][.r.r.r.r.r.r.r.][r.r.r.r.r.rgg.g][.r.r.r.r.rgg.g.][r.r.r.r.r.g.g..][.r.r.r.rb.gg.g.][r.r.r.r.g......][.r.r.rbbgg.....][r.r.r.g.g.g.g..][.r.r.rg.g.ggg..][r.r.r.g.g......][.r.r.rg........][r.r.r.g.g.gg.g.][.r.rbbggg.g.g.g][r.rbgg.gg.gg.gg]], 
[[r.r.r.r.r.r.r.r][.r.r.r.r.r.r.r.][r.r.r.r.r.rbg.g][.r.r.r.r.rbg.g.][r.r.r.r.r.g.g..][.r.r.r.r.ggg.g.][r.r.r.r.g......][.r.r.rbbgg.....][r.r.r.g.g.g.g..][.r.r.rg.g.ggg..][r.r.r.g.g......][.r.r.rg........][r.r.r.g.g.gg.g.][.r.rbbggg.g.g.g][r.rbgg.gg.gg.gg]], 
[[r.r.r.r.r.r.r.r][.r.r.r.r.r.r.r.][r.r.r.r.r.rb.gg][.r.r.r.r.rb.gg.][r.r.r.r.r.g.g..][.r.r.r.r.rgg.g.][r.r.r.r.r......][.r.r.rbbgg.....][r.r.r.g.g.g.g..][.r.r.rg.g.ggg..][r.r.r.g.g......][.r.r.rg........][r.r.r.g.g.gg.g.][.r.rbbggg.g.g.g][r.rbgg.gg.gg.gg]], 
[[r.r.r.r.r.r.r.r][.r.r.r.r.r.r.r.][r.r.r.r.r.r.ggg][.r.r.r.r.r.ggg.][r.r.r.r.r.g.g..][.r.r.r.r.rgg.g.][r.r.r.r.r......][.r.r.rbbbg.....][r.r.r.g.g.g.g..][.r.r.rg.g.ggg..][r.r.r.g.g......][.r.r.rg........][r.r.r.g.g.gg.g.][.r.rbbggg.g.g.g][r.rbgg.gg.gg.gg]], 
[[r.r.r.r.r.r.r.r][.r.r.r.r.r.r.r.][r.r.r.r.r.r.rgg][.r.r.r.r.r.rgg.][r.r.r.r.r.r.g..][.r.r.r.r.rgg.g.][r.r.r.r.r......][.r.r.rbbb.g....][r.r.r.g.g.g.g..][.r.r.rg.g.ggg..][r.r.r.g.g......][.r.r.rg........][r.r.r.g.g.gg.g.][.r.rbbggg.g.g.g][r.rbgg.gg.gg.gg]], 
[[r.r.r.r.r.r.r.r][.r.r.r.r.r.r.r.][r.r.r.r.r.r.rbg][.r.r.r.r.r.rbg.][r.r.r.r.r.r.g..][.r.r.r.r.rbg.g.][r.r.r.r.r......][.r.r.rbb.gg....][r.r.r.g.g.g.g..][.r.r.rg.g.ggg..][r.r.r.g.g......][.r.r.rg........][r.r.r.g.g.gg.g.][.r.rbbggg.g.g.g][r.rbgg.gg.gg.gg]], 
[[r.r.r.r.r.r.r.r][.r.r.r.r.r.r.r.][r.r.r.r.r.r.rb.][.r.r.r.r.r.rbgg][r.r.r.r.r.r.g..][.r.r.r.r.rb.gg.][r.r.r.r.r......][.r.r.rb.ggg....][r.r.r.g.g.g.g..][.r.r.rg.g.ggg..][r.r.r.g.g......][.r.r.rg........][r.r.r.g.g.gg.g.][.r.rbbggg.g.g.g][r.rbgg.gg.gg.gg]], 
[[r.r.r.r.r.r.r.r][.r.r.r.r.r.r.r.][r.r.r.r.r.r.r.g][.r.r.r.r.r.rbgg][r.r.r.r.r.r.g..][.r.r.r.r.r.ggg.][r.r.r.r.r......][.r.r.r.gggg....][r.r.r.g.g.g.g..][.r.r.rg.g.ggg..][r.r.r.g.g......][.r.r.rg........][r.r.r.g.g.gg.g.][.r.rbbggg.g.g.g][r.rbgg.gg.gg.gg]], 
[[r.r.r.r.r.r.r.r][.r.r.r.r.r.r.r.][r.r.r.r.r.r.r.r][.r.r.r.r.r.rbbg][r.r.r.r.r.r.g..][.r.r.r.r.r.rgg.][r.r.r.r.r......][.r.r.r.rggg....][r.r.r.r.g.g.g..][.r.r.rg.g.ggg..][r.r.r.g.g......][.r.r.rg........][r.r.r.g.g.gg.g.][.r.rbbggg.g.g.g][r.rbgg.gg.gg.gg]], 
[[r.r.r.r.r.r.r.r][.r.r.r.r.r.r.r.][r.r.r.r.r.r.r.r][.r.r.r.r.r.rbb.][r.r.r.r.r.r.g.g][.r.r.r.r.r.rgg.][r.r.r.r.r......][.r.r.r.rbgg....][r.r.r.r.g.g.g..][.r.r.r.gg.ggg..][r.r.r.g.g......][.r.r.rg........][r.r.r.g.g.gg.g.][.r.rbbggg.g.g.g][r.rbgg.gg.gg.gg]], 
[[r.r.r.r.r.r.r.r][.r.r.r.r.r.r.r.][r.r.r.r.r.r.r.r][.r.r.r.r.r.rb.g][r.r.r.r.r.r.g.g][.r.r.r.r.r.rgg.][r.r.r.r.r......][.r.r.r.rbbg....][r.r.r.r.g.g.g..][.r.r.r.rg.ggg..][r.r.r.r.g......][.r.r.rg........][r.r.r.g.g.gg.g.][.r.rbbggg.g.g.g][r.rbgg.gg.gg.gg]], 
[[r.r.r.r.r.r.r.r][.r.r.r.r.r.r.r.][r.r.r.r.r.r.r.r][.r.r.r.r.r.r.gg][r.r.r.r.r.r.g.g][.r.r.r.r.r.rgg.][r.r.r.r.r......][.r.r.r.rbb.g...][r.r.r.r.g.g.g..][.r.r.r.rg.ggg..][r.r.r.r.g......][.r.r.r.g.......][r.r.r.g.g.gg.g.][.r.rbbggg.g.g.g][r.rbgg.gg.gg.gg]], 
[[r.r.r.r.r.r.r.r][.r.r.r.r.r.r.r.][r.r.r.r.r.r.r.r][.r.r.r.r.r.r.rg][r.r.r.r.r.r.r.g][.r.r.r.r.r.rgg.][r.r.r.r.r......][.r.r.r.rb.gg...][r.r.r.r.g.g.g..][.r.r.r.rg.ggg..][r.r.r.r.g......][.r.r.r.r.......][r.r.r.r.g.gg.g.][.r.rbbggg.g.g.g][r.rbgg.gg.gg.gg]], 
[[r.r.r.r.r.r.r.r][.r.r.r.r.r.r.r.][r.r.r.r.r.r.r.r][.r.r.r.r.r.r.rb][r.r.r.r.r.r.r.g][.r.r.r.r.r.rbg.][r.r.r.r.r......][.r.r.r.r.ggg...][r.r.r.r.g.g.g..][.r.r.r.rg.ggg..][r.r.r.r.g......][.r.r.r.r.......][r.r.r.r.g.gg.g.][.r.rbbbgg.g.g.g][r.rbgg.gg.gg.gg]], 
[[r.r.r.r.r.r.r.r][.r.r.r.r.r.r.r.][r.r.r.r.r.r.r.r][.r.r.r.r.r.r.rb][r.r.r.r.r.r.r..][.r.r.r.r.r.rbgg][r.r.r.r.r......][.r.r.r.r.rgg...][r.r.r.r.r.g.g..][.r.r.r.rg.ggg..][r.r.r.r.g......][.r.r.r.r.......][r.r.r.r.g.gg.g.][.r.rbbbbg.g.g.g][r.rbgg.gg.gg.gg]], 
[[r.r.r.r.r.r.r.r][.r.r.r.r.r.r.r.][r.r.r.r.r.r.r.r][.r.r.r.r.r.r.r.][r.r.r.r.r.r.r.g][.r.r.r.r.r.rbbg][r.r.r.r.r.g....][.r.r.r.r.r.g...][r.r.r.r.r.g.g..][.r.r.r.r.gggg..][r.r.r.r.g......][.r.r.r.r.......][r.r.r.r.g.gg.g.][.r.rbbbb.gg.g.g][r.rbgg.gg.gg.gg]], 
[[r.r.r.r.r.r.r.r][.r.r.r.r.r.r.r.][r.r.r.r.r.r.r.r][.r.r.r.r.r.r.r.][r.r.r.r.r.r.r.r][.r.r.r.r.r.rbb.][r.r.r.r.r.r...g][.r.r.r.r.r.g...][r.r.r.r.r.g.g..][.r.r.r.r.rggg..][r.r.r.r.r......][.r.r.r.r.......][r.r.r.r.g.gg.g.][.r.rbbb.ggg.g.g][r.rbgg.gg.gg.gg]], 
[[r.r.r.r.r.r.r.r][.r.r.r.r.r.r.r.][r.r.r.r.r.r.r.r][.r.r.r.r.r.r.r.][r.r.r.r.r.r.r.r][.r.r.r.r.r.rb.g][r.r.r.r.r.r..g.][.r.r.r.r.r.r...][r.r.r.r.r.r.g..][.r.r.r.r.rggg..][r.r.r.r.r......][.r.r.r.r.......][r.r.r.r.r.gg.g.][.r.rbb.gggg.g.g][r.rbgg.gg.gg.gg]], 
[[r.r.r.r.r.r.r.r][.r.r.r.r.r.r.r.][r.r.r.r.r.r.r.r][.r.r.r.r.r.r.r.][r.r.r.r.r.r.r.r][.r.r.r.r.r.r.gg][r.r.r.r.r.r.g..][.r.r.r.r.r.rg..][r.r.r.r.r.r....][.r.r.r.r.rbgg..][r.r.r.r.r......][.r.r.r.r.......][r.r.r.r.rg.g.g.][.r.rb.ggggg.g.g][r.rbgg.gg.gg.gg]], 
[[r.r.r.r.r.r.r.r][.r.r.r.r.r.r.r.][r.r.r.r.r.r.r.r][.r.r.r.r.r.r.r.][r.r.r.r.r.r.r.r][.r.r.r.r.r.r.rg][r.r.r.r.r.r.r..][.r.r.r.r.r.rg..][r.r.r.r.r.r....][.r.r.r.r.rbbg..][r.r.r.r.r......][.r.r.r.r.g.....][r.r.r.r.r..g.g.][.r.r.gggggg.g.g][r.rbgg.gg.gg.gg]], 
[[r.r.r.r.r.r.r.r][.r.r.r.r.r.r.r.][r.r.r.r.r.r.r.r][.r.r.r.r.r.r.r.][r.r.r.r.r.r.r.r][.r.r.r.r.r.r.r.][r.r.r.r.r.r.r.g][.r.r.r.r.r.r.g.][r.r.r.r.r.r....][.r.r.r.r.rbb.g.][r.r.r.r.r......][.r.r.r.r.r.....][r.r.r.r.r.g..g.][.r.r.rggggg.g.g][r.rbbg.gg.gg.gg]], 
[[r.r.r.r.r.r.r.r][.r.r.r.r.r.r.r.][r.r.r.r.r.r.r.r][.r.r.r.r.r.r.r.][r.r.r.r.r.r.r.r][.r.r.r.r.r.r.r.][r.r.r.r.r.r.r.r][.r.r.r.r.r.r.r.][r.r.r.r.r.r....][.r.r.r.r.rb.gg.][r.r.r.r.r......][.r.r.r.r.rg....][r.r.r.r.r...g..][.r.r.rbgggg.g.g][r.rbb.ggg.gg.gg]], 
[[r.r.r.r.r.r.r.r][.r.r.r.r.r.r.r.][r.r.r.r.r.r.r.r][.r.r.r.r.r.r.r.][r.r.r.r.r.r.r.r][.r.r.r.r.r.r.r.][r.r.r.r.r.r.r.r][.r.r.r.r.r.r.r.][r.r.r.r.r.r....][.r.r.r.r.r.ggg.][r.r.r.r.r......][.r.r.r.r.rg....][r.r.r.r.r..g...][.r.r.rbbggg.g.g][r.rb.gggg.gg.gg]], 
[[r.r.r.r.r.r.r.r][.r.r.r.r.r.r.r.][r.r.r.r.r.r.r.r][.r.r.r.r.r.r.r.][r.r.r.r.r.r.r.r][.r.r.r.r.r.r.r.][r.r.r.r.r.r.r.r][.r.r.r.r.r.r.r.][r.r.r.r.r.r....][.r.r.r.r.r.rgg.][r.r.r.r.r.g....][.r.r.r.r.r.....][r.r.r.r.r.g....][.r.r.rbbbgg.g.g][r.r.ggggg.gg.gg]], 
[[r.r.r.r.r.r.r.r][.r.r.r.r.r.r.r.][r.r.r.r.r.r.r.r][.r.r.r.r.r.r.r.][r.r.r.r.r.r.r.r][.r.r.r.r.r.r.r.][r.r.r.r.r.r.r.r][.r.r.r.r.r.r.r.][r.r.r.r.r.r.g..][.r.r.r.r.r.r.g.][r.r.r.r.r.r....][.r.r.r.r.r.....][r.r.r.r.r.g....][.r.r.rbbbbg.g.g][r.r.rgggg.gg.gg]], 
[[r.r.r.r.r.r.r.r][.r.r.r.r.r.r.r.][r.r.r.r.r.r.r.r][.r.r.r.r.r.r.r.][r.r.r.r.r.r.r.r][.r.r.r.r.r.r.r.][r.r.r.r.r.r.r.r][.r.r.r.r.r.r.r.][r.r.r.r.r.r.r..][.r.r.r.r.r.r.g.][r.r.r.r.r.r....][.r.r.r.r.r.....][r.r.r.r.r.r....][.r.r.rbbbb.gg.g][r.r.rbggg.gg.gg]], 
[[r.r.r.r.r.r.r.r][.r.r.r.r.r.r.r.][r.r.r.r.r.r.r.r][.r.r.r.r.r.r.r.][r.r.r.r.r.r.r.r][.r.r.r.r.r.r.r.][r.r.r.r.r.r.r.r][.r.r.r.r.r.r.r.][r.r.r.r.r.r.r..][.r.r.r.r.r.r.r.][r.r.r.r.r.r....][.r.r.r.r.r.....][r.r.r.r.r.r....][.r.r.rbbb.ggg.g][r.r.rbggg.gg.gg]], 
[[r.r.r.r.r.r.r.r][.r.r.r.r.r.r.r.][r.r.r.r.r.r.r.r][.r.r.r.r.r.r.r.][r.r.r.r.r.r.r.r][.r.r.r.r.r.r.r.][r.r.r.r.r.r.r.r][.r.r.r.r.r.r.r.][r.r.r.r.r.r.r..][.r.r.r.r.r.r.r.][r.r.r.r.r.r....][.r.r.r.r.r.....][r.r.r.r.r.r....][.r.r.rbb.gggg.g][r.r.rbggg.gg.gg]], 
[[r.r.r.r.r.r.r.r][.r.r.r.r.r.r.r.][r.r.r.r.r.r.r.r][.r.r.r.r.r.r.r.][r.r.r.r.r.r.r.r][.r.r.r.r.r.r.r.][r.r.r.r.r.r.r.r][.r.r.r.r.r.r.r.][r.r.r.r.r.r.r..][.r.r.r.r.r.r.r.][r.r.r.r.r.r....][.r.r.r.r.r.....][r.r.r.r.r.r....][.r.r.rb.ggggg.g][r.r.rbggg.gg.gg]], 
[[r.r.r.r.r.r.r.r][.r.r.r.r.r.r.r.][r.r.r.r.r.r.r.r][.r.r.r.r.r.r.r.][r.r.r.r.r.r.r.r][.r.r.r.r.r.r.r.][r.r.r.r.r.r.r.r][.r.r.r.r.r.r.r.][r.r.r.r.r.r.r..][.r.r.r.r.r.r.r.][r.r.r.r.r.r....][.r.r.r.r.r.....][r.r.r.r.r.r....][.r.r.r.gggggg.g][r.r.rbggg.gg.gg]], 
[[r.r.r.r.r.r.r.r][.r.r.r.r.r.r.r.][r.r.r.r.r.r.r.r][.r.r.r.r.r.r.r.][r.r.r.r.r.r.r.r][.r.r.r.r.r.r.r.][r.r.r.r.r.r.r.r][.r.r.r.r.r.r.r.][r.r.r.r.r.r.r..][.r.r.r.r.r.r.r.][r.r.r.r.r.r....][.r.r.r.r.r.....][r.r.r.r.r.r....][.r.r.r.rggggg.g][r.r.rbbgg.gg.gg]], 
[[r.r.r.r.r.r.r.r][.r.r.r.r.r.r.r.][r.r.r.r.r.r.r.r][.r.r.r.r.r.r.r.][r.r.r.r.r.r.r.r][.r.r.r.r.r.r.r.][r.r.r.r.r.r.r.r][.r.r.r.r.r.r.r.][r.r.r.r.r.r.r..][.r.r.r.r.r.r.r.][r.r.r.r.r.r....][.r.r.r.r.r.....][r.r.r.r.r.r....][.r.r.r.rbgggg.g][r.r.rbbbg.gg.gg]], 
[[r.r.r.r.r.r.r.r][.r.r.r.r.r.r.r.][r.r.r.r.r.r.r.r][.r.r.r.r.r.r.r.][r.r.r.r.r.r.r.r][.r.r.r.r.r.r.r.][r.r.r.r.r.r.r.r][.r.r.r.r.r.r.r.][r.r.r.r.r.r.r..][.r.r.r.r.r.r.r.][r.r.r.r.r.r....][.r.r.r.r.r.....][r.r.r.r.r.r....][.r.r.r.rbbggg.g][r.r.rbbb.ggg.gg]], 
[[r.r.r.r.r.r.r.r][.r.r.r.r.r.r.r.][r.r.r.r.r.r.r.r][.r.r.r.r.r.r.r.][r.r.r.r.r.r.r.r][.r.r.r.r.r.r.r.][r.r.r.r.r.r.r.r][.r.r.r.r.r.r.r.][r.r.r.r.r.r.r..][.r.r.r.r.r.r.r.][r.r.r.r.r.r....][.r.r.r.r.r.....][r.r.r.r.r.r....][.r.r.r.rbbbgg.g][r.r.rbb.gggg.gg]], 
[[r.r.r.r.r.r.r.r][.r.r.r.r.r.r.r.][r.r.r.r.r.r.r.r][.r.r.r.r.r.r.r.][r.r.r.r.r.r.r.r][.r.r.r.r.r.r.r.][r.r.r.r.r.r.r.r][.r.r.r.r.r.r.r.][r.r.r.r.r.r.r..][.r.r.r.r.r.r.r.][r.r.r.r.r.r....][.r.r.r.r.r.....][r.r.r.r.r.rg...][.r.r.r.rbbb.g.g][r.r.rb.ggggg.gg]], 
[[r.r.r.r.r.r.r.r][.r.r.r.r.r.r.r.][r.r.r.r.r.r.r.r][.r.r.r.r.r.r.r.][r.r.r.r.r.r.r.r][.r.r.r.r.r.r.r.][r.r.r.r.r.r.r.r][.r.r.r.r.r.r.r.][r.r.r.r.r.r.r..][.r.r.r.r.r.r.r.][r.r.r.r.r.r....][.r.r.r.r.r.g...][r.r.r.r.r.r....][.r.r.r.rbb.gg.g][r.r.r.gggggg.gg]], 
[[r.r.r.r.r.r.r.r][.r.r.r.r.r.r.r.][r.r.r.r.r.r.r.r][.r.r.r.r.r.r.r.][r.r.r.r.r.r.r.r][.r.r.r.r.r.r.r.][r.r.r.r.r.r.r.r][.r.r.r.r.r.r.r.][r.r.r.r.r.r.r..][.r.r.r.r.r.r.r.][r.r.r.r.r.r....][.r.r.r.r.r.r...][r.r.r.r.r.r....][.r.r.r.rb.ggg.g][r.r.r.rggggg.gg]], 
[[r.r.r.r.r.r.r.r][.r.r.r.r.r.r.r.][r.r.r.r.r.r.r.r][.r.r.r.r.r.r.r.][r.r.r.r.r.r.r.r][.r.r.r.r.r.r.r.][r.r.r.r.r.r.r.r][.r.r.r.r.r.r.r.][r.r.r.r.r.r.r..][.r.r.r.r.r.r.r.][r.r.r.r.r.r....][.r.r.r.r.r.r...][r.r.r.r.r.r....][.r.r.r.r.gggg.g][r.r.r.rbgggg.gg]], 
[[r.r.r.r.r.r.r.r][.r.r.r.r.r.r.r.][r.r.r.r.r.r.r.r][.r.r.r.r.r.r.r.][r.r.r.r.r.r.r.r][.r.r.r.r.r.r.r.][r.r.r.r.r.r.r.r][.r.r.r.r.r.r.r.][r.r.r.r.r.r.r..][.r.r.r.r.r.r.r.][r.r.r.r.r.r....][.r.r.r.r.r.r...][r.r.r.r.r.r....][.r.r.r.r.rggg.g][r.r.r.rbbggg.gg]], 
[[r.r.r.r.r.r.r.r][.r.r.r.r.r.r.r.][r.r.r.r.r.r.r.r][.r.r.r.r.r.r.r.][r.r.r.r.r.r.r.r][.r.r.r.r.r.r.r.][r.r.r.r.r.r.r.r][.r.r.r.r.r.r.r.][r.r.r.r.r.r.r..][.r.r.r.r.r.r.r.][r.r.r.r.r.r....][.r.r.r.r.r.r...][r.r.r.r.r.r....][.r.r.r.r.rbgg.g][r.r.r.rbbbgg.gg]], 
[[r.r.r.r.r.r.r.r][.r.r.r.r.r.r.r.][r.r.r.r.r.r.r.r][.r.r.r.r.r.r.r.][r.r.r.r.r.r.r.r][.r.r.r.r.r.r.r.][r.r.r.r.r.r.r.r][.r.r.r.r.r.r.r.][r.r.r.r.r.r.r..][.r.r.r.r.r.r.r.][r.r.r.r.r.r....][.r.r.r.r.r.r...][r.r.r.r.r.r....][.r.r.r.r.rbbg.g][r.r.r.rbbbgg.gg]], 
[[r.r.r.r.r.r.r.r][.r.r.r.r.r.r.r.][r.r.r.r.r.r.r.r][.r.r.r.r.r.r.r.][r.r.r.r.r.r.r.r][.r.r.r.r.r.r.r.][r.r.r.r.r.r.r.r][.r.r.r.r.r.r.r.][r.r.r.r.r.r.r..][.r.r.r.r.r.r.r.][r.r.r.r.r.r....][.r.r.r.r.r.r...][r.r.r.r.r.r....][.r.r.r.r.rbb.gg][r.r.r.rbbbgg.gg]], 
[[r.r.r.r.r.r.r.r][.r.r.r.r.r.r.r.][r.r.r.r.r.r.r.r][.r.r.r.r.r.r.r.][r.r.r.r.r.r.r.r][.r.r.r.r.r.r.r.][r.r.r.r.r.r.r.r][.r.r.r.r.r.r.r.][r.r.r.r.r.r.r..][.r.r.r.r.r.r.r.][r.r.r.r.r.r....][.r.r.r.r.r.r...][r.r.r.r.r.r....][.r.r.r.r.rb.ggg][r.r.r.rbbbgg.gg]], 
[[r.r.r.r.r.r.r.r][.r.r.r.r.r.r.r.][r.r.r.r.r.r.r.r][.r.r.r.r.r.r.r.][r.r.r.r.r.r.r.r][.r.r.r.r.r.r.r.][r.r.r.r.r.r.r.r][.r.r.r.r.r.r.r.][r.r.r.r.r.r.r..][.r.r.r.r.r.r.r.][r.r.r.r.r.r....][.r.r.r.r.r.r...][r.r.r.r.r.r....][.r.r.r.r.r.gggg][r.r.r.rbbbgg.gg]], 
[[r.r.r.r.r.r.r.r][.r.r.r.r.r.r.r.][r.r.r.r.r.r.r.r][.r.r.r.r.r.r.r.][r.r.r.r.r.r.r.r][.r.r.r.r.r.r.r.][r.r.r.r.r.r.r.r][.r.r.r.r.r.r.r.][r.r.r.r.r.r.r..][.r.r.r.r.r.r.r.][r.r.r.r.r.r....][.r.r.r.r.r.r...][r.r.r.r.r.r....][.r.r.r.r.r.rggg][r.r.r.rbbbbg.gg]], 
[[r.r.r.r.r.r.r.r][.r.r.r.r.r.r.r.][r.r.r.r.r.r.r.r][.r.r.r.r.r.r.r.][r.r.r.r.r.r.r.r][.r.r.r.r.r.r.r.][r.r.r.r.r.r.r.r][.r.r.r.r.r.r.r.][r.r.r.r.r.r.r..][.r.r.r.r.r.r.r.][r.r.r.r.r.r....][.r.r.r.r.r.r...][r.r.r.r.r.r.g..][.r.r.r.r.r.r.gg][r.r.r.rbbbb.ggg]], 
[[r.r.r.r.r.r.r.r][.r.r.r.r.r.r.r.][r.r.r.r.r.r.r.r][.r.r.r.r.r.r.r.][r.r.r.r.r.r.r.r][.r.r.r.r.r.r.r.][r.r.r.r.r.r.r.r][.r.r.r.r.r.r.r.][r.r.r.r.r.r.r..][.r.r.r.r.r.r.r.][r.r.r.r.r.r....][.r.r.r.r.r.rg..][r.r.r.r.r.r....][.r.r.r.r.r.r.gg][r.r.r.rbbb.gggg]], 
[[r.r.r.r.r.r.r.r][.r.r.r.r.r.r.r.][r.r.r.r.r.r.r.r][.r.r.r.r.r.r.r.][r.r.r.r.r.r.r.r][.r.r.r.r.r.r.r.][r.r.r.r.r.r.r.r][.r.r.r.r.r.r.r.][r.r.r.r.r.r.r..][.r.r.r.r.r.r.r.][r.r.r.r.r.r.g..][.r.r.r.r.r.r...][r.r.r.r.r.r....][.r.r.r.r.r.rg.g][r.r.r.rbb.ggggg]], 
[[r.r.r.r.r.r.r.r][.r.r.r.r.r.r.r.][r.r.r.r.r.r.r.r][.r.r.r.r.r.r.r.][r.r.r.r.r.r.r.r][.r.r.r.r.r.r.r.][r.r.r.r.r.r.r.r][.r.r.r.r.r.r.r.][r.r.r.r.r.r.r..][.r.r.r.r.r.r.r.][r.r.r.r.r.r.r..][.r.r.r.r.r.r...][r.r.r.r.r.r.g..][.r.r.r.r.r.r..g][r.r.r.rb.gggggg]], 
[[r.r.r.r.r.r.r.r][.r.r.r.r.r.r.r.][r.r.r.r.r.r.r.r][.r.r.r.r.r.r.r.][r.r.r.r.r.r.r.r][.r.r.r.r.r.r.r.][r.r.r.r.r.r.r.r][.r.r.r.r.r.r.r.][r.r.r.r.r.r.r..][.r.r.r.r.r.r.r.][r.r.r.r.r.r.r..][.r.r.r.r.r.r...][r.r.r.r.r.r.r..][.r.r.r.r.r.r.g.][r.r.r.r.ggggggg]], 
[[r.r.r.r.r.r.r.r][.r.r.r.r.r.r.r.][r.r.r.r.r.r.r.r][.r.r.r.r.r.r.r.][r.r.r.r.r.r.r.r][.r.r.r.r.r.r.r.][r.r.r.r.r.r.r.r][.r.r.r.r.r.r.r.][r.r.r.r.r.r.r..][.r.r.r.r.r.r.r.][r.r.r.r.r.r.r..][.r.r.r.r.r.r...][r.r.r.r.r.r.rg.][.r.r.r.r.r.r...][r.r.r.r.rgggggg]], 
[[r.r.r.r.r.r.r.r][.r.r.r.r.r.r.r.][r.r.r.r.r.r.r.r][.r.r.r.r.r.r.r.][r.r.r.r.r.r.r.r][.r.r.r.r.r.r.r.][r.r.r.r.r.r.r.r][.r.r.r.r.r.r.r.][r.r.r.r.r.r.r..][.r.r.r.r.r.r.r.][r.r.r.r.r.r.r..][.r.r.r.r.r.r.g.][r.r.r.r.r.r.r..][.r.r.r.r.r.r...][r.r.r.r.rbggggg]], 
